Archive member included because of file (symbol)

d:/program files (x86)/microchip/mplabc32/v2.02/bin/../lib/gcc/pic32mx/4.5.1/size\libgcc.a(_udivdi3.o)
                              Objects - TCPIP Demo App - C32 - PIC32_ENET_SK_DM320004_INTERNAL_ETHERNET\AutoIP.o (__udivdi3)
d:/program files (x86)/microchip/mplabc32/v2.02/bin/../lib/gcc/pic32mx/4.5.1/size\libgcc.a(floatunsisf.o)
                              Objects - TCPIP Demo App - C32 - PIC32_ENET_SK_DM320004_INTERNAL_ETHERNET\CustomHTTPApp.o (__floatunsisf)
d:/program files (x86)/microchip/mplabc32/v2.02/bin/../lib/gcc/pic32mx/4.5.1/../../../../pic32mx/lib/size\libc.a(memcmp.o)
                              Objects - TCPIP Demo App - C32 - PIC32_ENET_SK_DM320004_INTERNAL_ETHERNET\ETHPIC32IntMac.o (memcmp)
d:/program files (x86)/microchip/mplabc32/v2.02/bin/../lib/gcc/pic32mx/4.5.1/../../../../pic32mx/lib/size\libc.a(memcpy.o)
                              Objects - TCPIP Demo App - C32 - PIC32_ENET_SK_DM320004_INTERNAL_ETHERNET\Announce.o (memcpy)
d:/program files (x86)/microchip/mplabc32/v2.02/bin/../lib/gcc/pic32mx/4.5.1/../../../../pic32mx/lib/size\libc.a(memset.o)
                              Objects - TCPIP Demo App - C32 - PIC32_ENET_SK_DM320004_INTERNAL_ETHERNET\DynDNS.o (memset)
d:/program files (x86)/microchip/mplabc32/v2.02/bin/../lib/gcc/pic32mx/4.5.1/../../../../pic32mx/lib/size\libc.a(strcmp.o)
                              Objects - TCPIP Demo App - C32 - PIC32_ENET_SK_DM320004_INTERNAL_ETHERNET\DynDNS.o (strcmp)
d:/program files (x86)/microchip/mplabc32/v2.02/bin/../lib/gcc/pic32mx/4.5.1/../../../../pic32mx/lib/size\libc.a(strcpy.o)
                              Objects - TCPIP Demo App - C32 - PIC32_ENET_SK_DM320004_INTERNAL_ETHERNET\HTTP2.o (strcpy)
d:/program files (x86)/microchip/mplabc32/v2.02/bin/../lib/gcc/pic32mx/4.5.1/../../../../pic32mx/lib/size\libc.a(strlen.o)
                              Objects - TCPIP Demo App - C32 - PIC32_ENET_SK_DM320004_INTERNAL_ETHERNET\DynDNS.o (strlen)
d:/program files (x86)/microchip/mplabc32/v2.02/bin/../lib/gcc/pic32mx/4.5.1/../../../../pic32mx/lib/size\libc.a(general-exception.o)
                              d:/program files (x86)/microchip/mplabc32/v2.02/bin/../lib/gcc/pic32mx/4.5.1/../../../../pic32mx/lib/size/crt0.o (_general_exception_context)
d:/program files (x86)/microchip/mplabc32/v2.02/bin/../lib/gcc/pic32mx/4.5.1/../../../../pic32mx/lib/size\libc.a(atoi.o)
                              Objects - TCPIP Demo App - C32 - PIC32_ENET_SK_DM320004_INTERNAL_ETHERNET\SMTP.o (atoi)
d:/program files (x86)/microchip/mplabc32/v2.02/bin/../lib/gcc/pic32mx/4.5.1/../../../../pic32mx/lib/size\libc.a(atol.o)
                              Objects - TCPIP Demo App - C32 - PIC32_ENET_SK_DM320004_INTERNAL_ETHERNET\HTTP2.o (atol)
d:/program files (x86)/microchip/mplabc32/v2.02/bin/../lib/gcc/pic32mx/4.5.1/../../../../pic32mx/lib/size\libc.a(calloc.o)
                              Objects - TCPIP Demo App - C32 - PIC32_ENET_SK_DM320004_INTERNAL_ETHERNET\ETHPIC32IntMac.o (calloc)
d:/program files (x86)/microchip/mplabc32/v2.02/bin/../lib/gcc/pic32mx/4.5.1/../../../../pic32mx/lib/size\libc.a(ctime.o)
                              Objects - TCPIP Demo App - C32 - PIC32_ENET_SK_DM320004_INTERNAL_ETHERNET\CustomHTTPApp.o (gmtime)
d:/program files (x86)/microchip/mplabc32/v2.02/bin/../lib/gcc/pic32mx/4.5.1/../../../../pic32mx/lib/size\libc.a(ctype.o)
                              d:/program files (x86)/microchip/mplabc32/v2.02/bin/../lib/gcc/pic32mx/4.5.1/../../../../pic32mx/lib/size\libc.a(atoi.o) (_ctype)
d:/program files (x86)/microchip/mplabc32/v2.02/bin/../lib/gcc/pic32mx/4.5.1/../../../../pic32mx/lib/size\libc.a(malloc.o)
                              d:/program files (x86)/microchip/mplabc32/v2.02/bin/../lib/gcc/pic32mx/4.5.1/../../../../pic32mx/lib/size\libc.a(calloc.o) (malloc)
d:/program files (x86)/microchip/mplabc32/v2.02/bin/../lib/gcc/pic32mx/4.5.1/../../../../pic32mx/lib/size\libc.a(strcat.o)
                              Objects - TCPIP Demo App - C32 - PIC32_ENET_SK_DM320004_INTERNAL_ETHERNET\CustomHTTPApp.o (strcat)
d:/program files (x86)/microchip/mplabc32/v2.02/bin/../lib/gcc/pic32mx/4.5.1/../../../../pic32mx/lib/size\libc.a(strchr.o)
                              Objects - TCPIP Demo App - C32 - PIC32_ENET_SK_DM320004_INTERNAL_ETHERNET\SMTP.o (strchr)
d:/program files (x86)/microchip/mplabc32/v2.02/bin/../lib/gcc/pic32mx/4.5.1/../../../../pic32mx/lib/size\libc.a(strstr.o)
                              Objects - TCPIP Demo App - C32 - PIC32_ENET_SK_DM320004_INTERNAL_ETHERNET\SMTP.o (strstr)
d:/program files (x86)/microchip/mplabc32/v2.02/bin/../lib/gcc/pic32mx/4.5.1/../../../../pic32mx/lib/size\libc.a(sprintf_cdfFnopuxX.eo)
                              Objects - TCPIP Demo App - C32 - PIC32_ENET_SK_DM320004_INTERNAL_ETHERNET\CustomHTTPApp.o (_sprintf_cdfFnopuxX)
[...]
Memory Configuration

Name             Origin             Length             Attributes
kseg0_program_mem 0x9d000000         0x00080000         xr
kseg0_boot_mem   0x9fc00490         0x00000970
exception_mem    0x9fc01000         0x00001000
kseg1_boot_mem   0xbfc00000         0x00000490
debug_exec_mem   0xbfc02000         0x00000ff0
config3          0xbfc02ff0         0x00000004
config2          0xbfc02ff4         0x00000004
config1          0xbfc02ff8         0x00000004
config0          0xbfc02ffc         0x00000004
kseg1_data_mem   0xa0000000         0x00020000         w !x
sfrs             0xbf800000         0x00100000
configsfrs       0xbfc02ff0         0x00000010
*default*        0x00000000         0xffffffff

Linker script and memory map

LOAD d:/program files (x86)/microchip/mplabc32/v2.02/bin/../lib/gcc/pic32mx/4.5.1/../../../../pic32mx/lib/size/crt0.o
LOAD Objects - TCPIP Demo App - C32 - PIC32_ENET_SK_DM320004_INTERNAL_ETHERNET\Announce.o
LOAD Objects - TCPIP Demo App - C32 - PIC32_ENET_SK_DM320004_INTERNAL_ETHERNET\ARCFOUR.o
LOAD Objects - TCPIP Demo App - C32 - PIC32_ENET_SK_DM320004_INTERNAL_ETHERNET\ARP.o
LOAD Objects - TCPIP Demo App - C32 - PIC32_ENET_SK_DM320004_INTERNAL_ETHERNET\AutoIP.o
LOAD Objects - TCPIP Demo App - C32 - PIC32_ENET_SK_DM320004_INTERNAL_ETHERNET\BerkeleyAPI.o
LOAD Objects - TCPIP Demo App - C32 - PIC32_ENET_SK_DM320004_INTERNAL_ETHERNET\BigInt.o
LOAD Objects - TCPIP Demo App - C32 - PIC32_ENET_SK_DM320004_INTERNAL_ETHERNET\Delay.o
LOAD Objects - TCPIP Demo App - C32 - PIC32_ENET_SK_DM320004_INTERNAL_ETHERNET\DHCP.o
LOAD Objects - TCPIP Demo App - C32 - PIC32_ENET_SK_DM320004_INTERNAL_ETHERNET\DHCPs.o
LOAD Objects - TCPIP Demo App - C32 - PIC32_ENET_SK_DM320004_INTERNAL_ETHERNET\DNS.o
LOAD Objects - TCPIP Demo App - C32 - PIC32_ENET_SK_DM320004_INTERNAL_ETHERNET\DNSs.o
LOAD Objects - TCPIP Demo App - C32 - PIC32_ENET_SK_DM320004_INTERNAL_ETHERNET\DynDNS.o
LOAD Objects - TCPIP Demo App - C32 - PIC32_ENET_SK_DM320004_INTERNAL_ETHERNET\ENC28J60.o
LOAD Objects - TCPIP Demo App - C32 - PIC32_ENET_SK_DM320004_INTERNAL_ETHERNET\ENCX24J600.o
LOAD Objects - TCPIP Demo App - C32 - PIC32_ENET_SK_DM320004_INTERNAL_ETHERNET\ETHPIC32ExtPhy.o
LOAD Objects - TCPIP Demo App - C32 - PIC32_ENET_SK_DM320004_INTERNAL_ETHERNET\ETHPIC32ExtPhyDP83848.o
LOAD Objects - TCPIP Demo App - C32 - PIC32_ENET_SK_DM320004_INTERNAL_ETHERNET\ETHPIC32IntMac.o
LOAD Objects - TCPIP Demo App - C32 - PIC32_ENET_SK_DM320004_INTERNAL_ETHERNET\FileSystem.o
LOAD Objects - TCPIP Demo App - C32 - PIC32_ENET_SK_DM320004_INTERNAL_ETHERNET\FTP.o
LOAD Objects - TCPIP Demo App - C32 - PIC32_ENET_SK_DM320004_INTERNAL_ETHERNET\Hashes.o
LOAD Objects - TCPIP Demo App - C32 - PIC32_ENET_SK_DM320004_INTERNAL_ETHERNET\Helpers.o
LOAD Objects - TCPIP Demo App - C32 - PIC32_ENET_SK_DM320004_INTERNAL_ETHERNET\HTTP2.o
LOAD Objects - TCPIP Demo App - C32 - PIC32_ENET_SK_DM320004_INTERNAL_ETHERNET\HTTP.o
LOAD Objects - TCPIP Demo App - C32 - PIC32_ENET_SK_DM320004_INTERNAL_ETHERNET\ICMP.o
LOAD Objects - TCPIP Demo App - C32 - PIC32_ENET_SK_DM320004_INTERNAL_ETHERNET\IP.o
LOAD Objects - TCPIP Demo App - C32 - PIC32_ENET_SK_DM320004_INTERNAL_ETHERNET\LCDBlocking.o
LOAD Objects - TCPIP Demo App - C32 - PIC32_ENET_SK_DM320004_INTERNAL_ETHERNET\MPFS2.o
LOAD Objects - TCPIP Demo App - C32 - PIC32_ENET_SK_DM320004_INTERNAL_ETHERNET\MPFS.o
LOAD Objects - TCPIP Demo App - C32 - PIC32_ENET_SK_DM320004_INTERNAL_ETHERNET\NBNS.o
LOAD Objects - TCPIP Demo App - C32 - PIC32_ENET_SK_DM320004_INTERNAL_ETHERNET\Random.o
LOAD Objects - TCPIP Demo App - C32 - PIC32_ENET_SK_DM320004_INTERNAL_ETHERNET\Reboot.o
LOAD Objects - TCPIP Demo App - C32 - PIC32_ENET_SK_DM320004_INTERNAL_ETHERNET\RSA.o
LOAD Objects - TCPIP Demo App - C32 - PIC32_ENET_SK_DM320004_INTERNAL_ETHERNET\SMTP.o
LOAD Objects - TCPIP Demo App - C32 - PIC32_ENET_SK_DM320004_INTERNAL_ETHERNET\SNMP.o
LOAD Objects - TCPIP Demo App - C32 - PIC32_ENET_SK_DM320004_INTERNAL_ETHERNET\SNMPv3.o
LOAD Objects - TCPIP Demo App - C32 - PIC32_ENET_SK_DM320004_INTERNAL_ETHERNET\SNMPv3USM.o
LOAD Objects - TCPIP Demo App - C32 - PIC32_ENET_SK_DM320004_INTERNAL_ETHERNET\SNTP.o
LOAD Objects - TCPIP Demo App - C32 - PIC32_ENET_SK_DM320004_INTERNAL_ETHERNET\SPIEEPROM.o
LOAD Objects - TCPIP Demo App - C32 - PIC32_ENET_SK_DM320004_INTERNAL_ETHERNET\SPIFlash.o
LOAD Objects - TCPIP Demo App - C32 - PIC32_ENET_SK_DM320004_INTERNAL_ETHERNET\SPIRAM.o
LOAD Objects - TCPIP Demo App - C32 - PIC32_ENET_SK_DM320004_INTERNAL_ETHERNET\SSL.o
LOAD Objects - TCPIP Demo App - C32 - PIC32_ENET_SK_DM320004_INTERNAL_ETHERNET\StackTsk.o
LOAD Objects - TCPIP Demo App - C32 - PIC32_ENET_SK_DM320004_INTERNAL_ETHERNET\TCP.o
LOAD Objects - TCPIP Demo App - C32 - PIC32_ENET_SK_DM320004_INTERNAL_ETHERNET\TCPPerformanceTest.o
LOAD Objects - TCPIP Demo App - C32 - PIC32_ENET_SK_DM320004_INTERNAL_ETHERNET\Telnet.o
LOAD Objects - TCPIP Demo App - C32 - PIC32_ENET_SK_DM320004_INTERNAL_ETHERNET\TFTPc.o
LOAD Objects - TCPIP Demo App - C32 - PIC32_ENET_SK_DM320004_INTERNAL_ETHERNET\Tick.o
LOAD Objects - TCPIP Demo App - C32 - PIC32_ENET_SK_DM320004_INTERNAL_ETHERNET\UART2TCPBridge.o
LOAD Objects - TCPIP Demo App - C32 - PIC32_ENET_SK_DM320004_INTERNAL_ETHERNET\UART.o
LOAD Objects - TCPIP Demo App - C32 - PIC32_ENET_SK_DM320004_INTERNAL_ETHERNET\UDP.o
LOAD Objects - TCPIP Demo App - C32 - PIC32_ENET_SK_DM320004_INTERNAL_ETHERNET\UDPPerformanceTest.o
LOAD Objects - TCPIP Demo App - C32 - PIC32_ENET_SK_DM320004_INTERNAL_ETHERNET\ZeroconfHelper.o
LOAD Objects - TCPIP Demo App - C32 - PIC32_ENET_SK_DM320004_INTERNAL_ETHERNET\ZeroconfLinkLocal.o
LOAD Objects - TCPIP Demo App - C32 - PIC32_ENET_SK_DM320004_INTERNAL_ETHERNET\ZeroconfMulticastDNS.o
LOAD Objects - TCPIP Demo App - C32 - PIC32_ENET_SK_DM320004_INTERNAL_ETHERNET\CustomHTTPApp.o
LOAD Objects - TCPIP Demo App - C32 - PIC32_ENET_SK_DM320004_INTERNAL_ETHERNET\CustomSNMPApp.o
LOAD Objects - TCPIP Demo App - C32 - PIC32_ENET_SK_DM320004_INTERNAL_ETHERNET\CustomSSLCert.o
LOAD Objects - TCPIP Demo App - C32 - PIC32_ENET_SK_DM320004_INTERNAL_ETHERNET\MainDemo.o
LOAD Objects - TCPIP Demo App - C32 - PIC32_ENET_SK_DM320004_INTERNAL_ETHERNET\BerkeleyTCPClientDemo.o
LOAD Objects - TCPIP Demo App - C32 - PIC32_ENET_SK_DM320004_INTERNAL_ETHERNET\BerkeleyTCPServerDemo.o
LOAD Objects - TCPIP Demo App - C32 - PIC32_ENET_SK_DM320004_INTERNAL_ETHERNET\BerkeleyUDPClientDemo.o
LOAD Objects - TCPIP Demo App - C32 - PIC32_ENET_SK_DM320004_INTERNAL_ETHERNET\GenericTCPClient.o
LOAD Objects - TCPIP Demo App - C32 - PIC32_ENET_SK_DM320004_INTERNAL_ETHERNET\GenericTCPServer.o
LOAD Objects - TCPIP Demo App - C32 - PIC32_ENET_SK_DM320004_INTERNAL_ETHERNET\LegacyHTTPApp.o
LOAD Objects - TCPIP Demo App - C32 - PIC32_ENET_SK_DM320004_INTERNAL_ETHERNET\PingDemo.o
LOAD Objects - TCPIP Demo App - C32 - PIC32_ENET_SK_DM320004_INTERNAL_ETHERNET\SMTPDemo.o
LOAD Objects - TCPIP Demo App - C32 - PIC32_ENET_SK_DM320004_INTERNAL_ETHERNET\UARTConfig.o
LOAD Objects - TCPIP Demo App - C32 - PIC32_ENET_SK_DM320004_INTERNAL_ETHERNET\MPFSImg2.o
LOAD Objects - TCPIP Demo App - C32 - PIC32_ENET_SK_DM320004_INTERNAL_ETHERNET\MPFSImg.o
LOAD Objects - TCPIP Demo App - C32 - PIC32_ENET_SK_DM320004_INTERNAL_ETHERNET\BigInt_helper_C32.o
LOAD Objects - TCPIP Demo App - C32 - PIC32_ENET_SK_DM320004_INTERNAL_ETHERNET\mbmc.o
LOAD Objects - TCPIP Demo App - C32 - PIC32_ENET_SK_DM320004_INTERNAL_ETHERNET\crc8_fast.o
LOAD L:\sw_monitor\Microchip\Crypto\AES_PIC32MX.a
                0x00000001                __MPLAB_BUILD = 0x1
                0x00003e80                _min_heap_size = 0x3e80
                0x00000800                _min_stack_size = 0x800
LOAD d:/program files (x86)/microchip/mplabc32/v2.02/bin/../lib/gcc/pic32mx/4.5.1/size\libgcc.a
START GROUP
LOAD d:/program files (x86)/microchip/mplabc32/v2.02/bin/../lib/gcc/pic32mx/4.5.1/../../../../pic32mx/lib/size\libdebug.a
LOAD d:/program files (x86)/microchip/mplabc32/v2.02/bin/../lib/gcc/pic32mx/4.5.1/../../../../pic32mx/lib/size\libc.a
LOAD d:/program files (x86)/microchip/mplabc32/v2.02/bin/../lib/gcc/pic32mx/4.5.1/../../../../pic32mx/lib/size\libm.a
LOAD d:/program files (x86)/microchip/mplabc32/v2.02/bin/../lib/gcc/pic32mx/4.5.1/../../../../pic32mx/lib/size\libe.a
LOAD d:/program files (x86)/microchip/mplabc32/v2.02/bin/../lib/gcc/pic32mx/4.5.1/../../../../pic32mx/lib/size\libdsp.a
LOAD d:/program files (x86)/microchip/mplabc32/v2.02/bin/../lib/gcc/pic32mx/4.5.1/../../../../pic32mx/lib/size\libmchp_peripheral.a
LOAD d:/program files (x86)/microchip/mplabc32/v2.02/bin/../lib/gcc/pic32mx/4.5.1/../../../../pic32mx/lib/size\libmchp_peripheral_32MX795F512L.a
END GROUP
LOAD d:/program files (x86)/microchip/mplabc32/v2.02/bin/../lib/gcc/pic32mx/4.5.1/size\libgcc.a
                0x00000400                PROVIDE (_min_stack_size, 0x400)
                0x00000000                PROVIDE (_min_heap_size, 0x0)
LOAD d:/program files (x86)/microchip/mplabc32/v2.02/bin/../lib/gcc/pic32mx/4.5.1/../../../../pic32mx/lib/./proc/32MX795F512L\processor.o
                0x00000001                PROVIDE (_vector_spacing, 0x1)
                0x9fc01000                _ebase_address = 0x9fc01000
                0xbfc00000                _RESET_ADDR = 0xbfc00000
                0xbfc00380                _BEV_EXCPT_ADDR = 0xbfc00380
                0xbfc00480                _DBG_EXCPT_ADDR = 0xbfc00480
                0xbfc02000                _DBG_CODE_ADDR = 0xbfc02000
                0x00000ff0                _DBG_CODE_SIZE = 0xff0
                0x9fc01180                _GEN_EXCPT_ADDR = (_ebase_address + 0x180)

.config_BFC02FF0
                0xbfc02ff0        0x4
 *(.config_BFC02FF0)
 .config_BFC02FF0
                0xbfc02ff0        0x4 Objects - TCPIP Demo App - C32 - PIC32_ENET_SK_DM320004_INTERNAL_ETHERNET\MainDemo.o

.config_BFC02FF4
                0xbfc02ff4        0x4
 *(.config_BFC02FF4)
 .config_BFC02FF4
                0xbfc02ff4        0x4 Objects - TCPIP Demo App - C32 - PIC32_ENET_SK_DM320004_INTERNAL_ETHERNET\MainDemo.o

.config_BFC02FF8
                0xbfc02ff8        0x4
 *(.config_BFC02FF8)
 .config_BFC02FF8
                0xbfc02ff8        0x4 Objects - TCPIP Demo App - C32 - PIC32_ENET_SK_DM320004_INTERNAL_ETHERNET\MainDemo.o

.config_BFC02FFC
                0xbfc02ffc        0x4
 *(.config_BFC02FFC)
 .config_BFC02FFC
                0xbfc02ffc        0x4 Objects - TCPIP Demo App - C32 - PIC32_ENET_SK_DM320004_INTERNAL_ETHERNET\MainDemo.o
                0xbfc02000                PROVIDE (_DBG_CODE_ADDR, 0xbfc02000)
                0x00000ff0                PROVIDE (_DBG_CODE_SIZE, 0xff0)

.reset          0xbfc00000      0x1f4
 *(.reset)
 .reset         0xbfc00000       0x10 d:/program files (x86)/microchip/mplabc32/v2.02/bin/../lib/gcc/pic32mx/4.5.1/../../../../pic32mx/lib/size/crt0.o
                0xbfc00000                _reset
 *(.reset.startup)
 .reset.startup
                0xbfc00010      0x1e4 d:/program files (x86)/microchip/mplabc32/v2.02/bin/../lib/gcc/pic32mx/4.5.1/../../../../pic32mx/lib/size/crt0.o

.bev_excpt      0xbfc00380       0x10
 *(.bev_handler)
 .bev_handler   0xbfc00380       0x10 d:/program files (x86)/microchip/mplabc32/v2.02/bin/../lib/gcc/pic32mx/4.5.1/../../../../pic32mx/lib/size/crt0.o

.dbg_excpt      0xbfc00480        0x0
                0xbfc00480                . = (. + DEFINED (_DEBUGGER)?0x8:0x0)

.dbg_code       0xbfc02000        0x0
                0xbfc02000                . = (. + DEFINED (_DEBUGGER)?_DBG_CODE_SIZE:0x0)

.app_excpt      0x9fc01180       0x10
 *(.gen_handler)
 .gen_handler   0x9fc01180       0x10 d:/program files (x86)/microchip/mplabc32/v2.02/bin/../lib/gcc/pic32mx/4.5.1/../../../../pic32mx/lib/size/crt0.o

.vector_0       0x9fc01200        0x0
 *(.vector_0)
                0x00000001                ASSERT (((_vector_spacing == 0x0) || (SIZEOF (.vector_0) <= (_vector_spacing << 0x5))), function at exception vector 0 too large)

.vector_1       0x9fc01220        0x0
 *(.vector_1)
                0x00000001                ASSERT (((_vector_spacing == 0x0) || (SIZEOF (.vector_1) <= (_vector_spacing << 0x5))), function at exception vector 1 too large)

.vector_2       0x9fc01240        0x0
 *(.vector_2)
                0x00000001                ASSERT (((_vector_spacing == 0x0) || (SIZEOF (.vector_2) <= (_vector_spacing << 0x5))), function at exception vector 2 too large)

.vector_3       0x9fc01260        0x0
 *(.vector_3)
                0x00000001                ASSERT (((_vector_spacing == 0x0) || (SIZEOF (.vector_3) <= (_vector_spacing << 0x5))), function at exception vector 3 too large)

.vector_4       0x9fc01280        0x8
 *(.vector_4)
 .vector_4      0x9fc01280        0x8 Objects - TCPIP Demo App - C32 - PIC32_ENET_SK_DM320004_INTERNAL_ETHERNET\Tick.o
                0x00000001                ASSERT (((_vector_spacing == 0x0) || (SIZEOF (.vector_4) <= (_vector_spacing << 0x5))), function at exception vector 4 too large)

.vector_5       0x9fc012a0        0x0
 *(.vector_5)
                0x00000001                ASSERT (((_vector_spacing == 0x0) || (SIZEOF (.vector_5) <= (_vector_spacing << 0x5))), function at exception vector 5 too large)

.vector_6       0x9fc012c0        0x0
 *(.vector_6)
                0x00000001                ASSERT (((_vector_spacing == 0x0) || (SIZEOF (.vector_6) <= (_vector_spacing << 0x5))), function at exception vector 6 too large)

.vector_7       0x9fc012e0        0x0
 *(.vector_7)
                0x00000001                ASSERT (((_vector_spacing == 0x0) || (SIZEOF (.vector_7) <= (_vector_spacing << 0x5))), function at exception vector 7 too large)

.vector_8       0x9fc01300        0x0
 *(.vector_8)
                0x00000001                ASSERT (((_vector_spacing == 0x0) || (SIZEOF (.vector_8) <= (_vector_spacing << 0x5))), function at exception vector 8 too large)

.vector_9       0x9fc01320        0x0
 *(.vector_9)
                0x00000001                ASSERT (((_vector_spacing == 0x0) || (SIZEOF (.vector_9) <= (_vector_spacing << 0x5))), function at exception vector 9 too large)

.vector_10      0x9fc01340        0x0
 *(.vector_10)
                0x00000001                ASSERT (((_vector_spacing == 0x0) || (SIZEOF (.vector_10) <= (_vector_spacing << 0x5))), function at exception vector 10 too large)

.vector_11      0x9fc01360        0x0
 *(.vector_11)
                0x00000001                ASSERT (((_vector_spacing == 0x0) || (SIZEOF (.vector_11) <= (_vector_spacing << 0x5))), function at exception vector 11 too large)

.vector_12      0x9fc01380        0x0
 *(.vector_12)
                0x00000001                ASSERT (((_vector_spacing == 0x0) || (SIZEOF (.vector_12) <= (_vector_spacing << 0x5))), function at exception vector 12 too large)

.vector_13      0x9fc013a0        0x0
 *(.vector_13)
                0x00000001                ASSERT (((_vector_spacing == 0x0) || (SIZEOF (.vector_13) <= (_vector_spacing << 0x5))), function at exception vector 13 too large)

.vector_14      0x9fc013c0        0x0
 *(.vector_14)
                0x00000001                ASSERT (((_vector_spacing == 0x0) || (SIZEOF (.vector_14) <= (_vector_spacing << 0x5))), function at exception vector 14 too large)

.vector_15      0x9fc013e0        0x0
 *(.vector_15)
                0x00000001                ASSERT (((_vector_spacing == 0x0) || (SIZEOF (.vector_15) <= (_vector_spacing << 0x5))), function at exception vector 15 too large)

.vector_16      0x9fc01400        0x0
 *(.vector_16)
                0x00000001                ASSERT (((_vector_spacing == 0x0) || (SIZEOF (.vector_16) <= (_vector_spacing << 0x5))), function at exception vector 16 too large)

.vector_17      0x9fc01420        0x0
 *(.vector_17)
                0x00000001                ASSERT (((_vector_spacing == 0x0) || (SIZEOF (.vector_17) <= (_vector_spacing << 0x5))), function at exception vector 17 too large)

.vector_18      0x9fc01440        0x0
 *(.vector_18)
                0x00000001                ASSERT (((_vector_spacing == 0x0) || (SIZEOF (.vector_18) <= (_vector_spacing << 0x5))), function at exception vector 18 too large)

.vector_19      0x9fc01460        0x0
 *(.vector_19)
                0x00000001                ASSERT (((_vector_spacing == 0x0) || (SIZEOF (.vector_19) <= (_vector_spacing << 0x5))), function at exception vector 19 too large)

.vector_20      0x9fc01480        0x0
 *(.vector_20)
                0x00000001                ASSERT (((_vector_spacing == 0x0) || (SIZEOF (.vector_20) <= (_vector_spacing << 0x5))), function at exception vector 20 too large)

.vector_21      0x9fc014a0        0x0
 *(.vector_21)
                0x00000001                ASSERT (((_vector_spacing == 0x0) || (SIZEOF (.vector_21) <= (_vector_spacing << 0x5))), function at exception vector 21 too large)

.vector_22      0x9fc014c0        0x0
 *(.vector_22)
                0x00000001                ASSERT (((_vector_spacing == 0x0) || (SIZEOF (.vector_22) <= (_vector_spacing << 0x5))), function at exception vector 22 too large)

.vector_23      0x9fc014e0        0x0
 *(.vector_23)
                0x00000001                ASSERT (((_vector_spacing == 0x0) || (SIZEOF (.vector_23) <= (_vector_spacing << 0x5))), function at exception vector 23 too large)

.vector_24      0x9fc01500        0x8
 *(.vector_24)
 .vector_24     0x9fc01500        0x8 Objects - TCPIP Demo App - C32 - PIC32_ENET_SK_DM320004_INTERNAL_ETHERNET\mbmc.o
                0x00000001                ASSERT (((_vector_spacing == 0x0) || (SIZEOF (.vector_24) <= (_vector_spacing << 0x5))), function at exception vector 24 too large)

.vector_25      0x9fc01520        0x0
 *(.vector_25)
                0x00000001                ASSERT (((_vector_spacing == 0x0) || (SIZEOF (.vector_25) <= (_vector_spacing << 0x5))), function at exception vector 25 too large)

.vector_26      0x9fc01540        0x0
 *(.vector_26)
                0x00000001                ASSERT (((_vector_spacing == 0x0) || (SIZEOF (.vector_26) <= (_vector_spacing << 0x5))), function at exception vector 26 too large)

.vector_27      0x9fc01560        0x0
 *(.vector_27)
                0x00000001                ASSERT (((_vector_spacing == 0x0) || (SIZEOF (.vector_27) <= (_vector_spacing << 0x5))), function at exception vector 27 too large)

.vector_28      0x9fc01580        0x0
 *(.vector_28)
                0x00000001                ASSERT (((_vector_spacing == 0x0) || (SIZEOF (.vector_28) <= (_vector_spacing << 0x5))), function at exception vector 28 too large)

.vector_29      0x9fc015a0        0x0
 *(.vector_29)
                0x00000001                ASSERT (((_vector_spacing == 0x0) || (SIZEOF (.vector_29) <= (_vector_spacing << 0x5))), function at exception vector 29 too large)

.vector_30      0x9fc015c0        0x0
 *(.vector_30)
                0x00000001                ASSERT (((_vector_spacing == 0x0) || (SIZEOF (.vector_30) <= (_vector_spacing << 0x5))), function at exception vector 30 too large)

.vector_31      0x9fc015e0        0x0
 *(.vector_31)
                0x00000001                ASSERT (((_vector_spacing == 0x0) || (SIZEOF (.vector_31) <= (_vector_spacing << 0x5))), function at exception vector 31 too large)

.vector_32      0x9fc01600        0x8
 *(.vector_32)
 .vector_32     0x9fc01600        0x8 Objects - TCPIP Demo App - C32 - PIC32_ENET_SK_DM320004_INTERNAL_ETHERNET\mbmc.o
                0x00000001                ASSERT (((_vector_spacing == 0x0) || (SIZEOF (.vector_32) <= (_vector_spacing << 0x5))), function at exception vector 32 too large)

.vector_33      0x9fc01620        0x0
 *(.vector_33)
                0x00000001                ASSERT (((_vector_spacing == 0x0) || (SIZEOF (.vector_33) <= (_vector_spacing << 0x5))), function at exception vector 33 too large)

.vector_34      0x9fc01640        0x0
 *(.vector_34)
                0x00000001                ASSERT (((_vector_spacing == 0x0) || (SIZEOF (.vector_34) <= (_vector_spacing << 0x5))), function at exception vector 34 too large)

.vector_35      0x9fc01660        0x0
 *(.vector_35)
                0x00000001                ASSERT (((_vector_spacing == 0x0) || (SIZEOF (.vector_35) <= (_vector_spacing << 0x5))), function at exception vector 35 too large)

.vector_36      0x9fc01680        0x0
 *(.vector_36)
                0x00000001                ASSERT (((_vector_spacing == 0x0) || (SIZEOF (.vector_36) <= (_vector_spacing << 0x5))), function at exception vector 36 too large)

.vector_37      0x9fc016a0        0x0
 *(.vector_37)
                0x00000001                ASSERT (((_vector_spacing == 0x0) || (SIZEOF (.vector_37) <= (_vector_spacing << 0x5))), function at exception vector 37 too large)

.vector_38      0x9fc016c0        0x0
 *(.vector_38)
                0x00000001                ASSERT (((_vector_spacing == 0x0) || (SIZEOF (.vector_38) <= (_vector_spacing << 0x5))), function at exception vector 38 too large)

.vector_39      0x9fc016e0        0x0
 *(.vector_39)
                0x00000001                ASSERT (((_vector_spacing == 0x0) || (SIZEOF (.vector_39) <= (_vector_spacing << 0x5))), function at exception vector 39 too large)

.vector_40      0x9fc01700        0x0
 *(.vector_40)
                0x00000001                ASSERT (((_vector_spacing == 0x0) || (SIZEOF (.vector_40) <= (_vector_spacing << 0x5))), function at exception vector 40 too large)

.vector_41      0x9fc01720        0x0
 *(.vector_41)
                0x00000001                ASSERT (((_vector_spacing == 0x0) || (SIZEOF (.vector_41) <= (_vector_spacing << 0x5))), function at exception vector 41 too large)

.vector_42      0x9fc01740        0x0
 *(.vector_42)
                0x00000001                ASSERT (((_vector_spacing == 0x0) || (SIZEOF (.vector_42) <= (_vector_spacing << 0x5))), function at exception vector 42 too large)

.vector_43      0x9fc01760        0x0
 *(.vector_43)
                0x00000001                ASSERT (((_vector_spacing == 0x0) || (SIZEOF (.vector_43) <= (_vector_spacing << 0x5))), function at exception vector 43 too large)

.vector_44      0x9fc01780        0x0
 *(.vector_44)
                0x00000001                ASSERT (((_vector_spacing == 0x0) || (SIZEOF (.vector_44) <= (_vector_spacing << 0x5))), function at exception vector 44 too large)

.vector_45      0x9fc017a0        0x0
 *(.vector_45)
                0x00000001                ASSERT (((_vector_spacing == 0x0) || (SIZEOF (.vector_45) <= (_vector_spacing << 0x5))), function at exception vector 45 too large)

.vector_46      0x9fc017c0        0x0
 *(.vector_46)
                0x00000001                ASSERT (((_vector_spacing == 0x0) || (SIZEOF (.vector_46) <= (_vector_spacing << 0x5))), function at exception vector 46 too large)

.vector_47      0x9fc017e0        0x0
 *(.vector_47)
                0x00000001                ASSERT (((_vector_spacing == 0x0) || (SIZEOF (.vector_47) <= (_vector_spacing << 0x5))), function at exception vector 47 too large)

.vector_48      0x9fc01800        0x0
 *(.vector_48)
                0x00000001                ASSERT (((_vector_spacing == 0x0) || (SIZEOF (.vector_48) <= (_vector_spacing << 0x5))), function at exception vector 48 too large)

.vector_49      0x9fc01820        0x0
 *(.vector_49)
                0x00000001                ASSERT (((_vector_spacing == 0x0) || (SIZEOF (.vector_49) <= (_vector_spacing << 0x5))), function at exception vector 49 too large)

.vector_50      0x9fc01840        0x0
 *(.vector_50)
                0x00000001                ASSERT (((_vector_spacing == 0x0) || (SIZEOF (.vector_50) <= (_vector_spacing << 0x5))), function at exception vector 50 too large)

.vector_51      0x9fc01860        0x0
 *(.vector_51)
                0x00000001                ASSERT (((_vector_spacing == 0x0) || (SIZEOF (.vector_51) <= (_vector_spacing << 0x5))), function at exception vector 51 too large)

.vector_52      0x9fc01880        0x0
 *(.vector_52)
                0x00000001                ASSERT (((_vector_spacing == 0x0) || (SIZEOF (.vector_52) <= (_vector_spacing << 0x5))), function at exception vector 52 too large)

.vector_53      0x9fc018a0        0x0
 *(.vector_53)
                0x00000001                ASSERT (((_vector_spacing == 0x0) || (SIZEOF (.vector_53) <= (_vector_spacing << 0x5))), function at exception vector 53 too large)

.vector_54      0x9fc018c0        0x0
 *(.vector_54)
                0x00000001                ASSERT (((_vector_spacing == 0x0) || (SIZEOF (.vector_54) <= (_vector_spacing << 0x5))), function at exception vector 54 too large)

.vector_55      0x9fc018e0        0x0
 *(.vector_55)
                0x00000001                ASSERT (((_vector_spacing == 0x0) || (SIZEOF (.vector_55) <= (_vector_spacing << 0x5))), function at exception vector 55 too large)

.vector_56      0x9fc01900        0x0
 *(.vector_56)
                0x00000001                ASSERT (((_vector_spacing == 0x0) || (SIZEOF (.vector_56) <= (_vector_spacing << 0x5))), function at exception vector 56 too large)

.vector_57      0x9fc01920        0x0
 *(.vector_57)
                0x00000001                ASSERT (((_vector_spacing == 0x0) || (SIZEOF (.vector_57) <= (_vector_spacing << 0x5))), function at exception vector 57 too large)

.vector_58      0x9fc01940        0x0
 *(.vector_58)
                0x00000001                ASSERT (((_vector_spacing == 0x0) || (SIZEOF (.vector_58) <= (_vector_spacing << 0x5))), function at exception vector 58 too large)

.vector_59      0x9fc01960        0x0
 *(.vector_59)
                0x00000001                ASSERT (((_vector_spacing == 0x0) || (SIZEOF (.vector_59) <= (_vector_spacing << 0x5))), function at exception vector 59 too large)

.vector_60      0x9fc01980        0x0
 *(.vector_60)
                0x00000001                ASSERT (((_vector_spacing == 0x0) || (SIZEOF (.vector_60) <= (_vector_spacing << 0x5))), function at exception vector 60 too large)

.vector_61      0x9fc019a0        0x0
 *(.vector_61)
                0x00000001                ASSERT (((_vector_spacing == 0x0) || (SIZEOF (.vector_61) <= (_vector_spacing << 0x5))), function at exception vector 61 too large)

.vector_62      0x9fc019c0        0x0
 *(.vector_62)
                0x00000001                ASSERT (((_vector_spacing == 0x0) || (SIZEOF (.vector_62) <= (_vector_spacing << 0x5))), function at exception vector 62 too large)

.vector_63      0x9fc019e0        0x0
 *(.vector_63)
                0x00000001                ASSERT (((_vector_spacing == 0x0) || (SIZEOF (.vector_63) <= (_vector_spacing << 0x5))), function at exception vector 63 too large)

.startup
 *(.startup)

.text
 *(.stub .gnu.linkonce.t.*)
 *(.text.*personality*)
 *(.mips16.fn.*)
 *(.mips16.call.*)
 *(.gnu.warning)

.rodata         0x9d000000        0x0
 *(.rodata.* .gnu.linkonce.r.*)
 *(.rodata1)
                0x9d000000                . = ALIGN (0x4)

.sdata2         0x9fc00490        0x0
 *(.sdata2 .sdata2.* .gnu.linkonce.s2.*)
                0x9fc00490                . = ALIGN (0x4)

.sbss2          0x9fc00490        0x0
 *(.sbss2 .sbss2.* .gnu.linkonce.sb2.*)
                0x9fc00490                . = ALIGN (0x4)

.eh_frame_hdr
 *(.eh_frame_hdr)

.eh_frame
 *(.eh_frame)

.dbg_data       0xa0000000        0x0
                0xa0000000                . = (. + DEFINED (_DEBUGGER)?0x200:0x0)

.persist        0xa0000000        0x0
                0xa0000000                _persist_begin = .
 *(.persist .persist.*)
                0xa0000000                . = ALIGN (0x4)
                0xa0000000                _persist_end = .

.eh_frame       0xa0000000       0x3c
 *(.eh_frame)
 .eh_frame      0xa0000000       0x28 d:/program files (x86)/microchip/mplabc32/v2.02/bin/../lib/gcc/pic32mx/4.5.1/size\libgcc.a(_udivdi3.o)
 .eh_frame      0xa0000028       0x14 d:/program files (x86)/microchip/mplabc32/v2.02/bin/../lib/gcc/pic32mx/4.5.1/size\libgcc.a(_umoddi3.o)
                                 0x28 (size before relaxing)
                0xa000003c                . = .
                0xa0008030                _gp = (ALIGN (0x10) + 0x7ff0)

.got
 *(.got.plt)
 *(.got)

.sdata          0xa000003c       0x38
                0xa000003c                _sdata_begin = .
 *(.sdata .sdata.* .gnu.linkonce.s.*)
 .sdata         0xa000003c        0x2 Objects - TCPIP Demo App - C32 - PIC32_ENET_SK_DM320004_INTERNAL_ETHERNET\BerkeleyAPI.o
 *fill*         0xa000003e        0x2 00
 .sdata         0xa0000040        0x4 Objects - TCPIP Demo App - C32 - PIC32_ENET_SK_DM320004_INTERNAL_ETHERNET\DHCPs.o
                0xa0000040                bDHCPServerEnabled
 .sdata         0xa0000044        0x8 Objects - TCPIP Demo App - C32 - PIC32_ENET_SK_DM320004_INTERNAL_ETHERNET\DNS.o
 .sdata         0xa000004c        0x1 Objects - TCPIP Demo App - C32 - PIC32_ENET_SK_DM320004_INTERNAL_ETHERNET\DynDNS.o
 *fill*         0xa000004d        0x3 00
 .sdata         0xa0000050        0x4 Objects - TCPIP Demo App - C32 - PIC32_ENET_SK_DM320004_INTERNAL_ETHERNET\Helpers.o
 .sdata         0xa0000054        0x1 Objects - TCPIP Demo App - C32 - PIC32_ENET_SK_DM320004_INTERNAL_ETHERNET\Reboot.o
 .sdata         0xa0000055        0x1 Objects - TCPIP Demo App - C32 - PIC32_ENET_SK_DM320004_INTERNAL_ETHERNET\SMTP.o
 .sdata         0xa0000056        0x2 Objects - TCPIP Demo App - C32 - PIC32_ENET_SK_DM320004_INTERNAL_ETHERNET\TCP.o
 .sdata         0xa0000058        0x2 Objects - TCPIP Demo App - C32 - PIC32_ENET_SK_DM320004_INTERNAL_ETHERNET\TCPPerformanceTest.o
 .sdata         0xa000005a        0x2 Objects - TCPIP Demo App - C32 - PIC32_ENET_SK_DM320004_INTERNAL_ETHERNET\UDP.o
 .sdata         0xa000005c        0x4 Objects - TCPIP Demo App - C32 - PIC32_ENET_SK_DM320004_INTERNAL_ETHERNET\MainDemo.o
 .sdata         0xa0000060        0x4 Objects - TCPIP Demo App - C32 - PIC32_ENET_SK_DM320004_INTERNAL_ETHERNET\BerkeleyTCPClientDemo.o
 .sdata         0xa0000064        0x8 Objects - TCPIP Demo App - C32 - PIC32_ENET_SK_DM320004_INTERNAL_ETHERNET\GenericTCPClient.o
 .sdata         0xa000006c        0x4 d:/program files (x86)/microchip/mplabc32/v2.02/bin/../lib/gcc/pic32mx/4.5.1/../../../../pic32mx/lib/size\libc.a(_iob.o)
                0xa000006c                _Files
 .sdata         0xa0000070        0x4 d:/program files (x86)/microchip/mplabc32/v2.02/bin/../lib/gcc/pic32mx/4.5.1/../../../../pic32mx/lib/size\libc.a(c32_uart.o)
                0xa0000070                __C32_UART
                0xa0000074                _sdata_end = .

.lit8
 *(.lit8)

.lit4
 *(.lit4)
                0xa0000074                . = ALIGN (0x4)
                0xa0000074                _data_end = .
                0xa0000074                _bss_begin = .

.sbss           0xa0000074      0x240
                0xa0000074                _sbss_begin = .
 *(.dynsbss)
 *(.sbss .sbss.* .gnu.linkonce.sb.*)
 .sbss          0xa0000074        0x8 Objects - TCPIP Demo App - C32 - PIC32_ENET_SK_DM320004_INTERNAL_ETHERNET\Announce.o
 .sbss          0xa000007c        0x4 Objects - TCPIP Demo App - C32 - PIC32_ENET_SK_DM320004_INTERNAL_ETHERNET\ARP.o
 .sbss          0xa0000080        0x4 Objects - TCPIP Demo App - C32 - PIC32_ENET_SK_DM320004_INTERNAL_ETHERNET\BerkeleyAPI.o
 .sbss          0xa0000084        0x4 Objects - TCPIP Demo App - C32 - PIC32_ENET_SK_DM320004_INTERNAL_ETHERNET\DHCP.o
                0xa0000084                DHCPClientInitializedOnce
 .sbss          0xa0000088        0xc Objects - TCPIP Demo App - C32 - PIC32_ENET_SK_DM320004_INTERNAL_ETHERNET\DHCPs.o
 .sbss          0xa0000094       0x18 Objects - TCPIP Demo App - C32 - PIC32_ENET_SK_DM320004_INTERNAL_ETHERNET\DNS.o
 .sbss          0xa00000ac       0x24 Objects - TCPIP Demo App - C32 - PIC32_ENET_SK_DM320004_INTERNAL_ETHERNET\DynDNS.o
 .sbss          0xa00000d0       0x40 Objects - TCPIP Demo App - C32 - PIC32_ENET_SK_DM320004_INTERNAL_ETHERNET\ETHPIC32IntMac.o
                0xa00000d0                _stackMgrRxOkPkts
                0xa00000d4                _stackMgrRxBadPkts
                0xa00000d8                _stackMgrInGetHdr
                0xa00000dc                _stackMgrRxDiscarded
                0xa00000e0                _stackMgrTxNotReady
 .sbss          0xa0000110       0x10 Objects - TCPIP Demo App - C32 - PIC32_ENET_SK_DM320004_INTERNAL_ETHERNET\ICMP.o
 .sbss          0xa0000120        0x4 Objects - TCPIP Demo App - C32 - PIC32_ENET_SK_DM320004_INTERNAL_ETHERNET\IP.o
 .sbss          0xa0000124        0x8 Objects - TCPIP Demo App - C32 - PIC32_ENET_SK_DM320004_INTERNAL_ETHERNET\MPFS2.o
 .sbss          0xa000012c        0x8 Objects - TCPIP Demo App - C32 - PIC32_ENET_SK_DM320004_INTERNAL_ETHERNET\NBNS.o
 .sbss          0xa0000134       0x38 Objects - TCPIP Demo App - C32 - PIC32_ENET_SK_DM320004_INTERNAL_ETHERNET\SMTP.o
 .sbss          0xa000016c       0x14 Objects - TCPIP Demo App - C32 - PIC32_ENET_SK_DM320004_INTERNAL_ETHERNET\SNTP.o
 .sbss          0xa0000180        0x8 Objects - TCPIP Demo App - C32 - PIC32_ENET_SK_DM320004_INTERNAL_ETHERNET\StackTsk.o
 .sbss          0xa0000188        0x2 Objects - TCPIP Demo App - C32 - PIC32_ENET_SK_DM320004_INTERNAL_ETHERNET\TCP.o
 *fill*         0xa000018a        0x2 00
 .sbss          0xa000018c       0x14 Objects - TCPIP Demo App - C32 - PIC32_ENET_SK_DM320004_INTERNAL_ETHERNET\TCPPerformanceTest.o
 .sbss          0xa00001a0        0xc Objects - TCPIP Demo App - C32 - PIC32_ENET_SK_DM320004_INTERNAL_ETHERNET\Telnet.o
 .sbss          0xa00001ac        0xc Objects - TCPIP Demo App - C32 - PIC32_ENET_SK_DM320004_INTERNAL_ETHERNET\Tick.o
 .sbss          0xa00001b8        0x8 Objects - TCPIP Demo App - C32 - PIC32_ENET_SK_DM320004_INTERNAL_ETHERNET\UDP.o
 .sbss          0xa00001c0       0x14 Objects - TCPIP Demo App - C32 - PIC32_ENET_SK_DM320004_INTERNAL_ETHERNET\CustomHTTPApp.o
 .sbss          0xa00001d4        0xc Objects - TCPIP Demo App - C32 - PIC32_ENET_SK_DM320004_INTERNAL_ETHERNET\MainDemo.o
 .sbss          0xa00001e0        0x1 Objects - TCPIP Demo App - C32 - PIC32_ENET_SK_DM320004_INTERNAL_ETHERNET\BerkeleyTCPClientDemo.o
 *fill*         0xa00001e1        0x3 00
 .sbss          0xa00001e4        0x8 Objects - TCPIP Demo App - C32 - PIC32_ENET_SK_DM320004_INTERNAL_ETHERNET\BerkeleyTCPServerDemo.o
 .sbss          0xa00001ec       0x18 Objects - TCPIP Demo App - C32 - PIC32_ENET_SK_DM320004_INTERNAL_ETHERNET\BerkeleyUDPClientDemo.o
 .sbss          0xa0000204        0x4 Objects - TCPIP Demo App - C32 - PIC32_ENET_SK_DM320004_INTERNAL_ETHERNET\GenericTCPClient.o
 .sbss          0xa0000208        0x8 Objects - TCPIP Demo App - C32 - PIC32_ENET_SK_DM320004_INTERNAL_ETHERNET\GenericTCPServer.o
 .sbss          0xa0000210        0x8 Objects - TCPIP Demo App - C32 - PIC32_ENET_SK_DM320004_INTERNAL_ETHERNET\PingDemo.o
 .sbss          0xa0000218        0x8 Objects - TCPIP Demo App - C32 - PIC32_ENET_SK_DM320004_INTERNAL_ETHERNET\SMTPDemo.o
 .sbss          0xa0000220       0x24 Objects - TCPIP Demo App - C32 - PIC32_ENET_SK_DM320004_INTERNAL_ETHERNET\mbmc.o
                0xa0000220                TIi
                0xa0000224                MIi
                0xa0000228                HRi
                0xa000022c                time_outs
                0xa0000230                crc_errors
 .sbss          0xa0000244        0x4 d:/program files (x86)/microchip/mplabc32/v2.02/bin/../lib/gcc/pic32mx/4.5.1/../../../../pic32mx/lib/size\libc.a(ctime.o)
                0xa0000244                time_zone
 .sbss          0xa0000248        0x8 d:/program files (x86)/microchip/mplabc32/v2.02/bin/../lib/gcc/pic32mx/4.5.1/../../../../pic32mx/lib/size\libc.a(sbrk.o)
                0xa0000248                _minbrk
                0xa000024c                _maxbrk
 .sbss          0xa0000250        0x4 d:/program files (x86)/microchip/mplabc32/v2.02/bin/../lib/gcc/pic32mx/4.5.1/../../../../pic32mx/lib/size\libc.a(errno.o)
                0xa0000250                errno
 .sbss          0xa0000254        0x1 d:/program files (x86)/microchip/mplabc32/v2.02/bin/../lib/gcc/pic32mx/4.5.1/../../../../pic32mx/lib/size\libc.a(_iob.o)
                0xa0000254                _outdone
 *fill*         0xa0000255        0x3 00
 .sbss          0xa0000258       0x20 d:/program files (x86)/microchip/mplabc32/v2.02/bin/../lib/gcc/pic32mx/4.5.1/../../../../pic32mx/lib/size\libmchp_peripheral_32MX795F512L.a(eth_descriptors_add_lib.o)
                0xa0000258                _EthTxFreeList
                0xa0000260                _EthTxBusyList
                0xa0000268                _EthRxFreeList
                0xa0000270                _EthRxBusyList
 *(.scommon)
 .scommon       0xa0000278        0x4 Objects - TCPIP Demo App - C32 - PIC32_ENET_SK_DM320004_INTERNAL_ETHERNET\ETHPIC32ExtPhy.o
                0xa0000278                _PhyAdd
 .scommon       0xa000027c        0x1 Objects - TCPIP Demo App - C32 - PIC32_ENET_SK_DM320004_INTERNAL_ETHERNET\HTTP2.o
                0xa000027c                curHTTPID
 *fill*         0xa000027d        0x1 00
 .scommon       0xa000027e        0x6 Objects - TCPIP Demo App - C32 - PIC32_ENET_SK_DM320004_INTERNAL_ETHERNET\UDP.o
                0xa000027e                activeUDPSocket
                0xa0000280                UDPTxCount
                0xa0000282                UDPRxCount
 .scommon       0xa0000284        0x8 Objects - TCPIP Demo App - C32 - PIC32_ENET_SK_DM320004_INTERNAL_ETHERNET\MainDemo.o
                0xa0000284                AN0String
 .scommon       0xa000028c       0x28 Objects - TCPIP Demo App - C32 - PIC32_ENET_SK_DM320004_INTERNAL_ETHERNET\mbmc.o
                0xa000028c                Tail
                0xa0000290                utc_time
                0xa0000294                mbmc_crc
                0xa0000298                mbmccmd
                0xa000029c                CCEFF
                0xa00002a0                PVEFF
                0xa00002a4                TOTEFF
                0xa00002a8                mbmctime
                0xa00002ac                Head
                0xa00002b0                dd
                0xa00002b4                _sbss_end = .

.bss            0xa00002b4     0x3f3c
 *(.dynbss)
 *(COMMON)
 COMMON         0xa00002b4       0x20 Objects - TCPIP Demo App - C32 - PIC32_ENET_SK_DM320004_INTERNAL_ETHERNET\DynDNS.o
                0xa00002b4                DDNSClient
 COMMON         0xa00002d4       0x40 Objects - TCPIP Demo App - C32 - PIC32_ENET_SK_DM320004_INTERNAL_ETHERNET\Hashes.o
                0xa00002d4                lastBlock
 COMMON         0xa0000314      0x138 Objects - TCPIP Demo App - C32 - PIC32_ENET_SK_DM320004_INTERNAL_ETHERNET\HTTP2.o
                0xa0000314                curHTTP
                0xa000043c                httpStubs
 COMMON         0xa000044c       0x2c Objects - TCPIP Demo App - C32 - PIC32_ENET_SK_DM320004_INTERNAL_ETHERNET\SMTP.o
                0xa000044c                SMTPClient
 COMMON         0xa0000478        0xa Objects - TCPIP Demo App - C32 - PIC32_ENET_SK_DM320004_INTERNAL_ETHERNET\StackTsk.o
                0xa0000478                remoteNode
 *fill*         0xa0000482        0x2 00
 COMMON         0xa0000484       0x8c Objects - TCPIP Demo App - C32 - PIC32_ENET_SK_DM320004_INTERNAL_ETHERNET\UDP.o
                0xa0000484                UDPSocketInfo
 COMMON         0xa0000510       0x33 Objects - TCPIP Demo App - C32 - PIC32_ENET_SK_DM320004_INTERNAL_ETHERNET\MainDemo.o
                0xa0000510                AppConfig
 *fill*         0xa0000543        0x1 00
 COMMON         0xa0000544     0x3cac Objects - TCPIP Demo App - C32 - PIC32_ENET_SK_DM320004_INTERNAL_ETHERNET\mbmc.o
                0xa0000544                hist
                0xa0000788                chart
                0xa0003f58                mbmc_buffer
                0xa0003fec                cell
                0xa00040b4                hoststat
                0xa00040d0                sdc0
                0xa0004148                cbuf
                0xa00041c8                mbmcflag
                0xa00041f0                . = ALIGN (0x4)
                0xa00041f0                . = ALIGN (0x4)
                0xa00041f0                _end = .
                0xa00041f0                _bss_end = .
                0x00020000                _bmxdudba_address = 0x20000
                0x00020000                _bmxdupba_address = 0x20000

/DISCARD/
 *(.pdr)
 *(.reginfo)
 *(.rel.dyn)
 *(.note.GNU-stack)
 *(.note.GNU-stack)
 *(.gnu_debuglink)
 *(.gnu.lto_*)
 *(.discard)

.stab
 *(.stab)

.stabstr
 *(.stabstr)

.stab.excl
 *(.stab.excl)

.stab.exclstr
 *(.stab.exclstr)

.stab.index
 *(.stab.index)

.stab.indexstr
 *(.stab.indexstr)

.comment        0x00000000      0x382
 *(.comment)
 .comment       0x00000000       0x51 Objects - TCPIP Demo App - C32 - PIC32_ENET_SK_DM320004_INTERNAL_ETHERNET\Announce.o
                                 0x52 (size before relaxing)
 .comment       0x00000000       0x52 Objects - TCPIP Demo App - C32 - PIC32_ENET_SK_DM320004_INTERNAL_ETHERNET\ARCFOUR.o
 .comment       0x00000000       0x52 Objects - TCPIP Demo App - C32 - PIC32_ENET_SK_DM320004_INTERNAL_ETHERNET\ARP.o
 .comment       0x00000000       0x52 Objects - TCPIP Demo App - C32 - PIC32_ENET_SK_DM320004_INTERNAL_ETHERNET\AutoIP.o
 .comment       0x00000000       0x52 Objects - TCPIP Demo App - C32 - PIC32_ENET_SK_DM320004_INTERNAL_ETHERNET\BerkeleyAPI.o
 .comment       0x00000000       0x52 Objects - TCPIP Demo App - C32 - PIC32_ENET_SK_DM320004_INTERNAL_ETHERNET\BigInt.o
 .comment       0x00000000       0x52 Objects - TCPIP Demo App - C32 - PIC32_ENET_SK_DM320004_INTERNAL_ETHERNET\Delay.o
 .comment       0x00000000       0x52 Objects - TCPIP Demo App - C32 - PIC32_ENET_SK_DM320004_INTERNAL_ETHERNET\DHCP.o
 .comment       0x00000000       0x52 Objects - TCPIP Demo App - C32 - PIC32_ENET_SK_DM320004_INTERNAL_ETHERNET\DHCPs.o
 .comment       0x00000000       0x52 Objects - TCPIP Demo App - C32 - PIC32_ENET_SK_DM320004_INTERNAL_ETHERNET\DNS.o
 .comment       0x00000000       0x52 Objects - TCPIP Demo App - C32 - PIC32_ENET_SK_DM320004_INTERNAL_ETHERNET\DNSs.o
 .comment       0x00000000       0x52 Objects - TCPIP Demo App - C32 - PIC32_ENET_SK_DM320004_INTERNAL_ETHERNET\DynDNS.o
 .comment       0x00000000       0x52 Objects - TCPIP Demo App - C32 - PIC32_ENET_SK_DM320004_INTERNAL_ETHERNET\ENC28J60.o
 .comment       0x00000000       0x52 Objects - TCPIP Demo App - C32 - PIC32_ENET_SK_DM320004_INTERNAL_ETHERNET\ENCX24J600.o
 .comment       0x00000000       0x52 Objects - TCPIP Demo App - C32 - PIC32_ENET_SK_DM320004_INTERNAL_ETHERNET\ETHPIC32ExtPhy.o
 .comment       0x00000000       0x52 Objects - TCPIP Demo App - C32 - PIC32_ENET_SK_DM320004_INTERNAL_ETHERNET\ETHPIC32ExtPhyDP83848.o
 .comment       0x00000000       0x52 Objects - TCPIP Demo App - C32 - PIC32_ENET_SK_DM320004_INTERNAL_ETHERNET\ETHPIC32IntMac.o
 .comment       0x00000000       0x52 Objects - TCPIP Demo App - C32 - PIC32_ENET_SK_DM320004_INTERNAL_ETHERNET\FileSystem.o
 .comment       0x00000000       0x52 Objects - TCPIP Demo App - C32 - PIC32_ENET_SK_DM320004_INTERNAL_ETHERNET\FTP.o
 .comment       0x00000000       0x52 Objects - TCPIP Demo App - C32 - PIC32_ENET_SK_DM320004_INTERNAL_ETHERNET\Hashes.o
 .comment       0x00000000       0x52 Objects - TCPIP Demo App - C32 - PIC32_ENET_SK_DM320004_INTERNAL_ETHERNET\Helpers.o
 .comment       0x00000000       0x52 Objects - TCPIP Demo App - C32 - PIC32_ENET_SK_DM320004_INTERNAL_ETHERNET\HTTP2.o
 .comment       0x00000000       0x52 Objects - TCPIP Demo App - C32 - PIC32_ENET_SK_DM320004_INTERNAL_ETHERNET\HTTP.o
 .comment       0x00000000       0x52 Objects - TCPIP Demo App - C32 - PIC32_ENET_SK_DM320004_INTERNAL_ETHERNET\ICMP.o
 .comment       0x00000000       0x52 Objects - TCPIP Demo App - C32 - PIC32_ENET_SK_DM320004_INTERNAL_ETHERNET\IP.o
 .comment       0x00000000       0x52 Objects - TCPIP Demo App - C32 - PIC32_ENET_SK_DM320004_INTERNAL_ETHERNET\LCDBlocking.o
 .comment       0x00000000       0x52 Objects - TCPIP Demo App - C32 - PIC32_ENET_SK_DM320004_INTERNAL_ETHERNET\MPFS2.o
 .comment       0x00000000       0x52 Objects - TCPIP Demo App - C32 - PIC32_ENET_SK_DM320004_INTERNAL_ETHERNET\MPFS.o
 .comment       0x00000000       0x52 Objects - TCPIP Demo App - C32 - PIC32_ENET_SK_DM320004_INTERNAL_ETHERNET\NBNS.o
 .comment       0x00000000       0x52 Objects - TCPIP Demo App - C32 - PIC32_ENET_SK_DM320004_INTERNAL_ETHERNET\Random.o
 .comment       0x00000000       0x52 Objects - TCPIP Demo App - C32 - PIC32_ENET_SK_DM320004_INTERNAL_ETHERNET\Reboot.o
 .comment       0x00000000       0x52 Objects - TCPIP Demo App - C32 - PIC32_ENET_SK_DM320004_INTERNAL_ETHERNET\RSA.o
 .comment       0x00000000       0x52 Objects - TCPIP Demo App - C32 - PIC32_ENET_SK_DM320004_INTERNAL_ETHERNET\SMTP.o
 .comment       0x00000000       0x52 Objects - TCPIP Demo App - C32 - PIC32_ENET_SK_DM320004_INTERNAL_ETHERNET\SNMP.o
 .comment       0x00000000       0x52 Objects - TCPIP Demo App - C32 - PIC32_ENET_SK_DM320004_INTERNAL_ETHERNET\SNMPv3.o
 .comment       0x00000000       0x52 Objects - TCPIP Demo App - C32 - PIC32_ENET_SK_DM320004_INTERNAL_ETHERNET\SNMPv3USM.o
 .comment       0x00000000       0x52 Objects - TCPIP Demo App - C32 - PIC32_ENET_SK_DM320004_INTERNAL_ETHERNET\SNTP.o
 .comment       0x00000000       0x52 Objects - TCPIP Demo App - C32 - PIC32_ENET_SK_DM320004_INTERNAL_ETHERNET\SPIEEPROM.o
 .comment       0x00000000       0x52 Objects - TCPIP Demo App - C32 - PIC32_ENET_SK_DM320004_INTERNAL_ETHERNET\SPIFlash.o
 .comment       0x00000000       0x52 Objects - TCPIP Demo App - C32 - PIC32_ENET_SK_DM320004_INTERNAL_ETHERNET\SPIRAM.o
 .comment       0x00000000       0x52 Objects - TCPIP Demo App - C32 - PIC32_ENET_SK_DM320004_INTERNAL_ETHERNET\SSL.o
 .comment       0x00000000       0x52 Objects - TCPIP Demo App - C32 - PIC32_ENET_SK_DM320004_INTERNAL_ETHERNET\StackTsk.o
 .comment       0x00000000       0x52 Objects - TCPIP Demo App - C32 - PIC32_ENET_SK_DM320004_INTERNAL_ETHERNET\TCP.o
 .comment       0x00000000       0x52 Objects - TCPIP Demo App - C32 - PIC32_ENET_SK_DM320004_INTERNAL_ETHERNET\TCPPerformanceTest.o
 .comment       0x00000000       0x52 Objects - TCPIP Demo App - C32 - PIC32_ENET_SK_DM320004_INTERNAL_ETHERNET\Telnet.o
 .comment       0x00000000       0x52 Objects - TCPIP Demo App - C32 - PIC32_ENET_SK_DM320004_INTERNAL_ETHERNET\TFTPc.o
 .comment       0x00000000       0x52 Objects - TCPIP Demo App - C32 - PIC32_ENET_SK_DM320004_INTERNAL_ETHERNET\Tick.o
 .comment       0x00000000       0x52 Objects - TCPIP Demo App - C32 - PIC32_ENET_SK_DM320004_INTERNAL_ETHERNET\UART2TCPBridge.o
 .comment       0x00000000       0x52 Objects - TCPIP Demo App - C32 - PIC32_ENET_SK_DM320004_INTERNAL_ETHERNET\UART.o
 .comment       0x00000000       0x52 Objects - TCPIP Demo App - C32 - PIC32_ENET_SK_DM320004_INTERNAL_ETHERNET\UDP.o
 .comment       0x00000000       0x52 Objects - TCPIP Demo App - C32 - PIC32_ENET_SK_DM320004_INTERNAL_ETHERNET\UDPPerformanceTest.o
 .comment       0x00000000       0x52 Objects - TCPIP Demo App - C32 - PIC32_ENET_SK_DM320004_INTERNAL_ETHERNET\ZeroconfHelper.o
 .comment       0x00000000       0x52 Objects - TCPIP Demo App - C32 - PIC32_ENET_SK_DM320004_INTERNAL_ETHERNET\ZeroconfLinkLocal.o
 .comment       0x00000000       0x52 Objects - TCPIP Demo App - C32 - PIC32_ENET_SK_DM320004_INTERNAL_ETHERNET\ZeroconfMulticastDNS.o
 .comment       0x00000000       0x52 Objects - TCPIP Demo App - C32 - PIC32_ENET_SK_DM320004_INTERNAL_ETHERNET\CustomHTTPApp.o
 .comment       0x00000000       0x52 Objects - TCPIP Demo App - C32 - PIC32_ENET_SK_DM320004_INTERNAL_ETHERNET\CustomSNMPApp.o
 .comment       0x00000000       0x52 Objects - TCPIP Demo App - C32 - PIC32_ENET_SK_DM320004_INTERNAL_ETHERNET\CustomSSLCert.o
 .comment       0x00000000       0x52 Objects - TCPIP Demo App - C32 - PIC32_ENET_SK_DM320004_INTERNAL_ETHERNET\MainDemo.o
 .comment       0x00000000       0x52 Objects - TCPIP Demo App - C32 - PIC32_ENET_SK_DM320004_INTERNAL_ETHERNET\BerkeleyTCPClientDemo.o
 .comment       0x00000000       0x52 Objects - TCPIP Demo App - C32 - PIC32_ENET_SK_DM320004_INTERNAL_ETHERNET\BerkeleyTCPServerDemo.o
 .comment       0x00000000       0x52 Objects - TCPIP Demo App - C32 - PIC32_ENET_SK_DM320004_INTERNAL_ETHERNET\BerkeleyUDPClientDemo.o
 .comment       0x00000000       0x52 Objects - TCPIP Demo App - C32 - PIC32_ENET_SK_DM320004_INTERNAL_ETHERNET\GenericTCPClient.o
 .comment       0x00000000       0x52 Objects - TCPIP Demo App - C32 - PIC32_ENET_SK_DM320004_INTERNAL_ETHERNET\GenericTCPServer.o
 .comment       0x00000000       0x52 Objects - TCPIP Demo App - C32 - PIC32_ENET_SK_DM320004_INTERNAL_ETHERNET\LegacyHTTPApp.o
 .comment       0x00000000       0x52 Objects - TCPIP Demo App - C32 - PIC32_ENET_SK_DM320004_INTERNAL_ETHERNET\PingDemo.o
 .comment       0x00000000       0x52 Objects - TCPIP Demo App - C32 - PIC32_ENET_SK_DM320004_INTERNAL_ETHERNET\SMTPDemo.o
 .comment       0x00000000       0x52 Objects - TCPIP Demo App - C32 - PIC32_ENET_SK_DM320004_INTERNAL_ETHERNET\UARTConfig.o
 .comment       0x00000000       0x52 Objects - TCPIP Demo App - C32 - PIC32_ENET_SK_DM320004_INTERNAL_ETHERNET\MPFSImg2.o
 .comment       0x00000000       0x52 Objects - TCPIP Demo App - C32 - PIC32_ENET_SK_DM320004_INTERNAL_ETHERNET\MPFSImg.o
 .comment       0x00000000       0x52 Objects - TCPIP Demo App - C32 - PIC32_ENET_SK_DM320004_INTERNAL_ETHERNET\mbmc.o
 .comment       0x00000000       0x52 Objects - TCPIP Demo App - C32 - PIC32_ENET_SK_DM320004_INTERNAL_ETHERNET\crc8_fast.o
 .comment       0x00000000       0x52 d:/program files (x86)/microchip/mplabc32/v2.02/bin/../lib/gcc/pic32mx/4.5.1/size\libgcc.a(_udivdi3.o)
 .comment       0x00000000       0x52 d:/program files (x86)/microchip/mplabc32/v2.02/bin/../lib/gcc/pic32mx/4.5.1/size\libgcc.a(floatunsisf.o)
 .comment       0x00000051       0x55 d:/program files (x86)/microchip/mplabc32/v2.02/bin/../lib/gcc/pic32mx/4.5.1/../../../../pic32mx/lib/size\libc.a(memcmp.o)
                                 0x56 (size before relaxing)
 .comment       0x000000a6       0x55 d:/program files (x86)/microchip/mplabc32/v2.02/bin/../lib/gcc/pic32mx/4.5.1/../../../../pic32mx/lib/size\libc.a(memset.o)
                                 0x56 (size before relaxing)
 .comment       0x000000fb       0x55 d:/program files (x86)/microchip/mplabc32/v2.02/bin/../lib/gcc/pic32mx/4.5.1/../../../../pic32mx/lib/size\libc.a(strcmp.o)
                                 0x56 (size before relaxing)
 .comment       0x00000150       0x55 d:/program files (x86)/microchip/mplabc32/v2.02/bin/../lib/gcc/pic32mx/4.5.1/../../../../pic32mx/lib/size\libc.a(strcpy.o)
                                 0x56 (size before relaxing)
 .comment       0x000001a5       0x55 d:/program files (x86)/microchip/mplabc32/v2.02/bin/../lib/gcc/pic32mx/4.5.1/../../../../pic32mx/lib/size\libc.a(strlen.o)
                                 0x56 (size before relaxing)
 .comment       0x00000000       0x52 d:/program files (x86)/microchip/mplabc32/v2.02/bin/../lib/gcc/pic32mx/4.5.1/../../../../pic32mx/lib/size\libc.a(atoi.o)
 .comment       0x00000000       0x52 d:/program files (x86)/microchip/mplabc32/v2.02/bin/../lib/gcc/pic32mx/4.5.1/../../../../pic32mx/lib/size\libc.a(atol.o)
 .comment       0x00000000       0x52 d:/program files (x86)/microchip/mplabc32/v2.02/bin/../lib/gcc/pic32mx/4.5.1/../../../../pic32mx/lib/size\libc.a(calloc.o)
 .comment       0x00000000       0x52 d:/program files (x86)/microchip/mplabc32/v2.02/bin/../lib/gcc/pic32mx/4.5.1/../../../../pic32mx/lib/size\libc.a(ctime.o)
 .comment       0x000001fa       0x4e d:/program files (x86)/microchip/mplabc32/v2.02/bin/../lib/gcc/pic32mx/4.5.1/../../../../pic32mx/lib/size\libc.a(ctype.o)
                                 0xa0 (size before relaxing)
 .comment       0x00000000       0x52 d:/program files (x86)/microchip/mplabc32/v2.02/bin/../lib/gcc/pic32mx/4.5.1/../../../../pic32mx/lib/size\libc.a(malloc.o)
 .comment       0x00000000       0x52 d:/program files (x86)/microchip/mplabc32/v2.02/bin/../lib/gcc/pic32mx/4.5.1/../../../../pic32mx/lib/size\libc.a(strcat.o)
 .comment       0x00000000       0x52 d:/program files (x86)/microchip/mplabc32/v2.02/bin/../lib/gcc/pic32mx/4.5.1/../../../../pic32mx/lib/size\libc.a(strchr.o)
 .comment       0x00000000       0x52 d:/program files (x86)/microchip/mplabc32/v2.02/bin/../lib/gcc/pic32mx/4.5.1/../../../../pic32mx/lib/size\libc.a(strstr.o)
 .comment       0x00000000       0x52 d:/program files (x86)/microchip/mplabc32/v2.02/bin/../lib/gcc/pic32mx/4.5.1/../../../../pic32mx/lib/size\libc.a(sprintf_cdfFnopuxX.eo)
 .comment       0x00000000       0x52 d:/program files (x86)/microchip/mplabc32/v2.02/bin/../lib/gcc/pic32mx/4.5.1/../../../../pic32mx/lib/size\libc.a(sprintf.o)
 .comment       0x00000248       0x4b d:/program files (x86)/microchip/mplabc32/v2.02/bin/../lib/gcc/pic32mx/4.5.1/../../../../pic32mx/lib/size\libc.a(sbrk.o)
                                 0x9d (size before relaxing)
 .comment       0x00000000       0x52 d:/program files (x86)/microchip/mplabc32/v2.02/bin/../lib/gcc/pic32mx/4.5.1/../../../../pic32mx/lib/size\libc.a(default-bootstrap-exception-handler.o)
 .comment       0x00000000       0x52 d:/program files (x86)/microchip/mplabc32/v2.02/bin/../lib/gcc/pic32mx/4.5.1/../../../../pic32mx/lib/size\libc.a(default-on-reset.o)
 .comment       0x00000000       0x52 d:/program files (x86)/microchip/mplabc32/v2.02/bin/../lib/gcc/pic32mx/4.5.1/../../../../pic32mx/lib/size\libc.a(default-on-bootstrap.o)
 .comment       0x00000000       0x52 d:/program files (x86)/microchip/mplabc32/v2.02/bin/../lib/gcc/pic32mx/4.5.1/../../../../pic32mx/lib/size\libc.a(errno.o)
 .comment       0x00000000       0x52 d:/program files (x86)/microchip/mplabc32/v2.02/bin/../lib/gcc/pic32mx/4.5.1/../../../../pic32mx/lib/size\libc.a(strncmp.o)
 .comment       0x00000000       0x52 d:/program files (x86)/microchip/mplabc32/v2.02/bin/../lib/gcc/pic32mx/4.5.1/../../../../pic32mx/lib/size\libc.a(doprnt_cdfFnopuxX.eo)
 .comment       0x00000000       0x52 d:/program files (x86)/microchip/mplabc32/v2.02/bin/../lib/gcc/pic32mx/4.5.1/../../../../pic32mx/lib/size\libc.a(doprnt.o)
 .comment       0x00000000       0x52 d:/program files (x86)/microchip/mplabc32/v2.02/bin/../lib/gcc/pic32mx/4.5.1/../../../../pic32mx/lib/size\libc.a(_fputc_simple.o)
 .comment       0x00000000       0x52 d:/program files (x86)/microchip/mplabc32/v2.02/bin/../lib/gcc/pic32mx/4.5.1/../../../../pic32mx/lib/size\libc.a(powers.o)
 .comment       0x00000000       0x52 d:/program files (x86)/microchip/mplabc32/v2.02/bin/../lib/gcc/pic32mx/4.5.1/../../../../pic32mx/lib/size\libc.a(write.o)
 .comment       0x00000000       0x52 d:/program files (x86)/microchip/mplabc32/v2.02/bin/../lib/gcc/pic32mx/4.5.1/../../../../pic32mx/lib/size\libc.a(_iob.o)
 .comment       0x00000000       0x52 d:/program files (x86)/microchip/mplabc32/v2.02/bin/../lib/gcc/pic32mx/4.5.1/../../../../pic32mx/lib/size\libc.a(_flsbuf_simple.o)
 .comment       0x00000000       0x52 d:/program files (x86)/microchip/mplabc32/v2.02/bin/../lib/gcc/pic32mx/4.5.1/../../../../pic32mx/lib/size\libc.a(_mon_putc.o)
 .comment       0x00000000       0x52 d:/program files (x86)/microchip/mplabc32/v2.02/bin/../lib/gcc/pic32mx/4.5.1/../../../../pic32mx/lib/size\libc.a(c32_uart.o)
 .comment       0x00000293       0x9e d:/program files (x86)/microchip/mplabc32/v2.02/bin/../lib/gcc/pic32mx/4.5.1/../../../../pic32mx/lib/size\libe.a(_floatdisf.o)
                                 0xf0 (size before relaxing)
 .comment       0x00000331       0x51 d:/program files (x86)/microchip/mplabc32/v2.02/bin/../lib/gcc/pic32mx/4.5.1/../../../../pic32mx/lib/size\libmchp_peripheral.a(read_core_timer_lib.o)
                                 0x52 (size before relaxing)
 .comment       0x00000000       0x52 d:/program files (x86)/microchip/mplabc32/v2.02/bin/../lib/gcc/pic32mx/4.5.1/../../../../pic32mx/lib/size\libmchp_peripheral_32MX795F512L.a(eth_ack_packet_lib.o)
 .comment       0x00000000       0x52 d:/program files (x86)/microchip/mplabc32/v2.02/bin/../lib/gcc/pic32mx/4.5.1/../../../../pic32mx/lib/size\libmchp_peripheral_32MX795F512L.a(eth_descriptors_add_lib.o)
 .comment       0x00000000       0x52 d:/program files (x86)/microchip/mplabc32/v2.02/bin/../lib/gcc/pic32mx/4.5.1/../../../../pic32mx/lib/size\libmchp_peripheral_32MX795F512L.a(eth_init_lib.o)
 .comment       0x00000000       0x52 d:/program files (x86)/microchip/mplabc32/v2.02/bin/../lib/gcc/pic32mx/4.5.1/../../../../pic32mx/lib/size\libmchp_peripheral_32MX795F512L.a(eth_mac_open_lib.o)
 .comment       0x00000000       0x52 d:/program files (x86)/microchip/mplabc32/v2.02/bin/../lib/gcc/pic32mx/4.5.1/../../../../pic32mx/lib/size\libmchp_peripheral_32MX795F512L.a(eth_mac_set_address_max_lib.o)
 .comment       0x00000000       0x52 d:/program files (x86)/microchip/mplabc32/v2.02/bin/../lib/gcc/pic32mx/4.5.1/../../../../pic32mx/lib/size\libmchp_peripheral_32MX795F512L.a(eth_rx_buffers_append_lib.o)
 .comment       0x00000000       0x52 d:/program files (x86)/microchip/mplabc32/v2.02/bin/../lib/gcc/pic32mx/4.5.1/../../../../pic32mx/lib/size\libmchp_peripheral_32MX795F512L.a(eth_rx_filters_lib.o)
 .comment       0x00000000       0x52 d:/program files (x86)/microchip/mplabc32/v2.02/bin/../lib/gcc/pic32mx/4.5.1/../../../../pic32mx/lib/size\libmchp_peripheral_32MX795F512L.a(eth_rx_get_packet_lib.o)
 .comment       0x00000000       0x52 d:/program files (x86)/microchip/mplabc32/v2.02/bin/../lib/gcc/pic32mx/4.5.1/../../../../pic32mx/lib/size\libmchp_peripheral_32MX795F512L.a(eth_rx_set_buffer_size_lib.o)
 .comment       0x00000000       0x52 d:/program files (x86)/microchip/mplabc32/v2.02/bin/../lib/gcc/pic32mx/4.5.1/../../../../pic32mx/lib/size\libmchp_peripheral_32MX795F512L.a(eth_tx_packet_lib.o)
 .comment       0x00000000       0x52 d:/program files (x86)/microchip/mplabc32/v2.02/bin/../lib/gcc/pic32mx/4.5.1/../../../../pic32mx/lib/size\libmchp_peripheral_32MX795F512L.a(_eth_append_busy_list_lib.o)
 .comment       0x00000000       0x52 d:/program files (x86)/microchip/mplabc32/v2.02/bin/../lib/gcc/pic32mx/4.5.1/../../../../pic32mx/lib/size\libmchp_peripheral_32MX795F512L.a(eth_miim_access.o)
 .comment       0x00000000       0x52 d:/program files (x86)/microchip/mplabc32/v2.02/bin/../lib/gcc/pic32mx/4.5.1/../../../../pic32mx/lib/size\libmchp_peripheral_32MX795F512L.a(soft_reset_lib.o)
 .comment       0x00000000       0x52 d:/program files (x86)/microchip/mplabc32/v2.02/bin/../lib/gcc/pic32mx/4.5.1/../../../../pic32mx/lib/size\libmchp_peripheral_32MX795F512L.a(pcache.o)
 .comment       0x00000000       0x52 d:/program files (x86)/microchip/mplabc32/v2.02/bin/../lib/gcc/pic32mx/4.5.1/../../../../pic32mx/lib/size\libmchp_peripheral_32MX795F512L.a(int_disable_interrupts_lib.o)
 .comment       0x00000000       0x52 d:/program files (x86)/microchip/mplabc32/v2.02/bin/../lib/gcc/pic32mx/4.5.1/../../../../pic32mx/lib/size\libmchp_peripheral_32MX795F512L.a(int_restore_interrupts_lib.o)
 .comment       0x00000000       0x52 d:/program files (x86)/microchip/mplabc32/v2.02/bin/../lib/gcc/pic32mx/4.5.1/../../../../pic32mx/lib/size\libmchp_peripheral_32MX795F512L.a(int_enable_mv_int_lib.o)
 .comment       0x00000000       0x52 d:/program files (x86)/microchip/mplabc32/v2.02/bin/../lib/gcc/pic32mx/4.5.1/../../../../pic32mx/lib/size\libmchp_peripheral_32MX795F512L.a(int_tbl_lib.o)
 .comment       0x00000000       0x52 d:/program files (x86)/microchip/mplabc32/v2.02/bin/../lib/gcc/pic32mx/4.5.1/../../../../pic32mx/lib/size\libmchp_peripheral_32MX795F512L.a(port_set_pins_digital_in_lib.o)
 .comment       0x00000000       0x52 d:/program files (x86)/microchip/mplabc32/v2.02/bin/../lib/gcc/pic32mx/4.5.1/../../../../pic32mx/lib/size\libmchp_peripheral_32MX795F512L.a(port_set_pins_digital_out_lib.o)
 .comment       0x00000000       0x52 d:/program files (x86)/microchip/mplabc32/v2.02/bin/../lib/gcc/pic32mx/4.5.1/../../../../pic32mx/lib/size\libmchp_peripheral_32MX795F512L.a(_ports_tbl_libp.o)
 .comment       0x00000000       0x52 d:/program files (x86)/microchip/mplabc32/v2.02/bin/../lib/gcc/pic32mx/4.5.1/../../../../pic32mx/lib/size\libmchp_peripheral_32MX795F512L.a(uart_lib.o)
 .comment       0x00000000       0x52 d:/program files (x86)/microchip/mplabc32/v2.02/bin/../lib/gcc/pic32mx/4.5.1/../../../../pic32mx/lib/size\libmchp_peripheral_32MX795F512L.a(int_enable_interrupts_lib.o)
 .comment       0x00000000       0x52 d:/program files (x86)/microchip/mplabc32/v2.02/bin/../lib/gcc/pic32mx/4.5.1/size\libgcc.a(_lshrdi3.o)
 .comment       0x00000000       0x52 d:/program files (x86)/microchip/mplabc32/v2.02/bin/../lib/gcc/pic32mx/4.5.1/size\libgcc.a(_floatundisf.o)
 .comment       0x00000000       0x52 d:/program files (x86)/microchip/mplabc32/v2.02/bin/../lib/gcc/pic32mx/4.5.1/size\libgcc.a(_umoddi3.o)

.debug
 *(.debug)

.line
 *(.line)

.debug_srcinfo
 *(.debug_srcinfo)

.debug_sfnames
 *(.debug_sfnames)

.debug_aranges  0x00000000      0x7f0
 *(.debug_aranges)
 .debug_aranges
                0x00000000       0x20 d:/program files (x86)/microchip/mplabc32/v2.02/bin/../lib/gcc/pic32mx/4.5.1/size\libgcc.a(_udivdi3.o)
 .debug_aranges
                0x00000020       0x20 d:/program files (x86)/microchip/mplabc32/v2.02/bin/../lib/gcc/pic32mx/4.5.1/size\libgcc.a(floatunsisf.o)
 .debug_aranges
                0x00000040       0x20 d:/program files (x86)/microchip/mplabc32/v2.02/bin/../lib/gcc/pic32mx/4.5.1/../../../../pic32mx/lib/size\libc.a(atoi.o)
 .debug_aranges
                0x00000060       0x20 d:/program files (x86)/microchip/mplabc32/v2.02/bin/../lib/gcc/pic32mx/4.5.1/../../../../pic32mx/lib/size\libc.a(atol.o)
 .debug_aranges
                0x00000080       0x20 d:/program files (x86)/microchip/mplabc32/v2.02/bin/../lib/gcc/pic32mx/4.5.1/../../../../pic32mx/lib/size\libc.a(calloc.o)
 .debug_aranges
                0x000000a0       0x48 d:/program files (x86)/microchip/mplabc32/v2.02/bin/../lib/gcc/pic32mx/4.5.1/../../../../pic32mx/lib/size\libc.a(ctime.o)
 .debug_aranges
                0x000000e8       0x30 d:/program files (x86)/microchip/mplabc32/v2.02/bin/../lib/gcc/pic32mx/4.5.1/../../../../pic32mx/lib/size\libc.a(malloc.o)
 .debug_aranges
                0x00000118       0x20 d:/program files (x86)/microchip/mplabc32/v2.02/bin/../lib/gcc/pic32mx/4.5.1/../../../../pic32mx/lib/size\libc.a(strcat.o)
 .debug_aranges
                0x00000138       0x20 d:/program files (x86)/microchip/mplabc32/v2.02/bin/../lib/gcc/pic32mx/4.5.1/../../../../pic32mx/lib/size\libc.a(strchr.o)
 .debug_aranges
                0x00000158       0x20 d:/program files (x86)/microchip/mplabc32/v2.02/bin/../lib/gcc/pic32mx/4.5.1/../../../../pic32mx/lib/size\libc.a(strstr.o)
 .debug_aranges
                0x00000178       0x20 d:/program files (x86)/microchip/mplabc32/v2.02/bin/../lib/gcc/pic32mx/4.5.1/../../../../pic32mx/lib/size\libc.a(sprintf_cdfFnopuxX.eo)
 .debug_aranges
                0x00000198       0x20 d:/program files (x86)/microchip/mplabc32/v2.02/bin/../lib/gcc/pic32mx/4.5.1/../../../../pic32mx/lib/size\libc.a(sprintf.o)
 .debug_aranges
                0x000001b8       0x40 d:/program files (x86)/microchip/mplabc32/v2.02/bin/../lib/gcc/pic32mx/4.5.1/../../../../pic32mx/lib/size\libc.a(sbrk.o)
 .debug_aranges
                0x000001f8       0x20 d:/program files (x86)/microchip/mplabc32/v2.02/bin/../lib/gcc/pic32mx/4.5.1/../../../../pic32mx/lib/size\libc.a(default-bootstrap-exception-handler.o)
 .debug_aranges
                0x00000218       0x20 d:/program files (x86)/microchip/mplabc32/v2.02/bin/../lib/gcc/pic32mx/4.5.1/../../../../pic32mx/lib/size\libc.a(default-on-reset.o)
 .debug_aranges
                0x00000238       0x20 d:/program files (x86)/microchip/mplabc32/v2.02/bin/../lib/gcc/pic32mx/4.5.1/../../../../pic32mx/lib/size\libc.a(default-on-bootstrap.o)
 .debug_aranges
                0x00000258       0x20 d:/program files (x86)/microchip/mplabc32/v2.02/bin/../lib/gcc/pic32mx/4.5.1/../../../../pic32mx/lib/size\libc.a(strncmp.o)
 .debug_aranges
                0x00000278       0x28 d:/program files (x86)/microchip/mplabc32/v2.02/bin/../lib/gcc/pic32mx/4.5.1/../../../../pic32mx/lib/size\libc.a(doprnt_cdfFnopuxX.eo)
 .debug_aranges
                0x000002a0       0x30 d:/program files (x86)/microchip/mplabc32/v2.02/bin/../lib/gcc/pic32mx/4.5.1/../../../../pic32mx/lib/size\libc.a(doprnt.o)
 .debug_aranges
                0x000002d0       0x20 d:/program files (x86)/microchip/mplabc32/v2.02/bin/../lib/gcc/pic32mx/4.5.1/../../../../pic32mx/lib/size\libc.a(_fputc_simple.o)
 .debug_aranges
                0x000002f0       0x20 d:/program files (x86)/microchip/mplabc32/v2.02/bin/../lib/gcc/pic32mx/4.5.1/../../../../pic32mx/lib/size\libc.a(write.o)
 .debug_aranges
                0x00000310       0x20 d:/program files (x86)/microchip/mplabc32/v2.02/bin/../lib/gcc/pic32mx/4.5.1/../../../../pic32mx/lib/size\libc.a(_flsbuf_simple.o)
 .debug_aranges
                0x00000330       0x20 d:/program files (x86)/microchip/mplabc32/v2.02/bin/../lib/gcc/pic32mx/4.5.1/../../../../pic32mx/lib/size\libc.a(_mon_putc.o)
 .debug_aranges
                0x00000350       0x20 d:/program files (x86)/microchip/mplabc32/v2.02/bin/../lib/gcc/pic32mx/4.5.1/../../../../pic32mx/lib/size\libe.a(_floatdisf.o)
 .debug_aranges
                0x00000370       0x20 d:/program files (x86)/microchip/mplabc32/v2.02/bin/../lib/gcc/pic32mx/4.5.1/../../../../pic32mx/lib/size\libmchp_peripheral.a(read_core_timer_lib.o)
 .debug_aranges
                0x00000390       0x48 d:/program files (x86)/microchip/mplabc32/v2.02/bin/../lib/gcc/pic32mx/4.5.1/../../../../pic32mx/lib/size\libmchp_peripheral_32MX795F512L.a(eth_ack_packet_lib.o)
 .debug_aranges
                0x000003d8       0x28 d:/program files (x86)/microchip/mplabc32/v2.02/bin/../lib/gcc/pic32mx/4.5.1/../../../../pic32mx/lib/size\libmchp_peripheral_32MX795F512L.a(eth_descriptors_add_lib.o)
 .debug_aranges
                0x00000400       0x20 d:/program files (x86)/microchip/mplabc32/v2.02/bin/../lib/gcc/pic32mx/4.5.1/../../../../pic32mx/lib/size\libmchp_peripheral_32MX795F512L.a(eth_init_lib.o)
 .debug_aranges
                0x00000420       0x20 d:/program files (x86)/microchip/mplabc32/v2.02/bin/../lib/gcc/pic32mx/4.5.1/../../../../pic32mx/lib/size\libmchp_peripheral_32MX795F512L.a(eth_mac_open_lib.o)
 .debug_aranges
                0x00000440       0x30 d:/program files (x86)/microchip/mplabc32/v2.02/bin/../lib/gcc/pic32mx/4.5.1/../../../../pic32mx/lib/size\libmchp_peripheral_32MX795F512L.a(eth_mac_set_address_max_lib.o)
 .debug_aranges
                0x00000470       0x20 d:/program files (x86)/microchip/mplabc32/v2.02/bin/../lib/gcc/pic32mx/4.5.1/../../../../pic32mx/lib/size\libmchp_peripheral_32MX795F512L.a(eth_rx_buffers_append_lib.o)
 .debug_aranges
                0x00000490       0x48 d:/program files (x86)/microchip/mplabc32/v2.02/bin/../lib/gcc/pic32mx/4.5.1/../../../../pic32mx/lib/size\libmchp_peripheral_32MX795F512L.a(eth_rx_filters_lib.o)
 .debug_aranges
                0x000004d8       0x28 d:/program files (x86)/microchip/mplabc32/v2.02/bin/../lib/gcc/pic32mx/4.5.1/../../../../pic32mx/lib/size\libmchp_peripheral_32MX795F512L.a(eth_rx_get_packet_lib.o)
 .debug_aranges
                0x00000500       0x20 d:/program files (x86)/microchip/mplabc32/v2.02/bin/../lib/gcc/pic32mx/4.5.1/../../../../pic32mx/lib/size\libmchp_peripheral_32MX795F512L.a(eth_rx_set_buffer_size_lib.o)
 .debug_aranges
                0x00000520       0x48 d:/program files (x86)/microchip/mplabc32/v2.02/bin/../lib/gcc/pic32mx/4.5.1/../../../../pic32mx/lib/size\libmchp_peripheral_32MX795F512L.a(eth_tx_packet_lib.o)
 .debug_aranges
                0x00000568       0x20 d:/program files (x86)/microchip/mplabc32/v2.02/bin/../lib/gcc/pic32mx/4.5.1/../../../../pic32mx/lib/size\libmchp_peripheral_32MX795F512L.a(_eth_append_busy_list_lib.o)
 .debug_aranges
                0x00000588       0x48 d:/program files (x86)/microchip/mplabc32/v2.02/bin/../lib/gcc/pic32mx/4.5.1/../../../../pic32mx/lib/size\libmchp_peripheral_32MX795F512L.a(eth_miim_access.o)
 .debug_aranges
                0x000005d0       0x20 d:/program files (x86)/microchip/mplabc32/v2.02/bin/../lib/gcc/pic32mx/4.5.1/../../../../pic32mx/lib/size\libmchp_peripheral_32MX795F512L.a(soft_reset_lib.o)
 .debug_aranges
                0x000005f0       0x28 d:/program files (x86)/microchip/mplabc32/v2.02/bin/../lib/gcc/pic32mx/4.5.1/../../../../pic32mx/lib/size\libmchp_peripheral_32MX795F512L.a(pcache.o)
 .debug_aranges
                0x00000618       0x20 d:/program files (x86)/microchip/mplabc32/v2.02/bin/../lib/gcc/pic32mx/4.5.1/../../../../pic32mx/lib/size\libmchp_peripheral_32MX795F512L.a(int_disable_interrupts_lib.o)
 .debug_aranges
                0x00000638       0x20 d:/program files (x86)/microchip/mplabc32/v2.02/bin/../lib/gcc/pic32mx/4.5.1/../../../../pic32mx/lib/size\libmchp_peripheral_32MX795F512L.a(int_restore_interrupts_lib.o)
 .debug_aranges
                0x00000658       0x20 d:/program files (x86)/microchip/mplabc32/v2.02/bin/../lib/gcc/pic32mx/4.5.1/../../../../pic32mx/lib/size\libmchp_peripheral_32MX795F512L.a(int_enable_mv_int_lib.o)
 .debug_aranges
                0x00000678       0x60 d:/program files (x86)/microchip/mplabc32/v2.02/bin/../lib/gcc/pic32mx/4.5.1/../../../../pic32mx/lib/size\libmchp_peripheral_32MX795F512L.a(int_tbl_lib.o)
 .debug_aranges
                0x000006d8       0x20 d:/program files (x86)/microchip/mplabc32/v2.02/bin/../lib/gcc/pic32mx/4.5.1/../../../../pic32mx/lib/size\libmchp_peripheral_32MX795F512L.a(port_set_pins_digital_in_lib.o)
 .debug_aranges
                0x000006f8       0x20 d:/program files (x86)/microchip/mplabc32/v2.02/bin/../lib/gcc/pic32mx/4.5.1/../../../../pic32mx/lib/size\libmchp_peripheral_32MX795F512L.a(port_set_pins_digital_out_lib.o)
 .debug_aranges
                0x00000718       0x58 d:/program files (x86)/microchip/mplabc32/v2.02/bin/../lib/gcc/pic32mx/4.5.1/../../../../pic32mx/lib/size\libmchp_peripheral_32MX795F512L.a(uart_lib.o)
 .debug_aranges
                0x00000770       0x20 d:/program files (x86)/microchip/mplabc32/v2.02/bin/../lib/gcc/pic32mx/4.5.1/../../../../pic32mx/lib/size\libmchp_peripheral_32MX795F512L.a(int_enable_interrupts_lib.o)
 .debug_aranges
                0x00000790       0x20 d:/program files (x86)/microchip/mplabc32/v2.02/bin/../lib/gcc/pic32mx/4.5.1/size\libgcc.a(_lshrdi3.o)
 .debug_aranges
                0x000007b0       0x20 d:/program files (x86)/microchip/mplabc32/v2.02/bin/../lib/gcc/pic32mx/4.5.1/size\libgcc.a(_floatundisf.o)
 .debug_aranges
                0x000007d0       0x20 d:/program files (x86)/microchip/mplabc32/v2.02/bin/../lib/gcc/pic32mx/4.5.1/size\libgcc.a(_umoddi3.o)

.debug_pubnames
                0x00000000      0xa75
 *(.debug_pubnames)
 .debug_pubnames
                0x00000000       0x20 d:/program files (x86)/microchip/mplabc32/v2.02/bin/../lib/gcc/pic32mx/4.5.1/size\libgcc.a(_udivdi3.o)
 .debug_pubnames
                0x00000020       0x24 d:/program files (x86)/microchip/mplabc32/v2.02/bin/../lib/gcc/pic32mx/4.5.1/size\libgcc.a(floatunsisf.o)
 .debug_pubnames
                0x00000044       0x1b d:/program files (x86)/microchip/mplabc32/v2.02/bin/../lib/gcc/pic32mx/4.5.1/../../../../pic32mx/lib/size\libc.a(atoi.o)
 .debug_pubnames
                0x0000005f       0x1b d:/program files (x86)/microchip/mplabc32/v2.02/bin/../lib/gcc/pic32mx/4.5.1/../../../../pic32mx/lib/size\libc.a(atol.o)
 .debug_pubnames
                0x0000007a       0x1d d:/program files (x86)/microchip/mplabc32/v2.02/bin/../lib/gcc/pic32mx/4.5.1/../../../../pic32mx/lib/size\libc.a(calloc.o)
 .debug_pubnames
                0x00000097       0x41 d:/program files (x86)/microchip/mplabc32/v2.02/bin/../lib/gcc/pic32mx/4.5.1/../../../../pic32mx/lib/size\libc.a(ctime.o)
 .debug_pubnames
                0x000000d8       0x32 d:/program files (x86)/microchip/mplabc32/v2.02/bin/../lib/gcc/pic32mx/4.5.1/../../../../pic32mx/lib/size\libc.a(malloc.o)
 .debug_pubnames
                0x0000010a       0x1d d:/program files (x86)/microchip/mplabc32/v2.02/bin/../lib/gcc/pic32mx/4.5.1/../../../../pic32mx/lib/size\libc.a(strcat.o)
 .debug_pubnames
                0x00000127       0x1d d:/program files (x86)/microchip/mplabc32/v2.02/bin/../lib/gcc/pic32mx/4.5.1/../../../../pic32mx/lib/size\libc.a(strchr.o)
 .debug_pubnames
                0x00000144       0x1d d:/program files (x86)/microchip/mplabc32/v2.02/bin/../lib/gcc/pic32mx/4.5.1/../../../../pic32mx/lib/size\libc.a(strstr.o)
 .debug_pubnames
                0x00000161       0x2a d:/program files (x86)/microchip/mplabc32/v2.02/bin/../lib/gcc/pic32mx/4.5.1/../../../../pic32mx/lib/size\libc.a(sprintf_cdfFnopuxX.eo)
 .debug_pubnames
                0x0000018b       0x1e d:/program files (x86)/microchip/mplabc32/v2.02/bin/../lib/gcc/pic32mx/4.5.1/../../../../pic32mx/lib/size\libc.a(sprintf.o)
 .debug_pubnames
                0x000001a9       0x5c d:/program files (x86)/microchip/mplabc32/v2.02/bin/../lib/gcc/pic32mx/4.5.1/../../../../pic32mx/lib/size\libc.a(sbrk.o)
 .debug_pubnames
                0x00000205       0x33 d:/program files (x86)/microchip/mplabc32/v2.02/bin/../lib/gcc/pic32mx/4.5.1/../../../../pic32mx/lib/size\libc.a(default-bootstrap-exception-handler.o)
 .debug_pubnames
                0x00000238       0x20 d:/program files (x86)/microchip/mplabc32/v2.02/bin/../lib/gcc/pic32mx/4.5.1/../../../../pic32mx/lib/size\libc.a(default-on-reset.o)
 .debug_pubnames
                0x00000258       0x24 d:/program files (x86)/microchip/mplabc32/v2.02/bin/../lib/gcc/pic32mx/4.5.1/../../../../pic32mx/lib/size\libc.a(default-on-bootstrap.o)
 .debug_pubnames
                0x0000027c       0x1e d:/program files (x86)/microchip/mplabc32/v2.02/bin/../lib/gcc/pic32mx/4.5.1/../../../../pic32mx/lib/size\libc.a(strncmp.o)
 .debug_pubnames
                0x0000029a       0x2b d:/program files (x86)/microchip/mplabc32/v2.02/bin/../lib/gcc/pic32mx/4.5.1/../../../../pic32mx/lib/size\libc.a(doprnt_cdfFnopuxX.eo)
 .debug_pubnames
                0x000002c5       0x1f d:/program files (x86)/microchip/mplabc32/v2.02/bin/../lib/gcc/pic32mx/4.5.1/../../../../pic32mx/lib/size\libc.a(doprnt.o)
 .debug_pubnames
                0x000002e4       0x1c d:/program files (x86)/microchip/mplabc32/v2.02/bin/../lib/gcc/pic32mx/4.5.1/../../../../pic32mx/lib/size\libc.a(_fputc_simple.o)
 .debug_pubnames
                0x00000300       0x1c d:/program files (x86)/microchip/mplabc32/v2.02/bin/../lib/gcc/pic32mx/4.5.1/../../../../pic32mx/lib/size\libc.a(write.o)
 .debug_pubnames
                0x0000031c       0x1e d:/program files (x86)/microchip/mplabc32/v2.02/bin/../lib/gcc/pic32mx/4.5.1/../../../../pic32mx/lib/size\libc.a(_flsbuf_simple.o)
 .debug_pubnames
                0x0000033a       0x20 d:/program files (x86)/microchip/mplabc32/v2.02/bin/../lib/gcc/pic32mx/4.5.1/../../../../pic32mx/lib/size\libc.a(_mon_putc.o)
 .debug_pubnames
                0x0000035a       0x22 d:/program files (x86)/microchip/mplabc32/v2.02/bin/../lib/gcc/pic32mx/4.5.1/../../../../pic32mx/lib/size\libe.a(_floatdisf.o)
 .debug_pubnames
                0x0000037c       0x24 d:/program files (x86)/microchip/mplabc32/v2.02/bin/../lib/gcc/pic32mx/4.5.1/../../../../pic32mx/lib/size\libmchp_peripheral.a(read_core_timer_lib.o)
 .debug_pubnames
                0x000003a0       0x80 d:/program files (x86)/microchip/mplabc32/v2.02/bin/../lib/gcc/pic32mx/4.5.1/../../../../pic32mx/lib/size\libmchp_peripheral_32MX795F512L.a(eth_ack_packet_lib.o)
 .debug_pubnames
                0x00000420       0x42 d:/program files (x86)/microchip/mplabc32/v2.02/bin/../lib/gcc/pic32mx/4.5.1/../../../../pic32mx/lib/size\libmchp_peripheral_32MX795F512L.a(eth_descriptors_add_lib.o)
 .debug_pubnames
                0x00000462       0x1e d:/program files (x86)/microchip/mplabc32/v2.02/bin/../lib/gcc/pic32mx/4.5.1/../../../../pic32mx/lib/size\libmchp_peripheral_32MX795F512L.a(eth_init_lib.o)
 .debug_pubnames
                0x00000480       0x21 d:/program files (x86)/microchip/mplabc32/v2.02/bin/../lib/gcc/pic32mx/4.5.1/../../../../pic32mx/lib/size\libmchp_peripheral_32MX795F512L.a(eth_mac_open_lib.o)
 .debug_pubnames
                0x000004a1       0x52 d:/program files (x86)/microchip/mplabc32/v2.02/bin/../lib/gcc/pic32mx/4.5.1/../../../../pic32mx/lib/size\libmchp_peripheral_32MX795F512L.a(eth_mac_set_address_max_lib.o)
 .debug_pubnames
                0x000004f3       0x29 d:/program files (x86)/microchip/mplabc32/v2.02/bin/../lib/gcc/pic32mx/4.5.1/../../../../pic32mx/lib/size\libmchp_peripheral_32MX795F512L.a(eth_rx_buffers_append_lib.o)
 .debug_pubnames
                0x0000051c       0x92 d:/program files (x86)/microchip/mplabc32/v2.02/bin/../lib/gcc/pic32mx/4.5.1/../../../../pic32mx/lib/size\libmchp_peripheral_32MX795F512L.a(eth_rx_filters_lib.o)
 .debug_pubnames
                0x000005ae       0x38 d:/program files (x86)/microchip/mplabc32/v2.02/bin/../lib/gcc/pic32mx/4.5.1/../../../../pic32mx/lib/size\libmchp_peripheral_32MX795F512L.a(eth_rx_get_packet_lib.o)
 .debug_pubnames
                0x000005e6       0x29 d:/program files (x86)/microchip/mplabc32/v2.02/bin/../lib/gcc/pic32mx/4.5.1/../../../../pic32mx/lib/size\libmchp_peripheral_32MX795F512L.a(eth_rx_set_buffer_size_lib.o)
 .debug_pubnames
                0x0000060f       0x66 d:/program files (x86)/microchip/mplabc32/v2.02/bin/../lib/gcc/pic32mx/4.5.1/../../../../pic32mx/lib/size\libmchp_peripheral_32MX795F512L.a(eth_tx_packet_lib.o)
 .debug_pubnames
                0x00000675       0x29 d:/program files (x86)/microchip/mplabc32/v2.02/bin/../lib/gcc/pic32mx/4.5.1/../../../../pic32mx/lib/size\libmchp_peripheral_32MX795F512L.a(_eth_append_busy_list_lib.o)
 .debug_pubnames
                0x0000069e       0x90 d:/program files (x86)/microchip/mplabc32/v2.02/bin/../lib/gcc/pic32mx/4.5.1/../../../../pic32mx/lib/size\libmchp_peripheral_32MX795F512L.a(eth_miim_access.o)
 .debug_pubnames
                0x0000072e       0x20 d:/program files (x86)/microchip/mplabc32/v2.02/bin/../lib/gcc/pic32mx/4.5.1/../../../../pic32mx/lib/size\libmchp_peripheral_32MX795F512L.a(soft_reset_lib.o)
 .debug_pubnames
                0x0000074e       0x3b d:/program files (x86)/microchip/mplabc32/v2.02/bin/../lib/gcc/pic32mx/4.5.1/../../../../pic32mx/lib/size\libmchp_peripheral_32MX795F512L.a(pcache.o)
 .debug_pubnames
                0x00000789       0x2b d:/program files (x86)/microchip/mplabc32/v2.02/bin/../lib/gcc/pic32mx/4.5.1/../../../../pic32mx/lib/size\libmchp_peripheral_32MX795F512L.a(int_disable_interrupts_lib.o)
 .debug_pubnames
                0x000007b4       0x2b d:/program files (x86)/microchip/mplabc32/v2.02/bin/../lib/gcc/pic32mx/4.5.1/../../../../pic32mx/lib/size\libmchp_peripheral_32MX795F512L.a(int_restore_interrupts_lib.o)
 .debug_pubnames
                0x000007df       0x36 d:/program files (x86)/microchip/mplabc32/v2.02/bin/../lib/gcc/pic32mx/4.5.1/../../../../pic32mx/lib/size\libmchp_peripheral_32MX795F512L.a(int_enable_mv_int_lib.o)
 .debug_pubnames
                0x00000815       0xca d:/program files (x86)/microchip/mplabc32/v2.02/bin/../lib/gcc/pic32mx/4.5.1/../../../../pic32mx/lib/size\libmchp_peripheral_32MX795F512L.a(int_tbl_lib.o)
 .debug_pubnames
                0x000008df       0x2b d:/program files (x86)/microchip/mplabc32/v2.02/bin/../lib/gcc/pic32mx/4.5.1/../../../../pic32mx/lib/size\libmchp_peripheral_32MX795F512L.a(port_set_pins_digital_in_lib.o)
 .debug_pubnames
                0x0000090a       0x2c d:/program files (x86)/microchip/mplabc32/v2.02/bin/../lib/gcc/pic32mx/4.5.1/../../../../pic32mx/lib/size\libmchp_peripheral_32MX795F512L.a(port_set_pins_digital_out_lib.o)
 .debug_pubnames
                0x00000936       0xb1 d:/program files (x86)/microchip/mplabc32/v2.02/bin/../lib/gcc/pic32mx/4.5.1/../../../../pic32mx/lib/size\libmchp_peripheral_32MX795F512L.a(uart_lib.o)
 .debug_pubnames
                0x000009e7       0x2a d:/program files (x86)/microchip/mplabc32/v2.02/bin/../lib/gcc/pic32mx/4.5.1/../../../../pic32mx/lib/size\libmchp_peripheral_32MX795F512L.a(int_enable_interrupts_lib.o)
 .debug_pubnames
                0x00000a11       0x20 d:/program files (x86)/microchip/mplabc32/v2.02/bin/../lib/gcc/pic32mx/4.5.1/size\libgcc.a(_lshrdi3.o)
 .debug_pubnames
                0x00000a31       0x24 d:/program files (x86)/microchip/mplabc32/v2.02/bin/../lib/gcc/pic32mx/4.5.1/size\libgcc.a(_floatundisf.o)
 .debug_pubnames
                0x00000a55       0x20 d:/program files (x86)/microchip/mplabc32/v2.02/bin/../lib/gcc/pic32mx/4.5.1/size\libgcc.a(_umoddi3.o)

.debug_info     0x00000000     0x425a
 *(.debug_info .gnu.linkonce.wi.*)
 .debug_info    0x00000000      0x78b d:/program files (x86)/microchip/mplabc32/v2.02/bin/../lib/gcc/pic32mx/4.5.1/size\libgcc.a(_udivdi3.o)
 .debug_info    0x0000078b      0x190 d:/program files (x86)/microchip/mplabc32/v2.02/bin/../lib/gcc/pic32mx/4.5.1/size\libgcc.a(floatunsisf.o)
 .debug_info    0x0000091b       0xcd d:/program files (x86)/microchip/mplabc32/v2.02/bin/../lib/gcc/pic32mx/4.5.1/../../../../pic32mx/lib/size\libc.a(atoi.o)
 .debug_info    0x000009e8       0xcd d:/program files (x86)/microchip/mplabc32/v2.02/bin/../lib/gcc/pic32mx/4.5.1/../../../../pic32mx/lib/size\libc.a(atol.o)
 .debug_info    0x00000ab5       0xd1 d:/program files (x86)/microchip/mplabc32/v2.02/bin/../lib/gcc/pic32mx/4.5.1/../../../../pic32mx/lib/size\libc.a(calloc.o)
 .debug_info    0x00000b86      0x138 d:/program files (x86)/microchip/mplabc32/v2.02/bin/../lib/gcc/pic32mx/4.5.1/../../../../pic32mx/lib/size\libc.a(ctime.o)
 .debug_info    0x00000cbe        0x0 d:/program files (x86)/microchip/mplabc32/v2.02/bin/../lib/gcc/pic32mx/4.5.1/../../../../pic32mx/lib/size\libc.a(ctype.o)
 .debug_info    0x00000cbe       0xfa d:/program files (x86)/microchip/mplabc32/v2.02/bin/../lib/gcc/pic32mx/4.5.1/../../../../pic32mx/lib/size\libc.a(malloc.o)
 .debug_info    0x00000db8       0xd1 d:/program files (x86)/microchip/mplabc32/v2.02/bin/../lib/gcc/pic32mx/4.5.1/../../../../pic32mx/lib/size\libc.a(strcat.o)
 .debug_info    0x00000e89       0xd1 d:/program files (x86)/microchip/mplabc32/v2.02/bin/../lib/gcc/pic32mx/4.5.1/../../../../pic32mx/lib/size\libc.a(strchr.o)
 .debug_info    0x00000f5a       0xd1 d:/program files (x86)/microchip/mplabc32/v2.02/bin/../lib/gcc/pic32mx/4.5.1/../../../../pic32mx/lib/size\libc.a(strstr.o)
 .debug_info    0x0000102b       0xea d:/program files (x86)/microchip/mplabc32/v2.02/bin/../lib/gcc/pic32mx/4.5.1/../../../../pic32mx/lib/size\libc.a(sprintf_cdfFnopuxX.eo)
 .debug_info    0x00001115       0xd3 d:/program files (x86)/microchip/mplabc32/v2.02/bin/../lib/gcc/pic32mx/4.5.1/../../../../pic32mx/lib/size\libc.a(sprintf.o)
 .debug_info    0x000011e8      0x139 d:/program files (x86)/microchip/mplabc32/v2.02/bin/../lib/gcc/pic32mx/4.5.1/../../../../pic32mx/lib/size\libc.a(sbrk.o)
 .debug_info    0x00001321      0x106 d:/program files (x86)/microchip/mplabc32/v2.02/bin/../lib/gcc/pic32mx/4.5.1/../../../../pic32mx/lib/size\libc.a(default-bootstrap-exception-handler.o)
 .debug_info    0x00001427       0xe0 d:/program files (x86)/microchip/mplabc32/v2.02/bin/../lib/gcc/pic32mx/4.5.1/../../../../pic32mx/lib/size\libc.a(default-on-reset.o)
 .debug_info    0x00001507       0xe8 d:/program files (x86)/microchip/mplabc32/v2.02/bin/../lib/gcc/pic32mx/4.5.1/../../../../pic32mx/lib/size\libc.a(default-on-bootstrap.o)
 .debug_info    0x000015ef        0x0 d:/program files (x86)/microchip/mplabc32/v2.02/bin/../lib/gcc/pic32mx/4.5.1/../../../../pic32mx/lib/size\libc.a(errno.o)
 .debug_info    0x000015ef       0xd3 d:/program files (x86)/microchip/mplabc32/v2.02/bin/../lib/gcc/pic32mx/4.5.1/../../../../pic32mx/lib/size\libc.a(strncmp.o)
 .debug_info    0x000016c2      0x10b d:/program files (x86)/microchip/mplabc32/v2.02/bin/../lib/gcc/pic32mx/4.5.1/../../../../pic32mx/lib/size\libc.a(doprnt_cdfFnopuxX.eo)
 .debug_info    0x000017cd      0x108 d:/program files (x86)/microchip/mplabc32/v2.02/bin/../lib/gcc/pic32mx/4.5.1/../../../../pic32mx/lib/size\libc.a(doprnt.o)
 .debug_info    0x000018d5       0xda d:/program files (x86)/microchip/mplabc32/v2.02/bin/../lib/gcc/pic32mx/4.5.1/../../../../pic32mx/lib/size\libc.a(_fputc_simple.o)
 .debug_info    0x000019af        0x0 d:/program files (x86)/microchip/mplabc32/v2.02/bin/../lib/gcc/pic32mx/4.5.1/../../../../pic32mx/lib/size\libc.a(powers.o)
 .debug_info    0x000019af       0xd1 d:/program files (x86)/microchip/mplabc32/v2.02/bin/../lib/gcc/pic32mx/4.5.1/../../../../pic32mx/lib/size\libc.a(write.o)
 .debug_info    0x00001a80        0x0 d:/program files (x86)/microchip/mplabc32/v2.02/bin/../lib/gcc/pic32mx/4.5.1/../../../../pic32mx/lib/size\libc.a(_iob.o)
 .debug_info    0x00001a80       0xdd d:/program files (x86)/microchip/mplabc32/v2.02/bin/../lib/gcc/pic32mx/4.5.1/../../../../pic32mx/lib/size\libc.a(_flsbuf_simple.o)
 .debug_info    0x00001b5d       0xd9 d:/program files (x86)/microchip/mplabc32/v2.02/bin/../lib/gcc/pic32mx/4.5.1/../../../../pic32mx/lib/size\libc.a(_mon_putc.o)
 .debug_info    0x00001c36        0x0 d:/program files (x86)/microchip/mplabc32/v2.02/bin/../lib/gcc/pic32mx/4.5.1/../../../../pic32mx/lib/size\libc.a(c32_uart.o)
 .debug_info    0x00001c36       0xf3 d:/program files (x86)/microchip/mplabc32/v2.02/bin/../lib/gcc/pic32mx/4.5.1/../../../../pic32mx/lib/size\libe.a(_floatdisf.o)
 .debug_info    0x00001d29       0xbf d:/program files (x86)/microchip/mplabc32/v2.02/bin/../lib/gcc/pic32mx/4.5.1/../../../../pic32mx/lib/size\libmchp_peripheral.a(read_core_timer_lib.o)
 .debug_info    0x00001de8      0x180 d:/program files (x86)/microchip/mplabc32/v2.02/bin/../lib/gcc/pic32mx/4.5.1/../../../../pic32mx/lib/size\libmchp_peripheral_32MX795F512L.a(eth_ack_packet_lib.o)
 .debug_info    0x00001f68      0x107 d:/program files (x86)/microchip/mplabc32/v2.02/bin/../lib/gcc/pic32mx/4.5.1/../../../../pic32mx/lib/size\libmchp_peripheral_32MX795F512L.a(eth_descriptors_add_lib.o)
 .debug_info    0x0000206f       0xd3 d:/program files (x86)/microchip/mplabc32/v2.02/bin/../lib/gcc/pic32mx/4.5.1/../../../../pic32mx/lib/size\libmchp_peripheral_32MX795F512L.a(eth_init_lib.o)
 .debug_info    0x00002142       0xb7 d:/program files (x86)/microchip/mplabc32/v2.02/bin/../lib/gcc/pic32mx/4.5.1/../../../../pic32mx/lib/size\libmchp_peripheral_32MX795F512L.a(eth_mac_open_lib.o)
 .debug_info    0x000021f9      0x107 d:/program files (x86)/microchip/mplabc32/v2.02/bin/../lib/gcc/pic32mx/4.5.1/../../../../pic32mx/lib/size\libmchp_peripheral_32MX795F512L.a(eth_mac_set_address_max_lib.o)
 .debug_info    0x00002300       0xfb d:/program files (x86)/microchip/mplabc32/v2.02/bin/../lib/gcc/pic32mx/4.5.1/../../../../pic32mx/lib/size\libmchp_peripheral_32MX795F512L.a(eth_rx_buffers_append_lib.o)
 .debug_info    0x000023fb      0x15c d:/program files (x86)/microchip/mplabc32/v2.02/bin/../lib/gcc/pic32mx/4.5.1/../../../../pic32mx/lib/size\libmchp_peripheral_32MX795F512L.a(eth_rx_filters_lib.o)
 .debug_info    0x00002557       0xdd d:/program files (x86)/microchip/mplabc32/v2.02/bin/../lib/gcc/pic32mx/4.5.1/../../../../pic32mx/lib/size\libmchp_peripheral_32MX795F512L.a(eth_rx_get_packet_lib.o)
 .debug_info    0x00002634       0xc9 d:/program files (x86)/microchip/mplabc32/v2.02/bin/../lib/gcc/pic32mx/4.5.1/../../../../pic32mx/lib/size\libmchp_peripheral_32MX795F512L.a(eth_rx_set_buffer_size_lib.o)
 .debug_info    0x000026fd      0x18b d:/program files (x86)/microchip/mplabc32/v2.02/bin/../lib/gcc/pic32mx/4.5.1/../../../../pic32mx/lib/size\libmchp_peripheral_32MX795F512L.a(eth_tx_packet_lib.o)
 .debug_info    0x00002888       0xe9 d:/program files (x86)/microchip/mplabc32/v2.02/bin/../lib/gcc/pic32mx/4.5.1/../../../../pic32mx/lib/size\libmchp_peripheral_32MX795F512L.a(_eth_append_busy_list_lib.o)
 .debug_info    0x00002971      0x158 d:/program files (x86)/microchip/mplabc32/v2.02/bin/../lib/gcc/pic32mx/4.5.1/../../../../pic32mx/lib/size\libmchp_peripheral_32MX795F512L.a(eth_miim_access.o)
 .debug_info    0x00002ac9       0xc7 d:/program files (x86)/microchip/mplabc32/v2.02/bin/../lib/gcc/pic32mx/4.5.1/../../../../pic32mx/lib/size\libmchp_peripheral_32MX795F512L.a(soft_reset_lib.o)
 .debug_info    0x00002b90       0xd4 d:/program files (x86)/microchip/mplabc32/v2.02/bin/../lib/gcc/pic32mx/4.5.1/../../../../pic32mx/lib/size\libmchp_peripheral_32MX795F512L.a(pcache.o)
 .debug_info    0x00002c64       0xcb d:/program files (x86)/microchip/mplabc32/v2.02/bin/../lib/gcc/pic32mx/4.5.1/../../../../pic32mx/lib/size\libmchp_peripheral_32MX795F512L.a(int_disable_interrupts_lib.o)
 .debug_info    0x00002d2f       0xcb d:/program files (x86)/microchip/mplabc32/v2.02/bin/../lib/gcc/pic32mx/4.5.1/../../../../pic32mx/lib/size\libmchp_peripheral_32MX795F512L.a(int_restore_interrupts_lib.o)
 .debug_info    0x00002dfa       0xd1 d:/program files (x86)/microchip/mplabc32/v2.02/bin/../lib/gcc/pic32mx/4.5.1/../../../../pic32mx/lib/size\libmchp_peripheral_32MX795F512L.a(int_enable_mv_int_lib.o)
 .debug_info    0x00002ecb      0x1ab d:/program files (x86)/microchip/mplabc32/v2.02/bin/../lib/gcc/pic32mx/4.5.1/../../../../pic32mx/lib/size\libmchp_peripheral_32MX795F512L.a(int_tbl_lib.o)
 .debug_info    0x00003076       0xcf d:/program files (x86)/microchip/mplabc32/v2.02/bin/../lib/gcc/pic32mx/4.5.1/../../../../pic32mx/lib/size\libmchp_peripheral_32MX795F512L.a(port_set_pins_digital_in_lib.o)
 .debug_info    0x00003145       0xd1 d:/program files (x86)/microchip/mplabc32/v2.02/bin/../lib/gcc/pic32mx/4.5.1/../../../../pic32mx/lib/size\libmchp_peripheral_32MX795F512L.a(port_set_pins_digital_out_lib.o)
 .debug_info    0x00003216        0x0 d:/program files (x86)/microchip/mplabc32/v2.02/bin/../lib/gcc/pic32mx/4.5.1/../../../../pic32mx/lib/size\libmchp_peripheral_32MX795F512L.a(_ports_tbl_libp.o)
 .debug_info    0x00003216      0x18a d:/program files (x86)/microchip/mplabc32/v2.02/bin/../lib/gcc/pic32mx/4.5.1/../../../../pic32mx/lib/size\libmchp_peripheral_32MX795F512L.a(uart_lib.o)
 .debug_info    0x000033a0       0xc9 d:/program files (x86)/microchip/mplabc32/v2.02/bin/../lib/gcc/pic32mx/4.5.1/../../../../pic32mx/lib/size\libmchp_peripheral_32MX795F512L.a(int_enable_interrupts_lib.o)
 .debug_info    0x00003469      0x351 d:/program files (x86)/microchip/mplabc32/v2.02/bin/../lib/gcc/pic32mx/4.5.1/size\libgcc.a(_lshrdi3.o)
 .debug_info    0x000037ba      0x2d8 d:/program files (x86)/microchip/mplabc32/v2.02/bin/../lib/gcc/pic32mx/4.5.1/size\libgcc.a(_floatundisf.o)
 .debug_info    0x00003a92      0x7c8 d:/program files (x86)/microchip/mplabc32/v2.02/bin/../lib/gcc/pic32mx/4.5.1/size\libgcc.a(_umoddi3.o)

.debug_abbrev   0x00000000      0xc14
 *(.debug_abbrev)
 .debug_abbrev  0x00000000      0x13d d:/program files (x86)/microchip/mplabc32/v2.02/bin/../lib/gcc/pic32mx/4.5.1/size\libgcc.a(_udivdi3.o)
 .debug_abbrev  0x0000013d       0x61 d:/program files (x86)/microchip/mplabc32/v2.02/bin/../lib/gcc/pic32mx/4.5.1/size\libgcc.a(floatunsisf.o)
 .debug_abbrev  0x0000019e       0x25 d:/program files (x86)/microchip/mplabc32/v2.02/bin/../lib/gcc/pic32mx/4.5.1/../../../../pic32mx/lib/size\libc.a(atoi.o)
 .debug_abbrev  0x000001c3       0x25 d:/program files (x86)/microchip/mplabc32/v2.02/bin/../lib/gcc/pic32mx/4.5.1/../../../../pic32mx/lib/size\libc.a(atol.o)
 .debug_abbrev  0x000001e8       0x25 d:/program files (x86)/microchip/mplabc32/v2.02/bin/../lib/gcc/pic32mx/4.5.1/../../../../pic32mx/lib/size\libc.a(calloc.o)
 .debug_abbrev  0x0000020d       0x36 d:/program files (x86)/microchip/mplabc32/v2.02/bin/../lib/gcc/pic32mx/4.5.1/../../../../pic32mx/lib/size\libc.a(ctime.o)
 .debug_abbrev  0x00000243        0x1 d:/program files (x86)/microchip/mplabc32/v2.02/bin/../lib/gcc/pic32mx/4.5.1/../../../../pic32mx/lib/size\libc.a(ctype.o)
 .debug_abbrev  0x00000244       0x25 d:/program files (x86)/microchip/mplabc32/v2.02/bin/../lib/gcc/pic32mx/4.5.1/../../../../pic32mx/lib/size\libc.a(malloc.o)
 .debug_abbrev  0x00000269       0x25 d:/program files (x86)/microchip/mplabc32/v2.02/bin/../lib/gcc/pic32mx/4.5.1/../../../../pic32mx/lib/size\libc.a(strcat.o)
 .debug_abbrev  0x0000028e       0x25 d:/program files (x86)/microchip/mplabc32/v2.02/bin/../lib/gcc/pic32mx/4.5.1/../../../../pic32mx/lib/size\libc.a(strchr.o)
 .debug_abbrev  0x000002b3       0x25 d:/program files (x86)/microchip/mplabc32/v2.02/bin/../lib/gcc/pic32mx/4.5.1/../../../../pic32mx/lib/size\libc.a(strstr.o)
 .debug_abbrev  0x000002d8       0x25 d:/program files (x86)/microchip/mplabc32/v2.02/bin/../lib/gcc/pic32mx/4.5.1/../../../../pic32mx/lib/size\libc.a(sprintf_cdfFnopuxX.eo)
 .debug_abbrev  0x000002fd       0x25 d:/program files (x86)/microchip/mplabc32/v2.02/bin/../lib/gcc/pic32mx/4.5.1/../../../../pic32mx/lib/size\libc.a(sprintf.o)
 .debug_abbrev  0x00000322       0x38 d:/program files (x86)/microchip/mplabc32/v2.02/bin/../lib/gcc/pic32mx/4.5.1/../../../../pic32mx/lib/size\libc.a(sbrk.o)
 .debug_abbrev  0x0000035a       0x25 d:/program files (x86)/microchip/mplabc32/v2.02/bin/../lib/gcc/pic32mx/4.5.1/../../../../pic32mx/lib/size\libc.a(default-bootstrap-exception-handler.o)
 .debug_abbrev  0x0000037f       0x25 d:/program files (x86)/microchip/mplabc32/v2.02/bin/../lib/gcc/pic32mx/4.5.1/../../../../pic32mx/lib/size\libc.a(default-on-reset.o)
 .debug_abbrev  0x000003a4       0x25 d:/program files (x86)/microchip/mplabc32/v2.02/bin/../lib/gcc/pic32mx/4.5.1/../../../../pic32mx/lib/size\libc.a(default-on-bootstrap.o)
 .debug_abbrev  0x000003c9        0x1 d:/program files (x86)/microchip/mplabc32/v2.02/bin/../lib/gcc/pic32mx/4.5.1/../../../../pic32mx/lib/size\libc.a(errno.o)