Archive member included because of file (symbol)

/sdd/opt/microchip/xc32/v1.40/bin/bin/../../lib/gcc/pic32mx/4.8.3/../../../../pic32mx/lib/speed/libmchp_peripheral.a(read_core_timer_lib.o)
                              build/default/production/_ext/1295770447/ETHPIC32ExtPhy.o (ReadCoreTimer)
/sdd/opt/microchip/xc32/v1.40/bin/bin/../../lib/gcc/pic32mx/4.8.3/../../../../pic32mx/lib/speed/libmchp_peripheral_32MX795F512L.a(eth_ack_packet_lib.o)
                              build/default/production/_ext/1295770447/ETHPIC32IntMac.o (EthRxAcknowledgeBuffer)
/sdd/opt/microchip/xc32/v1.40/bin/bin/../../lib/gcc/pic32mx/4.8.3/../../../../pic32mx/lib/speed/libmchp_peripheral_32MX795F512L.a(eth_descriptors_add_lib.o)
                              /sdd/opt/microchip/xc32/v1.40/bin/bin/../../lib/gcc/pic32mx/4.8.3/../../../../pic32mx/lib/speed/libmchp_peripheral_32MX795F512L.a(eth_ack_packet_lib.o) (_EthTxFreeList)
/sdd/opt/microchip/xc32/v1.40/bin/bin/../../lib/gcc/pic32mx/4.8.3/../../../../pic32mx/lib/speed/libmchp_peripheral_32MX795F512L.a(eth_init_lib.o)
                              build/default/production/_ext/1295770447/ETHPIC32IntMac.o (EthInit)
/sdd/opt/microchip/xc32/v1.40/bin/bin/../../lib/gcc/pic32mx/4.8.3/../../../../pic32mx/lib/speed/libmchp_peripheral_32MX795F512L.a(eth_mac_open_lib.o)
                              build/default/production/_ext/1295770447/ETHPIC32IntMac.o (EthMACOpen)
/sdd/opt/microchip/xc32/v1.40/bin/bin/../../lib/gcc/pic32mx/4.8.3/../../../../pic32mx/lib/speed/libmchp_peripheral_32MX795F512L.a(eth_mac_set_address_max_lib.o)
                              build/default/production/_ext/1295770447/ETHPIC32IntMac.o (EthMACSetAddress)
/sdd/opt/microchip/xc32/v1.40/bin/bin/../../lib/gcc/pic32mx/4.8.3/../../../../pic32mx/lib/speed/libmchp_peripheral_32MX795F512L.a(eth_rx_buffers_append_lib.o)
                              build/default/production/_ext/1295770447/ETHPIC32IntMac.o (EthRxBuffersAppend)
/sdd/opt/microchip/xc32/v1.40/bin/bin/../../lib/gcc/pic32mx/4.8.3/../../../../pic32mx/lib/speed/libmchp_peripheral_32MX795F512L.a(eth_rx_filters_lib.o)
                              build/default/production/_ext/1295770447/ETHPIC32IntMac.o (EthRxFiltersSet)
/sdd/opt/microchip/xc32/v1.40/bin/bin/../../lib/gcc/pic32mx/4.8.3/../../../../pic32mx/lib/speed/libmchp_peripheral_32MX795F512L.a(eth_rx_get_packet_lib.o)
                              build/default/production/_ext/1295770447/ETHPIC32IntMac.o (EthRxGetBuffer)
/sdd/opt/microchip/xc32/v1.40/bin/bin/../../lib/gcc/pic32mx/4.8.3/../../../../pic32mx/lib/speed/libmchp_peripheral_32MX795F512L.a(eth_rx_set_buffer_size_lib.o)
                              build/default/production/_ext/1295770447/ETHPIC32IntMac.o (EthRxSetBufferSize)
/sdd/opt/microchip/xc32/v1.40/bin/bin/../../lib/gcc/pic32mx/4.8.3/../../../../pic32mx/lib/speed/libmchp_peripheral_32MX795F512L.a(eth_tx_packet_lib.o)
                              build/default/production/_ext/1295770447/ETHPIC32IntMac.o (EthTxSendBuffer)
/sdd/opt/microchip/xc32/v1.40/bin/bin/../../lib/gcc/pic32mx/4.8.3/../../../../pic32mx/lib/speed/libmchp_peripheral_32MX795F512L.a(_eth_append_busy_list_lib.o)
                              /sdd/opt/microchip/xc32/v1.40/bin/bin/../../lib/gcc/pic32mx/4.8.3/../../../../pic32mx/lib/speed/libmchp_peripheral_32MX795F512L.a(eth_ack_packet_lib.o) (_EthAppendBusyList)
/sdd/opt/microchip/xc32/v1.40/bin/bin/../../lib/gcc/pic32mx/4.8.3/../../../../pic32mx/lib/speed/libmchp_peripheral_32MX795F512L.a(eth_miim_access.o)
                              build/default/production/_ext/1295770447/ETHPIC32ExtPhy.o (EthMIIMReadStart)
/sdd/opt/microchip/xc32/v1.40/bin/bin/../../lib/gcc/pic32mx/4.8.3/../../../../pic32mx/lib/speed/libmchp_peripheral_32MX795F512L.a(soft_reset_lib.o)
                              build/default/production/_ext/1295770447/Reboot.o (SoftReset)
/sdd/opt/microchip/xc32/v1.40/bin/bin/../../lib/gcc/pic32mx/4.8.3/../../../../pic32mx/lib/speed/libmchp_peripheral_32MX795F512L.a(pcache.o)
                              build/default/production/_ext/1472/MainDemo.o (CheKseg0CacheOn)
/sdd/opt/microchip/xc32/v1.40/bin/bin/../../lib/gcc/pic32mx/4.8.3/../../../../pic32mx/lib/speed/libmchp_peripheral_32MX795F512L.a(int_disable_interrupts_lib.o)
                              build/default/production/_ext/1472/MainDemo.o (INTDisableInterrupts)
/sdd/opt/microchip/xc32/v1.40/bin/bin/../../lib/gcc/pic32mx/4.8.3/../../../../pic32mx/lib/speed/libmchp_peripheral_32MX795F512L.a(int_restore_interrupts_lib.o)
                              build/default/production/_ext/1472/MainDemo.o (INTRestoreInterrupts)
/sdd/opt/microchip/xc32/v1.40/bin/bin/../../lib/gcc/pic32mx/4.8.3/../../../../pic32mx/lib/speed/libmchp_peripheral_32MX795F512L.a(int_enable_mv_int_lib.o)
                              build/default/production/_ext/1472/MainDemo.o (INTEnableSystemMultiVectoredInt)
[...]
Memory Configuration

Name             Origin             Length             Attributes
kseg0_program_mem 0x9d000000         0x00080000         xr
kseg0_boot_mem   0x9fc00490         0x00000970
exception_mem    0x9fc01000         0x00001000
kseg1_boot_mem   0xbfc00000         0x00000490
debug_exec_mem   0xbfc02000         0x00000ff0
config3          0xbfc02ff0         0x00000004
config2          0xbfc02ff4         0x00000004
config1          0xbfc02ff8         0x00000004
config0          0xbfc02ffc         0x00000004
kseg1_data_mem   0xa0000000         0x00020000         w !x
sfrs             0xbf800000         0x00100000
configsfrs       0xbfc02ff0         0x00000010
*default*        0x00000000         0xffffffff

Linker script and memory map

LOAD /sdd/opt/microchip/xc32/v1.40/bin/bin/../../lib/gcc/pic32mx/4.8.3/../../../../pic32mx/lib/./proc/32MX795F512L/crt0_mips32r2.o
LOAD /sdd/opt/microchip/xc32/v1.40/bin/bin/../../lib/gcc/pic32mx/4.8.3/../../../../pic32mx/lib/speed/debug-exception-return.o
LOAD build/default/production/_ext/1472/BerkeleyTCPClientDemo.o
LOAD build/default/production/_ext/1472/BerkeleyTCPServerDemo.o
LOAD build/default/production/_ext/1472/BerkeleyUDPClientDemo.o
LOAD build/default/production/_ext/1472/GenericTCPClient.o
LOAD build/default/production/_ext/1472/GenericTCPServer.o
LOAD build/default/production/_ext/1472/LegacyHTTPApp.o
LOAD build/default/production/_ext/1472/PingDemo.o
LOAD build/default/production/_ext/1472/SMTPDemo.o
LOAD build/default/production/_ext/1472/UARTConfig.o
LOAD build/default/production/_ext/1295770447/Announce.o
LOAD build/default/production/_ext/1295770447/ARCFOUR.o
LOAD build/default/production/_ext/1295770447/ARP.o
LOAD build/default/production/_ext/1295770447/AutoIP.o
LOAD build/default/production/_ext/1295770447/BerkeleyAPI.o
LOAD build/default/production/_ext/1295770447/BigInt.o
LOAD build/default/production/_ext/1295770447/Delay.o
LOAD build/default/production/_ext/1295770447/DHCP.o
LOAD build/default/production/_ext/1295770447/DHCPs.o
LOAD build/default/production/_ext/1295770447/DNS.o
LOAD build/default/production/_ext/1295770447/DNSs.o
LOAD build/default/production/_ext/1295770447/DynDNS.o
LOAD build/default/production/_ext/1295770447/ENC28J60.o
LOAD build/default/production/_ext/1295770447/ENCX24J600.o
LOAD build/default/production/_ext/1295770447/ETHPIC32ExtPhy.o
LOAD build/default/production/_ext/1295770447/ETHPIC32ExtPhyDP83848.o
LOAD build/default/production/_ext/1295770447/ETHPIC32IntMac.o
LOAD build/default/production/_ext/1295770447/FileSystem.o
LOAD build/default/production/_ext/1295770447/FTP.o
LOAD build/default/production/_ext/1295770447/Hashes.o
LOAD build/default/production/_ext/1295770447/Helpers.o
LOAD build/default/production/_ext/1295770447/HTTP2.o
LOAD build/default/production/_ext/1295770447/HTTP.o
LOAD build/default/production/_ext/1295770447/ICMP.o
LOAD build/default/production/_ext/1295770447/IP.o
LOAD build/default/production/_ext/1295770447/LCDBlocking.o
LOAD build/default/production/_ext/1295770447/MPFS2.o
LOAD build/default/production/_ext/1295770447/MPFS.o
LOAD build/default/production/_ext/1295770447/NBNS.o
LOAD build/default/production/_ext/1295770447/Random.o
LOAD build/default/production/_ext/1295770447/Reboot.o
LOAD build/default/production/_ext/1295770447/RSA.o
LOAD build/default/production/_ext/1295770447/SMTP.o
LOAD build/default/production/_ext/1295770447/SNMP.o
LOAD build/default/production/_ext/1295770447/SNMPv3.o
LOAD build/default/production/_ext/1295770447/SNMPv3USM.o
LOAD build/default/production/_ext/1295770447/SNTP.o
LOAD build/default/production/_ext/1295770447/SPIEEPROM.o
LOAD build/default/production/_ext/1295770447/SPIFlash.o
LOAD build/default/production/_ext/1295770447/SPIRAM.o
LOAD build/default/production/_ext/1295770447/SSL.o
LOAD build/default/production/_ext/1295770447/StackTsk.o
LOAD build/default/production/_ext/1295770447/TCP.o
LOAD build/default/production/_ext/1295770447/TCPPerformanceTest.o
LOAD build/default/production/_ext/1295770447/Telnet.o
LOAD build/default/production/_ext/1295770447/TFTPc.o
LOAD build/default/production/_ext/1295770447/Tick.o
LOAD build/default/production/_ext/1295770447/UART2TCPBridge.o
LOAD build/default/production/_ext/1295770447/UART.o
LOAD build/default/production/_ext/1295770447/UDP.o
LOAD build/default/production/_ext/1295770447/UDPPerformanceTest.o
LOAD build/default/production/_ext/1295770447/ZeroconfHelper.o
LOAD build/default/production/_ext/1295770447/ZeroconfLinkLocal.o
LOAD build/default/production/_ext/1295770447/ZeroconfMulticastDNS.o
LOAD build/default/production/_ext/1472/MPFSImg2.o
LOAD build/default/production/_ext/1472/MPFSImg.o
LOAD build/default/production/_ext/1295770447/BigInt_helper_C32.o
LOAD build/default/production/_ext/1472/CustomHTTPApp.o
LOAD build/default/production/_ext/1472/CustomSNMPApp.o
LOAD build/default/production/_ext/1472/CustomSSLCert.o
LOAD build/default/production/_ext/1472/MainDemo.o
LOAD build/default/production/_ext/1472/mbmc.o
LOAD build/default/production/_ext/1472/crc8_fast.o
LOAD ../../Microchip/Crypto/AES_PIC32MX.a
                0x00000001                __MPLAB_BUILD = 0x1
                0x00003e80                _min_heap_size = 0x3e80
                0x00000800                _min_stack_size = 0x800
LOAD /sdd/opt/microchip/xc32/v1.40/bin/bin/../../lib/gcc/pic32mx/4.8.3/../../../../pic32mx/lib/./proc/32MX795F512L/default_isr_vectors.o
LOAD /sdd/opt/microchip/xc32/v1.40/bin/bin/../../lib/gcc/pic32mx/4.8.3/../../../../pic32mx/lib/speed/pic32_software_reset.o
                0x00000400                PROVIDE (_min_stack_size, 0x400)
LOAD /sdd/opt/microchip/xc32/v1.40/bin/bin/../../lib/gcc/pic32mx/4.8.3/../../../../pic32mx/lib/./proc/32MX795F512L/processor.o
START GROUP
LOAD /sdd/opt/microchip/xc32/v1.40/bin/bin/../../lib/gcc/pic32mx/4.8.3/../../../../pic32mx/lib/speed/libmchp_peripheral.a
END GROUP
START GROUP
LOAD /sdd/opt/microchip/xc32/v1.40/bin/bin/../../lib/gcc/pic32mx/4.8.3/../../../../pic32mx/lib/speed/libmchp_peripheral_32MX795F512L.a
END GROUP
                0x00000001                PROVIDE (_vector_spacing, 0x1)
                0x9fc01000                _ebase_address = 0x9fc01000
                0xbfc00000                _RESET_ADDR = 0xbfc00000
                0xbfc00380                _BEV_EXCPT_ADDR = 0xbfc00380
                0xbfc00480                _DBG_EXCPT_ADDR = 0xbfc00480
                0xbfc02000                _DBG_CODE_ADDR = 0xbfc02000
                0x00000ff0                _DBG_CODE_SIZE = 0xff0
                0x9fc01180                _GEN_EXCPT_ADDR = (_ebase_address + 0x180)

.config_BFC02FF0
                0xbfc02ff0        0x4
 *(.config_BFC02FF0)
 .config_BFC02FF0
                0xbfc02ff0        0x4 build/default/production/_ext/1472/MainDemo.o

.config_BFC02FF4
                0xbfc02ff4        0x4
 *(.config_BFC02FF4)
 .config_BFC02FF4
                0xbfc02ff4        0x4 build/default/production/_ext/1472/MainDemo.o

.config_BFC02FF8
                0xbfc02ff8        0x4
 *(.config_BFC02FF8)
 .config_BFC02FF8
                0xbfc02ff8        0x4 build/default/production/_ext/1472/MainDemo.o

.config_BFC02FFC
                0xbfc02ffc        0x4
 *(.config_BFC02FFC)
 .config_BFC02FFC
                0xbfc02ffc        0x4 build/default/production/_ext/1472/MainDemo.o
                0xbfc02000                PROVIDE (_DBG_CODE_ADDR, 0xbfc02000)
                0x00000ff0                PROVIDE (_DBG_CODE_SIZE, 0xff0)

.reset          0xbfc00000      0x1f4
 *(.reset)
 .reset         0xbfc00000        0x8 /sdd/opt/microchip/xc32/v1.40/bin/bin/../../lib/gcc/pic32mx/4.8.3/../../../../pic32mx/lib/./proc/32MX795F512L/crt0_mips32r2.o
                0xbfc00000                _reset
 *(.reset.startup)
 .reset.startup
                0xbfc00008      0x1ec /sdd/opt/microchip/xc32/v1.40/bin/bin/../../lib/gcc/pic32mx/4.8.3/../../../../pic32mx/lib/./proc/32MX795F512L/crt0_mips32r2.o

.bev_excpt      0xbfc00380       0x10
 *(.bev_handler)
 .bev_handler   0xbfc00380       0x10 /sdd/opt/microchip/xc32/v1.40/bin/bin/../../lib/gcc/pic32mx/4.8.3/../../../../pic32mx/lib/./proc/32MX795F512L/crt0_mips32r2.o

.dbg_excpt      0xbfc00480        0x0
                0xbfc00480                . = (. + DEFINED (_DEBUGGER)?0x8:0x0)

.dbg_code       0xbfc02000        0x0
                0xbfc02000                . = (. + DEFINED (_DEBUGGER)?_DBG_CODE_SIZE:0x0)

.app_excpt      0x9fc01180       0x10
 *(.gen_handler)
 .gen_handler   0x9fc01180       0x10 /sdd/opt/microchip/xc32/v1.40/bin/bin/../../lib/gcc/pic32mx/4.8.3/../../../../pic32mx/lib/./proc/32MX795F512L/crt0_mips32r2.o

.vector_0       0x9fc01200        0x8
 *(.vector_0)
 .vector_0      0x9fc01200        0x8 /sdd/opt/microchip/xc32/v1.40/bin/bin/../../lib/gcc/pic32mx/4.8.3/../../../../pic32mx/lib/speed/libpic32.a(vector0.o)
                0x9fc01200                __vector_dispatch_0
                0x00000001                ASSERT (((_vector_spacing == 0x0) || (SIZEOF (.vector_0) <= (_vector_spacing << 0x5))), function at exception vector 0 too large)

.vector_1       0x9fc01220        0x8
 *(.vector_1)
 .vector_1      0x9fc01220        0x8 /sdd/opt/microchip/xc32/v1.40/bin/bin/../../lib/gcc/pic32mx/4.8.3/../../../../pic32mx/lib/speed/libpic32.a(vector1.o)
                0x9fc01220                __vector_dispatch_1
                0x00000001                ASSERT (((_vector_spacing == 0x0) || (SIZEOF (.vector_1) <= (_vector_spacing << 0x5))), function at exception vector 1 too large)

.vector_2       0x9fc01240        0x8
 *(.vector_2)
 .vector_2      0x9fc01240        0x8 /sdd/opt/microchip/xc32/v1.40/bin/bin/../../lib/gcc/pic32mx/4.8.3/../../../../pic32mx/lib/speed/libpic32.a(vector2.o)
                0x9fc01240                __vector_dispatch_2
                0x00000001                ASSERT (((_vector_spacing == 0x0) || (SIZEOF (.vector_2) <= (_vector_spacing << 0x5))), function at exception vector 2 too large)

.vector_3       0x9fc01260        0x8
 *(.vector_3)
 .vector_3      0x9fc01260        0x8 /sdd/opt/microchip/xc32/v1.40/bin/bin/../../lib/gcc/pic32mx/4.8.3/../../../../pic32mx/lib/speed/libpic32.a(vector3.o)
                0x9fc01260                __vector_dispatch_3
                0x00000001                ASSERT (((_vector_spacing == 0x0) || (SIZEOF (.vector_3) <= (_vector_spacing << 0x5))), function at exception vector 3 too large)

.vector_4       0x9fc01280        0x8
 *(.vector_4)
 .vector_4      0x9fc01280        0x8 build/default/production/_ext/1295770447/Tick.o
                0x9fc01280                __vector_dispatch_4
                0x00000001                ASSERT (((_vector_spacing == 0x0) || (SIZEOF (.vector_4) <= (_vector_spacing << 0x5))), function at exception vector 4 too large)

.vector_5       0x9fc012a0        0x8
 *(.vector_5)
 .vector_5      0x9fc012a0        0x8 /sdd/opt/microchip/xc32/v1.40/bin/bin/../../lib/gcc/pic32mx/4.8.3/../../../../pic32mx/lib/speed/libpic32.a(vector5.o)
                0x9fc012a0                __vector_dispatch_5
                0x00000001                ASSERT (((_vector_spacing == 0x0) || (SIZEOF (.vector_5) <= (_vector_spacing << 0x5))), function at exception vector 5 too large)

.vector_6       0x9fc012c0        0x8
 *(.vector_6)
 .vector_6      0x9fc012c0        0x8 /sdd/opt/microchip/xc32/v1.40/bin/bin/../../lib/gcc/pic32mx/4.8.3/../../../../pic32mx/lib/speed/libpic32.a(vector6.o)
                0x9fc012c0                __vector_dispatch_6
                0x00000001                ASSERT (((_vector_spacing == 0x0) || (SIZEOF (.vector_6) <= (_vector_spacing << 0x5))), function at exception vector 6 too large)

.vector_7       0x9fc012e0        0x8
 *(.vector_7)
 .vector_7      0x9fc012e0        0x8 /sdd/opt/microchip/xc32/v1.40/bin/bin/../../lib/gcc/pic32mx/4.8.3/../../../../pic32mx/lib/speed/libpic32.a(vector7.o)
                0x9fc012e0                __vector_dispatch_7
                0x00000001                ASSERT (((_vector_spacing == 0x0) || (SIZEOF (.vector_7) <= (_vector_spacing << 0x5))), function at exception vector 7 too large)

.vector_8       0x9fc01300        0x8
 *(.vector_8)
 .vector_8      0x9fc01300        0x8 /sdd/opt/microchip/xc32/v1.40/bin/bin/../../lib/gcc/pic32mx/4.8.3/../../../../pic32mx/lib/speed/libpic32.a(vector8.o)
                0x9fc01300                __vector_dispatch_8
                0x00000001                ASSERT (((_vector_spacing == 0x0) || (SIZEOF (.vector_8) <= (_vector_spacing << 0x5))), function at exception vector 8 too large)

.vector_9       0x9fc01320        0x8
 *(.vector_9)
 .vector_9      0x9fc01320        0x8 /sdd/opt/microchip/xc32/v1.40/bin/bin/../../lib/gcc/pic32mx/4.8.3/../../../../pic32mx/lib/speed/libpic32.a(vector9.o)
                0x9fc01320                __vector_dispatch_9
                0x00000001                ASSERT (((_vector_spacing == 0x0) || (SIZEOF (.vector_9) <= (_vector_spacing << 0x5))), function at exception vector 9 too large)

.vector_10      0x9fc01340        0x8
 *(.vector_10)
 .vector_10     0x9fc01340        0x8 /sdd/opt/microchip/xc32/v1.40/bin/bin/../../lib/gcc/pic32mx/4.8.3/../../../../pic32mx/lib/speed/libpic32.a(vector10.o)
                0x9fc01340                __vector_dispatch_10
                0x00000001                ASSERT (((_vector_spacing == 0x0) || (SIZEOF (.vector_10) <= (_vector_spacing << 0x5))), function at exception vector 10 too large)

.vector_11      0x9fc01360        0x8
 *(.vector_11)
 .vector_11     0x9fc01360        0x8 /sdd/opt/microchip/xc32/v1.40/bin/bin/../../lib/gcc/pic32mx/4.8.3/../../../../pic32mx/lib/speed/libpic32.a(vector11.o)
                0x9fc01360                __vector_dispatch_11
                0x00000001                ASSERT (((_vector_spacing == 0x0) || (SIZEOF (.vector_11) <= (_vector_spacing << 0x5))), function at exception vector 11 too large)

.vector_12      0x9fc01380        0x8
 *(.vector_12)
 .vector_12     0x9fc01380        0x8 /sdd/opt/microchip/xc32/v1.40/bin/bin/../../lib/gcc/pic32mx/4.8.3/../../../../pic32mx/lib/speed/libpic32.a(vector12.o)
                0x9fc01380                __vector_dispatch_12
                0x00000001                ASSERT (((_vector_spacing == 0x0) || (SIZEOF (.vector_12) <= (_vector_spacing << 0x5))), function at exception vector 12 too large)

.vector_13      0x9fc013a0        0x8
 *(.vector_13)
 .vector_13     0x9fc013a0        0x8 /sdd/opt/microchip/xc32/v1.40/bin/bin/../../lib/gcc/pic32mx/4.8.3/../../../../pic32mx/lib/speed/libpic32.a(vector13.o)
                0x9fc013a0                __vector_dispatch_13
                0x00000001                ASSERT (((_vector_spacing == 0x0) || (SIZEOF (.vector_13) <= (_vector_spacing << 0x5))), function at exception vector 13 too large)

.vector_14      0x9fc013c0        0x8
 *(.vector_14)
 .vector_14     0x9fc013c0        0x8 /sdd/opt/microchip/xc32/v1.40/bin/bin/../../lib/gcc/pic32mx/4.8.3/../../../../pic32mx/lib/speed/libpic32.a(vector14.o)
                0x9fc013c0                __vector_dispatch_14
                0x00000001                ASSERT (((_vector_spacing == 0x0) || (SIZEOF (.vector_14) <= (_vector_spacing << 0x5))), function at exception vector 14 too large)

.vector_15      0x9fc013e0        0x8
 *(.vector_15)
 .vector_15     0x9fc013e0        0x8 /sdd/opt/microchip/xc32/v1.40/bin/bin/../../lib/gcc/pic32mx/4.8.3/../../../../pic32mx/lib/speed/libpic32.a(vector15.o)
                0x9fc013e0                __vector_dispatch_15
                0x00000001                ASSERT (((_vector_spacing == 0x0) || (SIZEOF (.vector_15) <= (_vector_spacing << 0x5))), function at exception vector 15 too large)

.vector_16      0x9fc01400        0x8
 *(.vector_16)
 .vector_16     0x9fc01400        0x8 /sdd/opt/microchip/xc32/v1.40/bin/bin/../../lib/gcc/pic32mx/4.8.3/../../../../pic32mx/lib/speed/libpic32.a(vector16.o)
                0x9fc01400                __vector_dispatch_16
                0x00000001                ASSERT (((_vector_spacing == 0x0) || (SIZEOF (.vector_16) <= (_vector_spacing << 0x5))), function at exception vector 16 too large)

.vector_17      0x9fc01420        0x8
 *(.vector_17)
 .vector_17     0x9fc01420        0x8 /sdd/opt/microchip/xc32/v1.40/bin/bin/../../lib/gcc/pic32mx/4.8.3/../../../../pic32mx/lib/speed/libpic32.a(vector17.o)
                0x9fc01420                __vector_dispatch_17
                0x00000001                ASSERT (((_vector_spacing == 0x0) || (SIZEOF (.vector_17) <= (_vector_spacing << 0x5))), function at exception vector 17 too large)

.vector_18      0x9fc01440        0x8
 *(.vector_18)
 .vector_18     0x9fc01440        0x8 /sdd/opt/microchip/xc32/v1.40/bin/bin/../../lib/gcc/pic32mx/4.8.3/../../../../pic32mx/lib/speed/libpic32.a(vector18.o)
                0x9fc01440                __vector_dispatch_18
                0x00000001                ASSERT (((_vector_spacing == 0x0) || (SIZEOF (.vector_18) <= (_vector_spacing << 0x5))), function at exception vector 18 too large)

.vector_19      0x9fc01460        0x8
 *(.vector_19)
 .vector_19     0x9fc01460        0x8 /sdd/opt/microchip/xc32/v1.40/bin/bin/../../lib/gcc/pic32mx/4.8.3/../../../../pic32mx/lib/speed/libpic32.a(vector19.o)
                0x9fc01460                __vector_dispatch_19
                0x00000001                ASSERT (((_vector_spacing == 0x0) || (SIZEOF (.vector_19) <= (_vector_spacing << 0x5))), function at exception vector 19 too large)

.vector_20      0x9fc01480        0x8
 *(.vector_20)
 .vector_20     0x9fc01480        0x8 /sdd/opt/microchip/xc32/v1.40/bin/bin/../../lib/gcc/pic32mx/4.8.3/../../../../pic32mx/lib/speed/libpic32.a(vector20.o)
                0x9fc01480                __vector_dispatch_20
                0x00000001                ASSERT (((_vector_spacing == 0x0) || (SIZEOF (.vector_20) <= (_vector_spacing << 0x5))), function at exception vector 20 too large)

.vector_21      0x9fc014a0        0x8
 *(.vector_21)
 .vector_21     0x9fc014a0        0x8 /sdd/opt/microchip/xc32/v1.40/bin/bin/../../lib/gcc/pic32mx/4.8.3/../../../../pic32mx/lib/speed/libpic32.a(vector21.o)
                0x9fc014a0                __vector_dispatch_21
                0x00000001                ASSERT (((_vector_spacing == 0x0) || (SIZEOF (.vector_21) <= (_vector_spacing << 0x5))), function at exception vector 21 too large)

.vector_22      0x9fc014c0        0x8
 *(.vector_22)
 .vector_22     0x9fc014c0        0x8 /sdd/opt/microchip/xc32/v1.40/bin/bin/../../lib/gcc/pic32mx/4.8.3/../../../../pic32mx/lib/speed/libpic32.a(vector22.o)
                0x9fc014c0                __vector_dispatch_22
                0x00000001                ASSERT (((_vector_spacing == 0x0) || (SIZEOF (.vector_22) <= (_vector_spacing << 0x5))), function at exception vector 22 too large)

.vector_23      0x9fc014e0        0x8
 *(.vector_23)
 .vector_23     0x9fc014e0        0x8 /sdd/opt/microchip/xc32/v1.40/bin/bin/../../lib/gcc/pic32mx/4.8.3/../../../../pic32mx/lib/speed/libpic32.a(vector23.o)
                0x9fc014e0                __vector_dispatch_23
                0x00000001                ASSERT (((_vector_spacing == 0x0) || (SIZEOF (.vector_23) <= (_vector_spacing << 0x5))), function at exception vector 23 too large)

.vector_24      0x9fc01500        0x8
 *(.vector_24)
 .vector_24     0x9fc01500        0x8 build/default/production/_ext/1472/mbmc.o
                0x9fc01500                __vector_dispatch_24
                0x00000001                ASSERT (((_vector_spacing == 0x0) || (SIZEOF (.vector_24) <= (_vector_spacing << 0x5))), function at exception vector 24 too large)

.vector_25      0x9fc01520        0x8
 *(.vector_25)
 .vector_25     0x9fc01520        0x8 /sdd/opt/microchip/xc32/v1.40/bin/bin/../../lib/gcc/pic32mx/4.8.3/../../../../pic32mx/lib/speed/libpic32.a(vector25.o)
                0x9fc01520                __vector_dispatch_25
                0x00000001                ASSERT (((_vector_spacing == 0x0) || (SIZEOF (.vector_25) <= (_vector_spacing << 0x5))), function at exception vector 25 too large)

.vector_26      0x9fc01540        0x8
 *(.vector_26)
 .vector_26     0x9fc01540        0x8 /sdd/opt/microchip/xc32/v1.40/bin/bin/../../lib/gcc/pic32mx/4.8.3/../../../../pic32mx/lib/speed/libpic32.a(vector26.o)
                0x9fc01540                __vector_dispatch_26
                0x00000001                ASSERT (((_vector_spacing == 0x0) || (SIZEOF (.vector_26) <= (_vector_spacing << 0x5))), function at exception vector 26 too large)

.vector_27      0x9fc01560        0x8
 *(.vector_27)
 .vector_27     0x9fc01560        0x8 /sdd/opt/microchip/xc32/v1.40/bin/bin/../../lib/gcc/pic32mx/4.8.3/../../../../pic32mx/lib/speed/libpic32.a(vector27.o)
                0x9fc01560                __vector_dispatch_27
                0x00000001                ASSERT (((_vector_spacing == 0x0) || (SIZEOF (.vector_27) <= (_vector_spacing << 0x5))), function at exception vector 27 too large)

.vector_28      0x9fc01580        0x8
 *(.vector_28)
 .vector_28     0x9fc01580        0x8 /sdd/opt/microchip/xc32/v1.40/bin/bin/../../lib/gcc/pic32mx/4.8.3/../../../../pic32mx/lib/speed/libpic32.a(vector28.o)
                0x9fc01580                __vector_dispatch_28
                0x00000001                ASSERT (((_vector_spacing == 0x0) || (SIZEOF (.vector_28) <= (_vector_spacing << 0x5))), function at exception vector 28 too large)

.vector_29      0x9fc015a0        0x8
 *(.vector_29)
 .vector_29     0x9fc015a0        0x8 /sdd/opt/microchip/xc32/v1.40/bin/bin/../../lib/gcc/pic32mx/4.8.3/../../../../pic32mx/lib/speed/libpic32.a(vector29.o)
                0x9fc015a0                __vector_dispatch_29
                0x00000001                ASSERT (((_vector_spacing == 0x0) || (SIZEOF (.vector_29) <= (_vector_spacing << 0x5))), function at exception vector 29 too large)

.vector_30      0x9fc015c0        0x8
 *(.vector_30)
 .vector_30     0x9fc015c0        0x8 /sdd/opt/microchip/xc32/v1.40/bin/bin/../../lib/gcc/pic32mx/4.8.3/../../../../pic32mx/lib/speed/libpic32.a(vector30.o)
                0x9fc015c0                __vector_dispatch_30
                0x00000001                ASSERT (((_vector_spacing == 0x0) || (SIZEOF (.vector_30) <= (_vector_spacing << 0x5))), function at exception vector 30 too large)

.vector_31      0x9fc015e0        0x8
 *(.vector_31)
 .vector_31     0x9fc015e0        0x8 /sdd/opt/microchip/xc32/v1.40/bin/bin/../../lib/gcc/pic32mx/4.8.3/../../../../pic32mx/lib/speed/libpic32.a(vector31.o)
                0x9fc015e0                __vector_dispatch_31
                0x00000001                ASSERT (((_vector_spacing == 0x0) || (SIZEOF (.vector_31) <= (_vector_spacing << 0x5))), function at exception vector 31 too large)

.vector_32      0x9fc01600        0x8
 *(.vector_32)
 .vector_32     0x9fc01600        0x8 build/default/production/_ext/1472/mbmc.o
                0x9fc01600                __vector_dispatch_32
                0x00000001                ASSERT (((_vector_spacing == 0x0) || (SIZEOF (.vector_32) <= (_vector_spacing << 0x5))), function at exception vector 32 too large)

.vector_33      0x9fc01620        0x8
 *(.vector_33)
 .vector_33     0x9fc01620        0x8 /sdd/opt/microchip/xc32/v1.40/bin/bin/../../lib/gcc/pic32mx/4.8.3/../../../../pic32mx/lib/speed/libpic32.a(vector33.o)
                0x9fc01620                __vector_dispatch_33
                0x00000001                ASSERT (((_vector_spacing == 0x0) || (SIZEOF (.vector_33) <= (_vector_spacing << 0x5))), function at exception vector 33 too large)

.vector_34      0x9fc01640        0x8
 *(.vector_34)
 .vector_34     0x9fc01640        0x8 /sdd/opt/microchip/xc32/v1.40/bin/bin/../../lib/gcc/pic32mx/4.8.3/../../../../pic32mx/lib/speed/libpic32.a(vector34.o)
                0x9fc01640                __vector_dispatch_34
                0x00000001                ASSERT (((_vector_spacing == 0x0) || (SIZEOF (.vector_34) <= (_vector_spacing << 0x5))), function at exception vector 34 too large)

.vector_35      0x9fc01660        0x8
 *(.vector_35)
 .vector_35     0x9fc01660        0x8 /sdd/opt/microchip/xc32/v1.40/bin/bin/../../lib/gcc/pic32mx/4.8.3/../../../../pic32mx/lib/speed/libpic32.a(vector35.o)
                0x9fc01660                __vector_dispatch_35
                0x00000001                ASSERT (((_vector_spacing == 0x0) || (SIZEOF (.vector_35) <= (_vector_spacing << 0x5))), function at exception vector 35 too large)

.vector_36      0x9fc01680        0x8
 *(.vector_36)
 .vector_36     0x9fc01680        0x8 /sdd/opt/microchip/xc32/v1.40/bin/bin/../../lib/gcc/pic32mx/4.8.3/../../../../pic32mx/lib/speed/libpic32.a(vector36.o)
                0x9fc01680                __vector_dispatch_36
                0x00000001                ASSERT (((_vector_spacing == 0x0) || (SIZEOF (.vector_36) <= (_vector_spacing << 0x5))), function at exception vector 36 too large)

.vector_37      0x9fc016a0        0x8
 *(.vector_37)
 .vector_37     0x9fc016a0        0x8 /sdd/opt/microchip/xc32/v1.40/bin/bin/../../lib/gcc/pic32mx/4.8.3/../../../../pic32mx/lib/speed/libpic32.a(vector37.o)
                0x9fc016a0                __vector_dispatch_37
                0x00000001                ASSERT (((_vector_spacing == 0x0) || (SIZEOF (.vector_37) <= (_vector_spacing << 0x5))), function at exception vector 37 too large)

.vector_38      0x9fc016c0        0x8
 *(.vector_38)
 .vector_38     0x9fc016c0        0x8 /sdd/opt/microchip/xc32/v1.40/bin/bin/../../lib/gcc/pic32mx/4.8.3/../../../../pic32mx/lib/speed/libpic32.a(vector38.o)
                0x9fc016c0                __vector_dispatch_38
                0x00000001                ASSERT (((_vector_spacing == 0x0) || (SIZEOF (.vector_38) <= (_vector_spacing << 0x5))), function at exception vector 38 too large)

.vector_39      0x9fc016e0        0x8
 *(.vector_39)
 .vector_39     0x9fc016e0        0x8 /sdd/opt/microchip/xc32/v1.40/bin/bin/../../lib/gcc/pic32mx/4.8.3/../../../../pic32mx/lib/speed/libpic32.a(vector39.o)
                0x9fc016e0                __vector_dispatch_39
                0x00000001                ASSERT (((_vector_spacing == 0x0) || (SIZEOF (.vector_39) <= (_vector_spacing << 0x5))), function at exception vector 39 too large)

.vector_40      0x9fc01700        0x8
 *(.vector_40)
 .vector_40     0x9fc01700        0x8 /sdd/opt/microchip/xc32/v1.40/bin/bin/../../lib/gcc/pic32mx/4.8.3/../../../../pic32mx/lib/speed/libpic32.a(vector40.o)
                0x9fc01700                __vector_dispatch_40
                0x00000001                ASSERT (((_vector_spacing == 0x0) || (SIZEOF (.vector_40) <= (_vector_spacing << 0x5))), function at exception vector 40 too large)

.vector_41      0x9fc01720        0x8
 *(.vector_41)
 .vector_41     0x9fc01720        0x8 /sdd/opt/microchip/xc32/v1.40/bin/bin/../../lib/gcc/pic32mx/4.8.3/../../../../pic32mx/lib/speed/libpic32.a(vector41.o)
                0x9fc01720                __vector_dispatch_41
                0x00000001                ASSERT (((_vector_spacing == 0x0) || (SIZEOF (.vector_41) <= (_vector_spacing << 0x5))), function at exception vector 41 too large)

.vector_42      0x9fc01740        0x8
 *(.vector_42)
 .vector_42     0x9fc01740        0x8 /sdd/opt/microchip/xc32/v1.40/bin/bin/../../lib/gcc/pic32mx/4.8.3/../../../../pic32mx/lib/speed/libpic32.a(vector42.o)
                0x9fc01740                __vector_dispatch_42
                0x00000001                ASSERT (((_vector_spacing == 0x0) || (SIZEOF (.vector_42) <= (_vector_spacing << 0x5))), function at exception vector 42 too large)

.vector_43      0x9fc01760        0x8
 *(.vector_43)
 .vector_43     0x9fc01760        0x8 /sdd/opt/microchip/xc32/v1.40/bin/bin/../../lib/gcc/pic32mx/4.8.3/../../../../pic32mx/lib/speed/libpic32.a(vector43.o)
                0x9fc01760                __vector_dispatch_43
                0x00000001                ASSERT (((_vector_spacing == 0x0) || (SIZEOF (.vector_43) <= (_vector_spacing << 0x5))), function at exception vector 43 too large)

.vector_44      0x9fc01780        0x8
 *(.vector_44)
 .vector_44     0x9fc01780        0x8 /sdd/opt/microchip/xc32/v1.40/bin/bin/../../lib/gcc/pic32mx/4.8.3/../../../../pic32mx/lib/speed/libpic32.a(vector44.o)
                0x9fc01780                __vector_dispatch_44
                0x00000001                ASSERT (((_vector_spacing == 0x0) || (SIZEOF (.vector_44) <= (_vector_spacing << 0x5))), function at exception vector 44 too large)

.vector_45      0x9fc017a0        0x8
 *(.vector_45)
 .vector_45     0x9fc017a0        0x8 /sdd/opt/microchip/xc32/v1.40/bin/bin/../../lib/gcc/pic32mx/4.8.3/../../../../pic32mx/lib/speed/libpic32.a(vector45.o)
                0x9fc017a0                __vector_dispatch_45
                0x00000001                ASSERT (((_vector_spacing == 0x0) || (SIZEOF (.vector_45) <= (_vector_spacing << 0x5))), function at exception vector 45 too large)

.vector_46      0x9fc017c0        0x8
 *(.vector_46)
 .vector_46     0x9fc017c0        0x8 /sdd/opt/microchip/xc32/v1.40/bin/bin/../../lib/gcc/pic32mx/4.8.3/../../../../pic32mx/lib/speed/libpic32.a(vector46.o)
                0x9fc017c0                __vector_dispatch_46
                0x00000001                ASSERT (((_vector_spacing == 0x0) || (SIZEOF (.vector_46) <= (_vector_spacing << 0x5))), function at exception vector 46 too large)

.vector_47      0x9fc017e0        0x8
 *(.vector_47)
 .vector_47     0x9fc017e0        0x8 /sdd/opt/microchip/xc32/v1.40/bin/bin/../../lib/gcc/pic32mx/4.8.3/../../../../pic32mx/lib/speed/libpic32.a(vector47.o)
                0x9fc017e0                __vector_dispatch_47
                0x00000001                ASSERT (((_vector_spacing == 0x0) || (SIZEOF (.vector_47) <= (_vector_spacing << 0x5))), function at exception vector 47 too large)

.vector_48      0x9fc01800        0x8
 *(.vector_48)
 .vector_48     0x9fc01800        0x8 /sdd/opt/microchip/xc32/v1.40/bin/bin/../../lib/gcc/pic32mx/4.8.3/../../../../pic32mx/lib/speed/libpic32.a(vector48.o)
                0x9fc01800                __vector_dispatch_48
                0x00000001                ASSERT (((_vector_spacing == 0x0) || (SIZEOF (.vector_48) <= (_vector_spacing << 0x5))), function at exception vector 48 too large)

.vector_49      0x9fc01820        0x8
 *(.vector_49)
 .vector_49     0x9fc01820        0x8 /sdd/opt/microchip/xc32/v1.40/bin/bin/../../lib/gcc/pic32mx/4.8.3/../../../../pic32mx/lib/speed/libpic32.a(vector49.o)
                0x9fc01820                __vector_dispatch_49
                0x00000001                ASSERT (((_vector_spacing == 0x0) || (SIZEOF (.vector_49) <= (_vector_spacing << 0x5))), function at exception vector 49 too large)

.vector_50      0x9fc01840        0x8
 *(.vector_50)
 .vector_50     0x9fc01840        0x8 /sdd/opt/microchip/xc32/v1.40/bin/bin/../../lib/gcc/pic32mx/4.8.3/../../../../pic32mx/lib/speed/libpic32.a(vector50.o)
                0x9fc01840                __vector_dispatch_50
                0x00000001                ASSERT (((_vector_spacing == 0x0) || (SIZEOF (.vector_50) <= (_vector_spacing << 0x5))), function at exception vector 50 too large)

.vector_51      0x9fc01860        0x8
 *(.vector_51)
 .vector_51     0x9fc01860        0x8 /sdd/opt/microchip/xc32/v1.40/bin/bin/../../lib/gcc/pic32mx/4.8.3/../../../../pic32mx/lib/speed/libpic32.a(vector51.o)
                0x9fc01860                __vector_dispatch_51
                0x00000001                ASSERT (((_vector_spacing == 0x0) || (SIZEOF (.vector_51) <= (_vector_spacing << 0x5))), function at exception vector 51 too large)

.vector_52      0x9fc01880        0x0
 *(.vector_52)
                0x00000001                ASSERT (((_vector_spacing == 0x0) || (SIZEOF (.vector_52) <= (_vector_spacing << 0x5))), function at exception vector 52 too large)

.vector_53      0x9fc018a0        0x0
 *(.vector_53)
                0x00000001                ASSERT (((_vector_spacing == 0x0) || (SIZEOF (.vector_53) <= (_vector_spacing << 0x5))), function at exception vector 53 too large)

.vector_54      0x9fc018c0        0x0
 *(.vector_54)
                0x00000001                ASSERT (((_vector_spacing == 0x0) || (SIZEOF (.vector_54) <= (_vector_spacing << 0x5))), function at exception vector 54 too large)

.vector_55      0x9fc018e0        0x0
 *(.vector_55)
                0x00000001                ASSERT (((_vector_spacing == 0x0) || (SIZEOF (.vector_55) <= (_vector_spacing << 0x5))), function at exception vector 55 too large)

.vector_56      0x9fc01900        0x0
 *(.vector_56)
                0x00000001                ASSERT (((_vector_spacing == 0x0) || (SIZEOF (.vector_56) <= (_vector_spacing << 0x5))), function at exception vector 56 too large)

.vector_57      0x9fc01920        0x0
 *(.vector_57)
                0x00000001                ASSERT (((_vector_spacing == 0x0) || (SIZEOF (.vector_57) <= (_vector_spacing << 0x5))), function at exception vector 57 too large)

.vector_58      0x9fc01940        0x0
 *(.vector_58)
                0x00000001                ASSERT (((_vector_spacing == 0x0) || (SIZEOF (.vector_58) <= (_vector_spacing << 0x5))), function at exception vector 58 too large)

.vector_59      0x9fc01960        0x0
 *(.vector_59)
                0x00000001                ASSERT (((_vector_spacing == 0x0) || (SIZEOF (.vector_59) <= (_vector_spacing << 0x5))), function at exception vector 59 too large)

.vector_60      0x9fc01980        0x0
 *(.vector_60)
                0x00000001                ASSERT (((_vector_spacing == 0x0) || (SIZEOF (.vector_60) <= (_vector_spacing << 0x5))), function at exception vector 60 too large)

.vector_61      0x9fc019a0        0x0
 *(.vector_61)
                0x00000001                ASSERT (((_vector_spacing == 0x0) || (SIZEOF (.vector_61) <= (_vector_spacing << 0x5))), function at exception vector 61 too large)

.vector_62      0x9fc019c0        0x0
 *(.vector_62)
                0x00000001                ASSERT (((_vector_spacing == 0x0) || (SIZEOF (.vector_62) <= (_vector_spacing << 0x5))), function at exception vector 62 too large)

.vector_63      0x9fc019e0        0x0
 *(.vector_63)
                0x00000001                ASSERT (((_vector_spacing == 0x0) || (SIZEOF (.vector_63) <= (_vector_spacing << 0x5))), function at exception vector 63 too large)

.startup
 *(.startup)

.text           0x9d000000        0x0
 *(.stub .gnu.linkonce.t.*)
 *(.text.*personality*)
 *(.mips16.fn.*)
 *(.mips16.call.*)
 *(.gnu.warning)
                0x9d000000                . = ALIGN (0x4)

.init           0x9d000000        0x0
 *crti.o(.init)
 *crtbegin.o(.init)
 *(EXCLUDE_FILE(*crtn.o *crtend?.o *crtend.o) .init)
 *crtend.o(.init)
 *crtn.o(.init)
                0x9d000000                . = ALIGN (0x4)

.fini           0x9d000000        0x0
 *(.fini)
                0x9d000000                . = ALIGN (0x4)

.preinit_array  0x9d000000        0x0
                0x9d000000                PROVIDE (__preinit_array_start, .)
 *(.preinit_array)
                0x9d000000                PROVIDE (__preinit_array_end, .)
                0x9d000000                . = ALIGN (0x4)

.init_array     0x9d000000        0x0
                0x9d000000                PROVIDE (__init_array_start, .)
 *(SORT(.init_array.*))
 *(.init_array)
                0x9d000000                PROVIDE (__init_array_end, .)
                0x9d000000                . = ALIGN (0x4)

.fini_array     0x9d000000        0x0
                0x9d000000                PROVIDE (__fini_array_start, .)
 *(SORT(.fini_array.*))
 *(.fini_array)
                0x9d000000                PROVIDE (__fini_array_end, .)
                0x9d000000                . = ALIGN (0x4)

.ctors          0x9d000000        0x0
 *crtbegin.o(.ctors)
 *crtbegin?.o(.ctors)
 *(EXCLUDE_FILE(*crtend?.o *crtend.o) .ctors)
 *(SORT(.ctors.*))
 *(.ctors)
                0x9d000000                . = ALIGN (0x4)

.dtors          0x9d000000        0x0
 *crtbegin.o(.dtors)
 *crtbegin?.o(.dtors)
 *(EXCLUDE_FILE(*crtend?.o *crtend.o) .dtors)
 *(SORT(.dtors.*))
 *(.dtors)
                0x9d000000                . = ALIGN (0x4)

.rodata         0x9d000000        0x0
 *(.gnu.linkonce.r.*)
 *(.rodata1)
                0x9d000000                . = ALIGN (0x4)

.sdata2         0x9fc00490        0x0
 *(.sdata2 .sdata2.* .gnu.linkonce.s2.*)
                0x9fc00490                . = ALIGN (0x4)

.sbss2          0x9fc00490        0x0
 *(.sbss2 .sbss2.* .gnu.linkonce.sb2.*)
                0x9fc00490                . = ALIGN (0x4)

.eh_frame_hdr
 *(.eh_frame_hdr)
                0x9fc00490                . = ALIGN (0x4)

.eh_frame
 *(.eh_frame)
                0x9fc00490                . = ALIGN (0x4)

.gcc_except_table
 *(.gcc_except_table .gcc_except_table.*)
                0x9fc00490                . = ALIGN (0x4)

.dbg_data       0xa0000000        0x0
                0xa0000000                . = (. + DEFINED (_DEBUGGER)?0x200:0x0)

.jcr            0xa0000000        0x0
 *(.jcr)
                0xa0000000                . = ALIGN (0x4)

.eh_frame
 *(.eh_frame)
                0xa0000000                . = ALIGN (0x4)

.gcc_except_table
 *(.gcc_except_table .gcc_except_table.*)
                0xa0000000                . = ALIGN (0x4)

.persist        0xa0000000        0x0
                0xa0000000                _persist_begin = .
 *(.persist .persist.*)
 *(.pbss .pbss.*)
                0xa0000000                . = ALIGN (0x4)
                0xa0000000                _persist_end = .

.data           0xa0000000        0x0
 *(.gnu.linkonce.d.*)
 *(.data1)
                0xa0000000                . = ALIGN (0x4)
                0xa0000000                . = .
                0xa0007ff0                _gp = (ALIGN (0x10) + 0x7ff0)

.got            0xa0000000        0x0
 *(.got.plt)
 *(.got)
                0xa0000000                . = ALIGN (0x4)

.sdata          0xa0000000       0x38
                0xa0000000                _sdata_begin = .
 *(.sdata .sdata.* .gnu.linkonce.s.*)
 .sdata         0xa0000000        0x4 build/default/production/_ext/1472/BerkeleyTCPClientDemo.o
 .sdata         0xa0000004        0xc build/default/production/_ext/1472/GenericTCPClient.o
 .sdata         0xa0000010        0x2 build/default/production/_ext/1295770447/BerkeleyAPI.o
 *fill*         0xa0000012        0x2 
 .sdata         0xa0000014        0x4 build/default/production/_ext/1295770447/DHCPs.o
                0xa0000014                bDHCPServerEnabled
 .sdata         0xa0000018        0x8 build/default/production/_ext/1295770447/DNS.o
 .sdata         0xa0000020        0x1 build/default/production/_ext/1295770447/DynDNS.o
 *fill*         0xa0000021        0x3 
 .sdata         0xa0000024        0x4 build/default/production/_ext/1295770447/Helpers.o
 .sdata         0xa0000028        0x1 build/default/production/_ext/1295770447/Reboot.o
 .sdata         0xa0000029        0x1 build/default/production/_ext/1295770447/SMTP.o
 .sdata         0xa000002a        0x2 build/default/production/_ext/1295770447/TCP.o
 .sdata         0xa000002c        0x2 build/default/production/_ext/1295770447/TCPPerformanceTest.o
 .sdata         0xa000002e        0x2 build/default/production/_ext/1295770447/UDP.o
 .sdata         0xa0000030        0x4 build/default/production/_ext/1472/MainDemo.o
 .sdata         0xa0000034        0x4 /sdd/opt/microchip/xc32/v1.40/bin/bin/../../lib/gcc/pic32mx/4.8.3/../../../../pic32mx/lib/speed/liblega-c.a(_iobdata.o)
                0xa0000034                _libc_data
                0xa0000038                . = ALIGN (0x4)
                0xa0000038                _sdata_end = .

.lit8
 *(.lit8)

.lit4
 *(.lit4)
                0xa0000038                . = ALIGN (0x4)
                0xa0000038                _data_end = .
                0xa0000038                _bss_begin = .

.sbss           0xa0000038      0x22c
                0xa0000038                _sbss_begin = .
 *(.dynsbss)
 *(.sbss .sbss.* .gnu.linkonce.sb.*)
 .sbss          0xa0000038        0x1 build/default/production/_ext/1472/BerkeleyTCPClientDemo.o
 *fill*         0xa0000039        0x3 
 .sbss          0xa000003c        0x8 build/default/production/_ext/1472/BerkeleyTCPServerDemo.o
 .sbss          0xa0000044       0x18 build/default/production/_ext/1472/BerkeleyUDPClientDemo.o
 .sbss          0xa000005c        0x4 build/default/production/_ext/1472/GenericTCPClient.o
 .sbss          0xa0000060        0x8 build/default/production/_ext/1472/GenericTCPServer.o
 .sbss          0xa0000068        0x8 build/default/production/_ext/1472/PingDemo.o
 .sbss          0xa0000070        0x8 build/default/production/_ext/1472/SMTPDemo.o
 .sbss          0xa0000078        0x8 build/default/production/_ext/1295770447/Announce.o
 .sbss          0xa0000080        0x4 build/default/production/_ext/1295770447/ARP.o
 .sbss          0xa0000084        0x4 build/default/production/_ext/1295770447/BerkeleyAPI.o
 .sbss          0xa0000088        0x4 build/default/production/_ext/1295770447/DHCP.o
                0xa0000088                DHCPClientInitializedOnce
 .sbss          0xa000008c        0xc build/default/production/_ext/1295770447/DHCPs.o
 .sbss          0xa0000098       0x18 build/default/production/_ext/1295770447/DNS.o
 .sbss          0xa00000b0       0x24 build/default/production/_ext/1295770447/DynDNS.o
 .sbss          0xa00000d4       0x40 build/default/production/_ext/1295770447/ETHPIC32IntMac.o
                0xa0000100                _stackMgrRxOkPkts
                0xa0000104                _stackMgrRxBadPkts
                0xa0000108                _stackMgrInGetHdr
                0xa000010c                _stackMgrRxDiscarded
                0xa0000110                _stackMgrTxNotReady
 .sbss          0xa0000114       0x10 build/default/production/_ext/1295770447/ICMP.o
 .sbss          0xa0000124        0x4 build/default/production/_ext/1295770447/IP.o
 .sbss          0xa0000128        0x8 build/default/production/_ext/1295770447/MPFS2.o
 .sbss          0xa0000130        0x8 build/default/production/_ext/1295770447/NBNS.o
 .sbss          0xa0000138       0x34 build/default/production/_ext/1295770447/SMTP.o
 .sbss          0xa000016c       0x14 build/default/production/_ext/1295770447/SNTP.o
 .sbss          0xa0000180        0x8 build/default/production/_ext/1295770447/StackTsk.o
 .sbss          0xa0000188        0x2 build/default/production/_ext/1295770447/TCP.o
 *fill*         0xa000018a        0x2 
 .sbss          0xa000018c       0x14 build/default/production/_ext/1295770447/TCPPerformanceTest.o
 .sbss          0xa00001a0        0xc build/default/production/_ext/1295770447/Telnet.o
 .sbss          0xa00001ac        0xc build/default/production/_ext/1295770447/Tick.o
 .sbss          0xa00001b8        0x8 build/default/production/_ext/1295770447/UDP.o
 .sbss          0xa00001c0       0x34 build/default/production/_ext/1472/CustomHTTPApp.o
 .sbss          0xa00001f4        0xc build/default/production/_ext/1472/MainDemo.o
 .sbss          0xa0000200       0x20 build/default/production/_ext/1472/mbmc.o
                0xa0000200                TIi
                0xa0000204                MIi
                0xa0000208                HRi
                0xa000020c                time_outs
                0xa0000210                crc_errors
 .sbss          0xa0000220        0x4 /sdd/opt/microchip/xc32/v1.40/bin/bin/../../lib/gcc/pic32mx/4.8.3/../../../../pic32mx/lib/speed/liblega-c.a(errno.o)
                0xa0000220                errno
 *(.scommon)
 .scommon       0xa0000224        0x4 build/default/production/_ext/1295770447/ETHPIC32ExtPhy.o
                0xa0000224                _PhyAdd
 .scommon       0xa0000228        0x1 build/default/production/_ext/1295770447/HTTP2.o
                0xa0000228                curHTTPID
 *fill*         0xa0000229        0x1 
 .scommon       0xa000022a        0x5 build/default/production/_ext/1295770447/UDP.o
                0xa000022a                UDPRxCount
                0xa000022c                UDPTxCount
                0xa000022e                activeUDPSocket
 *fill*         0xa000022f        0x1 
 .scommon       0xa0000230        0x8 build/default/production/_ext/1472/MainDemo.o
                0xa0000230                AN0String
 .scommon       0xa0000238       0x29 build/default/production/_ext/1472/mbmc.o
                0xa0000238                TOTEFF
                0xa000023c                alarms
                0xa0000240                dd
                0xa0000244                PVEFF
                0xa0000248                mbmctime
                0xa000024c                mbmccmd
                0xa0000250                mbmc_crc
                0xa0000252                Head
                0xa0000254                CCEFF
                0xa0000258                ltime
                0xa000025c                utc_time
                0xa0000260                Tail
                0xa0000261                _sbss_end = .
                0xa0000264                . = ALIGN (0x4)
 *fill*         0xa0000261        0x3 

.bss            0xa0000264     0x3f6c
 *(.dynbss)
 *(COMMON)
 COMMON         0xa0000264       0x20 build/default/production/_ext/1295770447/DynDNS.o
                0xa0000264                DDNSClient
 COMMON         0xa0000284       0x40 build/default/production/_ext/1295770447/Hashes.o
                0xa0000284                lastBlock
 COMMON         0xa00002c4      0x138 build/default/production/_ext/1295770447/HTTP2.o
                0xa00002c4                curHTTP
                0xa00003ec                httpStubs
 COMMON         0xa00003fc       0x2c build/default/production/_ext/1295770447/SMTP.o
                0xa00003fc                SMTPClient
 COMMON         0xa0000428        0xa build/default/production/_ext/1295770447/StackTsk.o
                0xa0000428                remoteNode
 *fill*         0xa0000432        0x2 
 COMMON         0xa0000434       0x8c build/default/production/_ext/1295770447/UDP.o
                0xa0000434                UDPSocketInfo
 COMMON         0xa00004c0       0x33 build/default/production/_ext/1472/MainDemo.o
                0xa00004c0                AppConfig
 *fill*         0xa00004f3        0x1 
 COMMON         0xa00004f4     0x3cdc build/default/production/_ext/1472/mbmc.o
                0xa00004f4                mbmc_buffer
                0xa0000588                sdc0
                0xa0000600                cbuf
                0xa0000680                chart
                0xa0003e50                mbmcflag
                0xa0003e78                hoststat
                0xa0003e94                remote_daq
                0xa0003ec4                cell
                0xa0003f8c                hist
                0xa00041d0                . = ALIGN ((. != 0x0)?0x4:0x1)
                0xa00041d0                . = ALIGN (0x4)
                0xa00041d0                _end = .
                0xa00041d0                _bss_end = .
                0x00020000                _bmxdudba_address = 0x20000
                0x00020000                _bmxdupba_address = 0x20000

/DISCARD/
 *(.pdr)
 *(.rel.dyn)
 *(.note.GNU-stack)
 *(.note.GNU-stack)
 *(.gnu_debuglink)
 *(.gnu.lto_*)
 *(.discard)

.gptab.sdata
 *(.gptab.data)
 *(.gptab.sdata)

.gptab.sbss
 *(.gptab.bss)
 *(.gptab.sbss)

.mdebug.abi32   0xa00041d0        0x0
 *(.mdebug.abi32)
 .mdebug.abi32  0xa00041d0        0x0 build/default/production/_ext/1472/BerkeleyTCPClientDemo.o
 .mdebug.abi32  0xa00041d0        0x0 build/default/production/_ext/1472/BerkeleyTCPServerDemo.o
 .mdebug.abi32  0xa00041d0        0x0 build/default/production/_ext/1472/BerkeleyUDPClientDemo.o
 .mdebug.abi32  0xa00041d0        0x0 build/default/production/_ext/1472/GenericTCPClient.o
 .mdebug.abi32  0xa00041d0        0x0 build/default/production/_ext/1472/GenericTCPServer.o
 .mdebug.abi32  0xa00041d0        0x0 build/default/production/_ext/1472/LegacyHTTPApp.o
 .mdebug.abi32  0xa00041d0        0x0 build/default/production/_ext/1472/PingDemo.o
 .mdebug.abi32  0xa00041d0        0x0 build/default/production/_ext/1472/SMTPDemo.o
 .mdebug.abi32  0xa00041d0        0x0 build/default/production/_ext/1472/UARTConfig.o
 .mdebug.abi32  0xa00041d0        0x0 build/default/production/_ext/1295770447/Announce.o
 .mdebug.abi32  0xa00041d0        0x0 build/default/production/_ext/1295770447/ARCFOUR.o
 .mdebug.abi32  0xa00041d0        0x0 build/default/production/_ext/1295770447/ARP.o
 .mdebug.abi32  0xa00041d0        0x0 build/default/production/_ext/1295770447/AutoIP.o
 .mdebug.abi32  0xa00041d0        0x0 build/default/production/_ext/1295770447/BerkeleyAPI.o
 .mdebug.abi32  0xa00041d0        0x0 build/default/production/_ext/1295770447/BigInt.o
 .mdebug.abi32  0xa00041d0        0x0 build/default/production/_ext/1295770447/Delay.o
 .mdebug.abi32  0xa00041d0        0x0 build/default/production/_ext/1295770447/DHCP.o
 .mdebug.abi32  0xa00041d0        0x0 build/default/production/_ext/1295770447/DHCPs.o
 .mdebug.abi32  0xa00041d0        0x0 build/default/production/_ext/1295770447/DNS.o
 .mdebug.abi32  0xa00041d0        0x0 build/default/production/_ext/1295770447/DNSs.o
 .mdebug.abi32  0xa00041d0        0x0 build/default/production/_ext/1295770447/DynDNS.o
 .mdebug.abi32  0xa00041d0        0x0 build/default/production/_ext/1295770447/ENC28J60.o
 .mdebug.abi32  0xa00041d0        0x0 build/default/production/_ext/1295770447/ENCX24J600.o
 .mdebug.abi32  0xa00041d0        0x0 build/default/production/_ext/1295770447/ETHPIC32ExtPhy.o
 .mdebug.abi32  0xa00041d0        0x0 build/default/production/_ext/1295770447/ETHPIC32ExtPhyDP83848.o
 .mdebug.abi32  0xa00041d0        0x0 build/default/production/_ext/1295770447/ETHPIC32IntMac.o
 .mdebug.abi32  0xa00041d0        0x0 build/default/production/_ext/1295770447/FileSystem.o
 .mdebug.abi32  0xa00041d0        0x0 build/default/production/_ext/1295770447/FTP.o
 .mdebug.abi32  0xa00041d0        0x0 build/default/production/_ext/1295770447/Hashes.o
 .mdebug.abi32  0xa00041d0        0x0 build/default/production/_ext/1295770447/Helpers.o
 .mdebug.abi32  0xa00041d0        0x0 build/default/production/_ext/1295770447/HTTP2.o
 .mdebug.abi32  0xa00041d0        0x0 build/default/production/_ext/1295770447/HTTP.o
 .mdebug.abi32  0xa00041d0        0x0 build/default/production/_ext/1295770447/ICMP.o
 .mdebug.abi32  0xa00041d0        0x0 build/default/production/_ext/1295770447/IP.o
 .mdebug.abi32  0xa00041d0        0x0 build/default/production/_ext/1295770447/LCDBlocking.o
 .mdebug.abi32  0xa00041d0        0x0 build/default/production/_ext/1295770447/MPFS2.o
 .mdebug.abi32  0xa00041d0        0x0 build/default/production/_ext/1295770447/MPFS.o
 .mdebug.abi32  0xa00041d0        0x0 build/default/production/_ext/1295770447/NBNS.o
 .mdebug.abi32  0xa00041d0        0x0 build/default/production/_ext/1295770447/Random.o
 .mdebug.abi32  0xa00041d0        0x0 build/default/production/_ext/1295770447/Reboot.o
 .mdebug.abi32  0xa00041d0        0x0 build/default/production/_ext/1295770447/RSA.o
 .mdebug.abi32  0xa00041d0        0x0 build/default/production/_ext/1295770447/SMTP.o
 .mdebug.abi32  0xa00041d0        0x0 build/default/production/_ext/1295770447/SNMP.o
 .mdebug.abi32  0xa00041d0        0x0 build/default/production/_ext/1295770447/SNMPv3.o
 .mdebug.abi32  0xa00041d0        0x0 build/default/production/_ext/1295770447/SNMPv3USM.o
 .mdebug.abi32  0xa00041d0        0x0 build/default/production/_ext/1295770447/SNTP.o
 .mdebug.abi32  0xa00041d0        0x0 build/default/production/_ext/1295770447/SPIEEPROM.o
 .mdebug.abi32  0xa00041d0        0x0 build/default/production/_ext/1295770447/SPIFlash.o
 .mdebug.abi32  0xa00041d0        0x0 build/default/production/_ext/1295770447/SPIRAM.o
 .mdebug.abi32  0xa00041d0        0x0 build/default/production/_ext/1295770447/SSL.o
 .mdebug.abi32  0xa00041d0        0x0 build/default/production/_ext/1295770447/StackTsk.o
 .mdebug.abi32  0xa00041d0        0x0 build/default/production/_ext/1295770447/TCP.o
 .mdebug.abi32  0xa00041d0        0x0 build/default/production/_ext/1295770447/TCPPerformanceTest.o
 .mdebug.abi32  0xa00041d0        0x0 build/default/production/_ext/1295770447/Telnet.o
 .mdebug.abi32  0xa00041d0        0x0 build/default/production/_ext/1295770447/TFTPc.o
 .mdebug.abi32  0xa00041d0        0x0 build/default/production/_ext/1295770447/Tick.o
 .mdebug.abi32  0xa00041d0        0x0 build/default/production/_ext/1295770447/UART2TCPBridge.o
 .mdebug.abi32  0xa00041d0        0x0 build/default/production/_ext/1295770447/UART.o
 .mdebug.abi32  0xa00041d0        0x0 build/default/production/_ext/1295770447/UDP.o
 .mdebug.abi32  0xa00041d0        0x0 build/default/production/_ext/1295770447/UDPPerformanceTest.o
 .mdebug.abi32  0xa00041d0        0x0 build/default/production/_ext/1295770447/ZeroconfHelper.o
 .mdebug.abi32  0xa00041d0        0x0 build/default/production/_ext/1295770447/ZeroconfLinkLocal.o
 .mdebug.abi32  0xa00041d0        0x0 build/default/production/_ext/1295770447/ZeroconfMulticastDNS.o
 .mdebug.abi32  0xa00041d0        0x0 build/default/production/_ext/1472/MPFSImg2.o
 .mdebug.abi32  0xa00041d0        0x0 build/default/production/_ext/1472/MPFSImg.o
 .mdebug.abi32  0xa00041d0        0x0 build/default/production/_ext/1472/CustomHTTPApp.o
 .mdebug.abi32  0xa00041d0        0x0 build/default/production/_ext/1472/CustomSNMPApp.o
 .mdebug.abi32  0xa00041d0        0x0 build/default/production/_ext/1472/CustomSSLCert.o
 .mdebug.abi32  0xa00041d0        0x0 build/default/production/_ext/1472/MainDemo.o
 .mdebug.abi32  0xa00041d0        0x0 build/default/production/_ext/1472/mbmc.o
 .mdebug.abi32  0xa00041d0        0x0 build/default/production/_ext/1472/crc8_fast.o
 .mdebug.abi32  0xa00041d0        0x0 /sdd/opt/microchip/xc32/v1.40/bin/bin/../../lib/gcc/pic32mx/4.8.3/../../../../pic32mx/lib/speed/libmchp_peripheral.a(read_core_timer_lib.o)
 .mdebug.abi32  0xa00041d0        0x0 /sdd/opt/microchip/xc32/v1.40/bin/bin/../../lib/gcc/pic32mx/4.8.3/../../../../pic32mx/lib/speed/libmchp_peripheral_32MX795F512L.a(eth_ack_packet_lib.o)
 .mdebug.abi32  0xa00041d0        0x0 /sdd/opt/microchip/xc32/v1.40/bin/bin/../../lib/gcc/pic32mx/4.8.3/../../../../pic32mx/lib/speed/libmchp_peripheral_32MX795F512L.a(eth_descriptors_add_lib.o)
 .mdebug.abi32  0xa00041d0        0x0 /sdd/opt/microchip/xc32/v1.40/bin/bin/../../lib/gcc/pic32mx/4.8.3/../../../../pic32mx/lib/speed/libmchp_peripheral_32MX795F512L.a(eth_init_lib.o)
 .mdebug.abi32  0xa00041d0        0x0 /sdd/opt/microchip/xc32/v1.40/bin/bin/../../lib/gcc/pic32mx/4.8.3/../../../../pic32mx/lib/speed/libmchp_peripheral_32MX795F512L.a(eth_mac_open_lib.o)
 .mdebug.abi32  0xa00041d0        0x0 /sdd/opt/microchip/xc32/v1.40/bin/bin/../../lib/gcc/pic32mx/4.8.3/../../../../pic32mx/lib/speed/libmchp_peripheral_32MX795F512L.a(eth_mac_set_address_max_lib.o)
 .mdebug.abi32  0xa00041d0        0x0 /sdd/opt/microchip/xc32/v1.40/bin/bin/../../lib/gcc/pic32mx/4.8.3/../../../../pic32mx/lib/speed/libmchp_peripheral_32MX795F512L.a(eth_rx_buffers_append_lib.o)
 .mdebug.abi32  0xa00041d0        0x0 /sdd/opt/microchip/xc32/v1.40/bin/bin/../../lib/gcc/pic32mx/4.8.3/../../../../pic32mx/lib/speed/libmchp_peripheral_32MX795F512L.a(eth_rx_filters_lib.o)
 .mdebug.abi32  0xa00041d0        0x0 /sdd/opt/microchip/xc32/v1.40/bin/bin/../../lib/gcc/pic32mx/4.8.3/../../../../pic32mx/lib/speed/libmchp_peripheral_32MX795F512L.a(eth_rx_get_packet_lib.o)
 .mdebug.abi32  0xa00041d0        0x0 /sdd/opt/microchip/xc32/v1.40/bin/bin/../../lib/gcc/pic32mx/4.8.3/../../../../pic32mx/lib/speed/libmchp_peripheral_32MX795F512L.a(eth_rx_set_buffer_size_lib.o)
 .mdebug.abi32  0xa00041d0        0x0 /sdd/opt/microchip/xc32/v1.40/bin/bin/../../lib/gcc/pic32mx/4.8.3/../../../../pic32mx/lib/speed/libmchp_peripheral_32MX795F512L.a(eth_tx_packet_lib.o)
 .mdebug.abi32  0xa00041d0        0x0 /sdd/opt/microchip/xc32/v1.40/bin/bin/../../lib/gcc/pic32mx/4.8.3/../../../../pic32mx/lib/speed/libmchp_peripheral_32MX795F512L.a(_eth_append_busy_list_lib.o)
 .mdebug.abi32  0xa00041d0        0x0 /sdd/opt/microchip/xc32/v1.40/bin/bin/../../lib/gcc/pic32mx/4.8.3/../../../../pic32mx/lib/speed/libmchp_peripheral_32MX795F512L.a(eth_miim_access.o)
 .mdebug.abi32  0xa00041d0        0x0 /sdd/opt/microchip/xc32/v1.40/bin/bin/../../lib/gcc/pic32mx/4.8.3/../../../../pic32mx/lib/speed/libmchp_peripheral_32MX795F512L.a(soft_reset_lib.o)
 .mdebug.abi32  0xa00041d0        0x0 /sdd/opt/microchip/xc32/v1.40/bin/bin/../../lib/gcc/pic32mx/4.8.3/../../../../pic32mx/lib/speed/libmchp_peripheral_32MX795F512L.a(pcache.o)
 .mdebug.abi32  0xa00041d0        0x0 /sdd/opt/microchip/xc32/v1.40/bin/bin/../../lib/gcc/pic32mx/4.8.3/../../../../pic32mx/lib/speed/libmchp_peripheral_32MX795F512L.a(int_disable_interrupts_lib.o)
 .mdebug.abi32  0xa00041d0        0x0 /sdd/opt/microchip/xc32/v1.40/bin/bin/../../lib/gcc/pic32mx/4.8.3/../../../../pic32mx/lib/speed/libmchp_peripheral_32MX795F512L.a(int_restore_interrupts_lib.o)
 .mdebug.abi32  0xa00041d0        0x0 /sdd/opt/microchip/xc32/v1.40/bin/bin/../../lib/gcc/pic32mx/4.8.3/../../../../pic32mx/lib/speed/libmchp_peripheral_32MX795F512L.a(int_enable_mv_int_lib.o)
 .mdebug.abi32  0xa00041d0        0x0 /sdd/opt/microchip/xc32/v1.40/bin/bin/../../lib/gcc/pic32mx/4.8.3/../../../../pic32mx/lib/speed/libmchp_peripheral_32MX795F512L.a(int_tbl_lib.o)
 .mdebug.abi32  0xa00041d0        0x0 /sdd/opt/microchip/xc32/v1.40/bin/bin/../../lib/gcc/pic32mx/4.8.3/../../../../pic32mx/lib/speed/libmchp_peripheral_32MX795F512L.a(port_set_pins_digital_in_lib.o)
 .mdebug.abi32  0xa00041d0        0x0 /sdd/opt/microchip/xc32/v1.40/bin/bin/../../lib/gcc/pic32mx/4.8.3/../../../../pic32mx/lib/speed/libmchp_peripheral_32MX795F512L.a(port_set_pins_digital_out_lib.o)
 .mdebug.abi32  0xa00041d0        0x0 /sdd/opt/microchip/xc32/v1.40/bin/bin/../../lib/gcc/pic32mx/4.8.3/../../../../pic32mx/lib/speed/libmchp_peripheral_32MX795F512L.a(_ports_tbl_libp.o)
 .mdebug.abi32  0xa00041d0        0x0 /sdd/opt/microchip/xc32/v1.40/bin/bin/../../lib/gcc/pic32mx/4.8.3/../../../../pic32mx/lib/speed/libmchp_peripheral_32MX795F512L.a(uart_lib.o)
 .mdebug.abi32  0xa00041d0        0x0 /sdd/opt/microchip/xc32/v1.40/bin/bin/../../lib/gcc/pic32mx/4.8.3/../../../../pic32mx/lib/speed/libmchp_peripheral_32MX795F512L.a(int_enable_interrupts_lib.o)
 .mdebug.abi32  0xa00041d0        0x0 /sdd/opt/microchip/xc32/v1.40/bin/bin/../../lib/gcc/pic32mx/4.8.3/speed/libgcc.a(_udivdi3.o)
 .mdebug.abi32  0xa00041d0        0x0 /sdd/opt/microchip/xc32/v1.40/bin/bin/../../lib/gcc/pic32mx/4.8.3/speed/libgcc.a(floatunsisf.o)
 .mdebug.abi32  0xa00041d0        0x0 /sdd/opt/microchip/xc32/v1.40/bin/bin/../../lib/gcc/pic32mx/4.8.3/../../../../pic32mx/lib/speed/libpic32.a(default-bootstrap-exception-handler.o)
 .mdebug.abi32  0xa00041d0        0x0 /sdd/opt/microchip/xc32/v1.40/bin/bin/../../lib/gcc/pic32mx/4.8.3/../../../../pic32mx/lib/speed/libpic32.a(default-on-reset.o)
 .mdebug.abi32  0xa00041d0        0x0 /sdd/opt/microchip/xc32/v1.40/bin/bin/../../lib/gcc/pic32mx/4.8.3/../../../../pic32mx/lib/speed/libpic32.a(default-on-bootstrap.o)
 .mdebug.abi32  0xa00041d0        0x0 /sdd/opt/microchip/xc32/v1.40/bin/bin/../../lib/gcc/pic32mx/4.8.3/../../../../pic32mx/lib/speed/libpic32.a(defaultinterrupt.o)
 .mdebug.abi32  0xa00041d0        0x0 /sdd/opt/microchip/xc32/v1.40/bin/bin/../../lib/gcc/pic32mx/4.8.3/../../../../pic32mx/lib/speed/liblega-c.a(strcat.o)
 .mdebug.abi32  0xa00041d0        0x0 /sdd/opt/microchip/xc32/v1.40/bin/bin/../../lib/gcc/pic32mx/4.8.3/../../../../pic32mx/lib/speed/liblega-c.a(strncat.o)
 .mdebug.abi32  0xa00041d0        0x0 /sdd/opt/microchip/xc32/v1.40/bin/bin/../../lib/gcc/pic32mx/4.8.3/../../../../pic32mx/lib/speed/liblega-c.a(strchr.o)
 .mdebug.abi32  0xa00041d0        0x0 /sdd/opt/microchip/xc32/v1.40/bin/bin/../../lib/gcc/pic32mx/4.8.3/../../../../pic32mx/lib/speed/liblega-c.a(strstr.o)
 .mdebug.abi32  0xa00041d0        0x0 /sdd/opt/microchip/xc32/v1.40/bin/bin/../../lib/gcc/pic32mx/4.8.3/../../../../pic32mx/lib/speed/liblega-c.a(malloc_calloc.o)
 .mdebug.abi32  0xa00041d0        0x0 /sdd/opt/microchip/xc32/v1.40/bin/bin/../../lib/gcc/pic32mx/4.8.3/../../../../pic32mx/lib/speed/liblega-c.a(strtol.o)
 .mdebug.abi32  0xa00041d0        0x0 /sdd/opt/microchip/xc32/v1.40/bin/bin/../../lib/gcc/pic32mx/4.8.3/../../../../pic32mx/lib/speed/liblega-c.a(sprintf.o)
 .mdebug.abi32  0xa00041d0        0x0 /sdd/opt/microchip/xc32/v1.40/bin/bin/../../lib/gcc/pic32mx/4.8.3/../../../../pic32mx/lib/speed/liblega-c.a(sscanf.o)
 .mdebug.abi32  0xa00041d0        0x0 /sdd/opt/microchip/xc32/v1.40/bin/bin/../../lib/gcc/pic32mx/4.8.3/../../../../pic32mx/lib/speed/liblega-c.a(vsscanf.o)
 .mdebug.abi32  0xa00041d0        0x0 /sdd/opt/microchip/xc32/v1.40/bin/bin/../../lib/gcc/pic32mx/4.8.3/../../../../pic32mx/lib/speed/liblega-c.a(__vsnprintf.o)
 .mdebug.abi32  0xa00041d0        0x0 /sdd/opt/microchip/xc32/v1.40/bin/bin/../../lib/gcc/pic32mx/4.8.3/../../../../pic32mx/lib/speed/liblega-c.a(gmtime.o)
 .mdebug.abi32  0xa00041d0        0x0 /sdd/opt/microchip/xc32/v1.40/bin/bin/../../lib/gcc/pic32mx/4.8.3/../../../../pic32mx/lib/speed/liblega-c.a(offtime.o)
 .mdebug.abi32  0xa00041d0        0x0 /sdd/opt/microchip/xc32/v1.40/bin/bin/../../lib/gcc/pic32mx/4.8.3/../../../../pic32mx/lib/speed/liblega-c.a(asctime.o)
 .mdebug.abi32  0xa00041d0        0x0 /sdd/opt/microchip/xc32/v1.40/bin/bin/../../lib/gcc/pic32mx/4.8.3/../../../../pic32mx/lib/speed/liblega-c.a(stubs.o)
 .mdebug.abi32  0xa00041d0        0x0 /sdd/opt/microchip/xc32/v1.40/bin/bin/../../lib/gcc/pic32mx/4.8.3/../../../../pic32mx/lib/speed/liblega-c.a(ctype.o)
 .mdebug.abi32  0xa00041d0        0x0 /sdd/opt/microchip/xc32/v1.40/bin/bin/../../lib/gcc/pic32mx/4.8.3/../../../../pic32mx/lib/speed/liblega-c.a(malloc.o)
 .mdebug.abi32  0xa00041d0        0x0 /sdd/opt/microchip/xc32/v1.40/bin/bin/../../lib/gcc/pic32mx/4.8.3/../../../../pic32mx/lib/speed/liblega-c.a(errno.o)
 .mdebug.abi32  0xa00041d0        0x0 /sdd/opt/microchip/xc32/v1.40/bin/bin/../../lib/gcc/pic32mx/4.8.3/../../../../pic32mx/lib/speed/liblega-c.a(_doprnt.o)
 .mdebug.abi32  0xa00041d0        0x0 /sdd/opt/microchip/xc32/v1.40/bin/bin/../../lib/gcc/pic32mx/4.8.3/../../../../pic32mx/lib/speed/liblega-c.a(_doscan.o)
 .mdebug.abi32  0xa00041d0        0x0 /sdd/opt/microchip/xc32/v1.40/bin/bin/../../lib/gcc/pic32mx/4.8.3/../../../../pic32mx/lib/speed/liblega-c.a(_iobdata.o)
 .mdebug.abi32  0xa00041d0        0x0 /sdd/opt/microchip/xc32/v1.40/bin/bin/../../lib/gcc/pic32mx/4.8.3/../../../../pic32mx/lib/speed/liblega-c.a(_iobfuncs.o)
 .mdebug.abi32  0xa00041d0        0x0 /sdd/opt/microchip/xc32/v1.40/bin/bin/../../lib/gcc/pic32mx/4.8.3/../../../../pic32mx/lib/speed/liblega-c.a(_iobstring.o)
 .mdebug.abi32  0xa00041d0        0x0 /sdd/opt/microchip/xc32/v1.40/bin/bin/../../lib/gcc/pic32mx/4.8.3/../../../../pic32mx/lib/speed/liblega-c.a(fgetc.o)
 .mdebug.abi32  0xa00041d0        0x0 /sdd/opt/microchip/xc32/v1.40/bin/bin/../../lib/gcc/pic32mx/4.8.3/../../../../pic32mx/lib/speed/liblega-c.a(fputc.o)
 .mdebug.abi32  0xa00041d0        0x0 /sdd/opt/microchip/xc32/v1.40/bin/bin/../../lib/gcc/pic32mx/4.8.3/../../../../pic32mx/lib/speed/liblega-c.a(ungetc.o)
 .mdebug.abi32  0xa00041d0        0x0 /sdd/opt/microchip/xc32/v1.40/bin/bin/../../lib/gcc/pic32mx/4.8.3/../../../../pic32mx/lib/speed/liblega-c.a(sbrk.o)
 .mdebug.abi32  0xa00041d0        0x0 /sdd/opt/microchip/xc32/v1.40/bin/bin/../../lib/gcc/pic32mx/4.8.3/../../../../pic32mx/lib/speed/liblega-c.a(_mon_getc.o)
 .mdebug.abi32  0xa00041d0        0x0 /sdd/opt/microchip/xc32/v1.40/bin/bin/../../lib/gcc/pic32mx/4.8.3/../../../../pic32mx/lib/speed/liblega-c.a(_mon_write.o)
 .mdebug.abi32  0xa00041d0        0x0 /sdd/opt/microchip/xc32/v1.40/bin/bin/../../lib/gcc/pic32mx/4.8.3/../../../../pic32mx/lib/speed/liblega-c.a(malloc_realloc.o)
 .mdebug.abi32  0xa00041d0        0x0 /sdd/opt/microchip/xc32/v1.40/bin/bin/../../lib/gcc/pic32mx/4.8.3/../../../../pic32mx/lib/speed/liblega-c.a(strtoul.o)
 .mdebug.abi32  0xa00041d0        0x0 /sdd/opt/microchip/xc32/v1.40/bin/bin/../../lib/gcc/pic32mx/4.8.3/../../../../pic32mx/lib/speed/liblega-c.a(strtoll.o)
 .mdebug.abi32  0xa00041d0        0x0 /sdd/opt/microchip/xc32/v1.40/bin/bin/../../lib/gcc/pic32mx/4.8.3/../../../../pic32mx/lib/speed/liblega-c.a(strtoull.o)
 .mdebug.abi32  0xa00041d0        0x0 /sdd/opt/microchip/xc32/v1.40/bin/bin/../../lib/gcc/pic32mx/4.8.3/../../../../pic32mx/lib/speed/liblega-c.a(strtod.o)
 .mdebug.abi32  0xa00041d0        0x0 /sdd/opt/microchip/xc32/v1.40/bin/bin/../../lib/gcc/pic32mx/4.8.3/../../../../pic32mx/lib/speed/liblega-c.a(strtof.o)
 .mdebug.abi32  0xa00041d0        0x0 /sdd/opt/microchip/xc32/v1.40/bin/bin/../../lib/gcc/pic32mx/4.8.3/../../../../pic32mx/lib/speed/liblega-c.a(fullexit.o)
 .mdebug.abi32  0xa00041d0        0x0 /sdd/opt/microchip/xc32/v1.40/bin/bin/../../lib/gcc/pic32mx/4.8.3/../../../../pic32mx/lib/speed/liblega-c.a(_ioinit.o)
 .mdebug.abi32  0xa00041d0        0x0 /sdd/opt/microchip/xc32/v1.40/bin/bin/../../lib/gcc/pic32mx/4.8.3/../../../../pic32mx/lib/speed/liblega-c.a(_cleanup.o)
 .mdebug.abi32  0xa00041d0        0x0 /sdd/opt/microchip/xc32/v1.40/bin/bin/../../lib/gcc/pic32mx/4.8.3/../../../../pic32mx/lib/speed/liblega-c.a(_exit.o)
 .mdebug.abi32  0xa00041d0        0x0 /sdd/opt/microchip/xc32/v1.40/bin/bin/../../lib/gcc/pic32mx/4.8.3/../../../../pic32mx/lib/speed/liblega-c.a(isatty.o)
 .mdebug.abi32  0xa00041d0        0x0 /sdd/opt/microchip/xc32/v1.40/bin/bin/../../lib/gcc/pic32mx/4.8.3/../../../../pic32mx/lib/speed/liblega-c.a(_mon_putc.o)
 .mdebug.abi32  0xa00041d0        0x0 /sdd/opt/microchip/xc32/v1.40/bin/bin/../../lib/gcc/pic32mx/4.8.3/../../../../pic32mx/lib/speed/liblega-c.a(memmove.o)
 .mdebug.abi32  0xa00041d0        0x0 /sdd/opt/microchip/xc32/v1.40/bin/bin/../../lib/gcc/pic32mx/4.8.3/../../../../pic32mx/lib/speed/liblega-c.a(_bufproc.o)
 .mdebug.abi32  0xa00041d0        0x0 /sdd/opt/microchip/xc32/v1.40/bin/bin/../../lib/gcc/pic32mx/4.8.3/../../../../pic32mx/lib/speed/libm.a(__strtod.o)
 .mdebug.abi32  0xa00041d0        0x0 /sdd/opt/microchip/xc32/v1.40/bin/bin/../../lib/gcc/pic32mx/4.8.3/../../../../pic32mx/lib/speed/libm.a(__strtof.o)
 .mdebug.abi32  0xa00041d0        0x0 /sdd/opt/microchip/xc32/v1.40/bin/bin/../../lib/gcc/pic32mx/4.8.3/../../../../pic32mx/lib/speed/libe.a(_ldexp.o)
 .mdebug.abi32  0xa00041d0        0x0 /sdd/opt/microchip/xc32/v1.40/bin/bin/../../lib/gcc/pic32mx/4.8.3/../../../../pic32mx/lib/speed/libe.a(_ldexpf.o)
 .mdebug.abi32  0xa00041d0        0x0 /sdd/opt/microchip/xc32/v1.40/bin/bin/../../lib/gcc/pic32mx/4.8.3/speed/libgcc.a(_lshrdi3.o)
 .mdebug.abi32  0xa00041d0        0x0 /sdd/opt/microchip/xc32/v1.40/bin/bin/../../lib/gcc/pic32mx/4.8.3/speed/libgcc.a(_ashldi3.o)
 .mdebug.abi32  0xa00041d0        0x0 /sdd/opt/microchip/xc32/v1.40/bin/bin/../../lib/gcc/pic32mx/4.8.3/speed/libgcc.a(_divdi3.o)
 .mdebug.abi32  0xa00041d0        0x0 /sdd/opt/microchip/xc32/v1.40/bin/bin/../../lib/gcc/pic32mx/4.8.3/speed/libgcc.a(_umoddi3.o)

.mdebug.abiN32
 *(.mdebug.abiN32)

.mdebug.abi64
 *(.mdebug.abi64)

.mdebug.abiO64
 *(.mdebug.abiO64)

.mdebug.eabi32
 *(.mdebug.eabi32)

.mdebug.eabi64
 *(.mdebug.eabi64)

.gcc_compiled_long32
 *(.gcc_compiled_long32)

.gcc_compiled_long64
 *(.gcc_compiled_long64)

.stab
 *(.stab)

.stabstr
 *(.stabstr)

.stab.excl
 *(.stab.excl)

.stab.exclstr
 *(.stab.exclstr)

.stab.index
 *(.stab.index)

.stab.indexstr
 *(.stab.indexstr)

.comment        0x00000000      0xc92
 *(.comment)
 .comment       0x00000000       0x3c build/default/production/_ext/1472/BerkeleyTCPClientDemo.o
                                 0x3d (size before relaxing)
 .comment       0x00000000       0x3d build/default/production/_ext/1472/BerkeleyTCPServerDemo.o
 .comment       0x00000000       0x3d build/default/production/_ext/1472/BerkeleyUDPClientDemo.o
 .comment       0x00000000       0x3d build/default/production/_ext/1472/GenericTCPClient.o
 .comment       0x00000000       0x3d build/default/production/_ext/1472/GenericTCPServer.o
 .comment       0x00000000       0x3d build/default/production/_ext/1472/LegacyHTTPApp.o
 .comment       0x00000000       0x3d build/default/production/_ext/1472/PingDemo.o
 .comment       0x00000000       0x3d build/default/production/_ext/1472/SMTPDemo.o
 .comment       0x00000000       0x3d build/default/production/_ext/1472/UARTConfig.o
 .comment       0x00000000       0x3d build/default/production/_ext/1295770447/Announce.o
 .comment       0x00000000       0x3d build/default/production/_ext/1295770447/ARCFOUR.o
 .comment       0x00000000       0x3d build/default/production/_ext/1295770447/ARP.o
 .comment       0x00000000       0x3d build/default/production/_ext/1295770447/AutoIP.o
 .comment       0x00000000       0x3d build/default/production/_ext/1295770447/BerkeleyAPI.o
 .comment       0x00000000       0x3d build/default/production/_ext/1295770447/BigInt.o
 .comment       0x00000000       0x3d build/default/production/_ext/1295770447/Delay.o
 .comment       0x00000000       0x3d build/default/production/_ext/1295770447/DHCP.o
 .comment       0x00000000       0x3d build/default/production/_ext/1295770447/DHCPs.o
 .comment       0x00000000       0x3d build/default/production/_ext/1295770447/DNS.o
 .comment       0x00000000       0x3d build/default/production/_ext/1295770447/DNSs.o
 .comment       0x00000000       0x3d build/default/production/_ext/1295770447/DynDNS.o
 .comment       0x00000000       0x3d build/default/production/_ext/1295770447/ENC28J60.o
 .comment       0x00000000       0x3d build/default/production/_ext/1295770447/ENCX24J600.o
 .comment       0x00000000       0x3d build/default/production/_ext/1295770447/ETHPIC32ExtPhy.o
 .comment       0x00000000       0x3d build/default/production/_ext/1295770447/ETHPIC32ExtPhyDP83848.o
 .comment       0x00000000       0x3d build/default/production/_ext/1295770447/ETHPIC32IntMac.o
 .comment       0x00000000       0x3d build/default/production/_ext/1295770447/FileSystem.o
 .comment       0x00000000       0x3d build/default/production/_ext/1295770447/FTP.o
 .comment       0x00000000       0x3d build/default/production/_ext/1295770447/Hashes.o
 .comment       0x00000000       0x3d build/default/production/_ext/1295770447/Helpers.o
 .comment       0x00000000       0x3d build/default/production/_ext/1295770447/HTTP2.o
 .comment       0x00000000       0x3d build/default/production/_ext/1295770447/HTTP.o
 .comment       0x00000000       0x3d build/default/production/_ext/1295770447/ICMP.o
 .comment       0x00000000       0x3d build/default/production/_ext/1295770447/IP.o
 .comment       0x00000000       0x3d build/default/production/_ext/1295770447/LCDBlocking.o
 .comment       0x00000000       0x3d build/default/production/_ext/1295770447/MPFS2.o
 .comment       0x00000000       0x3d build/default/production/_ext/1295770447/MPFS.o
 .comment       0x00000000       0x3d build/default/production/_ext/1295770447/NBNS.o
 .comment       0x00000000       0x3d build/default/production/_ext/1295770447/Random.o
 .comment       0x00000000       0x3d build/default/production/_ext/1295770447/Reboot.o
 .comment       0x00000000       0x3d build/default/production/_ext/1295770447/RSA.o
 .comment       0x00000000       0x3d build/default/production/_ext/1295770447/SMTP.o
 .comment       0x00000000       0x3d build/default/production/_ext/1295770447/SNMP.o
 .comment       0x00000000       0x3d build/default/production/_ext/1295770447/SNMPv3.o
 .comment       0x00000000       0x3d build/default/production/_ext/1295770447/SNMPv3USM.o
 .comment       0x00000000       0x3d build/default/production/_ext/1295770447/SNTP.o
 .comment       0x00000000       0x3d build/default/production/_ext/1295770447/SPIEEPROM.o
 .comment       0x00000000       0x3d build/default/production/_ext/1295770447/SPIFlash.o
 .comment       0x00000000       0x3d build/default/production/_ext/1295770447/SPIRAM.o
 .comment       0x00000000       0x3d build/default/production/_ext/1295770447/SSL.o
 .comment       0x00000000       0x3d build/default/production/_ext/1295770447/StackTsk.o
 .comment       0x00000000       0x3d build/default/production/_ext/1295770447/TCP.o
 .comment       0x00000000       0x3d build/default/production/_ext/1295770447/TCPPerformanceTest.o
 .comment       0x00000000       0x3d build/default/production/_ext/1295770447/Telnet.o
 .comment       0x00000000       0x3d build/default/production/_ext/1295770447/TFTPc.o
 .comment       0x00000000       0x3d build/default/production/_ext/1295770447/Tick.o
 .comment       0x00000000       0x3d build/default/production/_ext/1295770447/UART2TCPBridge.o
 .comment       0x00000000       0x3d build/default/production/_ext/1295770447/UART.o
 .comment       0x00000000       0x3d build/default/production/_ext/1295770447/UDP.o
 .comment       0x00000000       0x3d build/default/production/_ext/1295770447/UDPPerformanceTest.o
 .comment       0x00000000       0x3d build/default/production/_ext/1295770447/ZeroconfHelper.o
 .comment       0x00000000       0x3d build/default/production/_ext/1295770447/ZeroconfLinkLocal.o
 .comment       0x00000000       0x3d build/default/production/_ext/1295770447/ZeroconfMulticastDNS.o
 .comment       0x00000000       0x3d build/default/production/_ext/1472/MPFSImg2.o
 .comment       0x00000000       0x3d build/default/production/_ext/1472/MPFSImg.o
 .comment       0x00000000       0x3d build/default/production/_ext/1472/CustomHTTPApp.o
 .comment       0x00000000       0x3d build/default/production/_ext/1472/CustomSNMPApp.o
 .comment       0x00000000       0x3d build/default/production/_ext/1472/CustomSSLCert.o
 .comment       0x00000000       0x3d build/default/production/_ext/1472/MainDemo.o
 .comment       0x00000000       0x3d build/default/production/_ext/1472/mbmc.o
 .comment       0x00000000       0x3d build/default/production/_ext/1472/crc8_fast.o
 .comment       0x00000000       0x3d /sdd/opt/microchip/xc32/v1.40/bin/bin/../../lib/gcc/pic32mx/4.8.3/../../../../pic32mx/lib/speed/libmchp_peripheral.a(read_core_timer_lib.o)
 .comment       0x00000000       0x3d /sdd/opt/microchip/xc32/v1.40/bin/bin/../../lib/gcc/pic32mx/4.8.3/../../../../pic32mx/lib/speed/libmchp_peripheral_32MX795F512L.a(eth_ack_packet_lib.o)
 .comment       0x00000000       0x3d /sdd/opt/microchip/xc32/v1.40/bin/bin/../../lib/gcc/pic32mx/4.8.3/../../../../pic32mx/lib/speed/libmchp_peripheral_32MX795F512L.a(eth_descriptors_add_lib.o)
 .comment       0x00000000       0x3d /sdd/opt/microchip/xc32/v1.40/bin/bin/../../lib/gcc/pic32mx/4.8.3/../../../../pic32mx/lib/speed/libmchp_peripheral_32MX795F512L.a(eth_init_lib.o)
 .comment       0x00000000       0x3d /sdd/opt/microchip/xc32/v1.40/bin/bin/../../lib/gcc/pic32mx/4.8.3/../../../../pic32mx/lib/speed/libmchp_peripheral_32MX795F512L.a(eth_mac_open_lib.o)
 .comment       0x00000000       0x3d /sdd/opt/microchip/xc32/v1.40/bin/bin/../../lib/gcc/pic32mx/4.8.3/../../../../pic32mx/lib/speed/libmchp_peripheral_32MX795F512L.a(eth_mac_set_address_max_lib.o)
 .comment       0x00000000       0x3d /sdd/opt/microchip/xc32/v1.40/bin/bin/../../lib/gcc/pic32mx/4.8.3/../../../../pic32mx/lib/speed/libmchp_peripheral_32MX795F512L.a(eth_rx_buffers_append_lib.o)
 .comment       0x00000000       0x3d /sdd/opt/microchip/xc32/v1.40/bin/bin/../../lib/gcc/pic32mx/4.8.3/../../../../pic32mx/lib/speed/libmchp_peripheral_32MX795F512L.a(eth_rx_filters_lib.o)
 .comment       0x00000000       0x3d /sdd/opt/microchip/xc32/v1.40/bin/bin/../../lib/gcc/pic32mx/4.8.3/../../../../pic32mx/lib/speed/libmchp_peripheral_32MX795F512L.a(eth_rx_get_packet_lib.o)
 .comment       0x00000000       0x3d /sdd/opt/microchip/xc32/v1.40/bin/bin/../../lib/gcc/pic32mx/4.8.3/../../../../pic32mx/lib/speed/libmchp_peripheral_32MX795F512L.a(eth_rx_set_buffer_size_lib.o)
 .comment       0x00000000       0x3d /sdd/opt/microchip/xc32/v1.40/bin/bin/../../lib/gcc/pic32mx/4.8.3/../../../../pic32mx/lib/speed/libmchp_peripheral_32MX795F512L.a(eth_tx_packet_lib.o)
 .comment       0x00000000       0x3d /sdd/opt/microchip/xc32/v1.40/bin/bin/../../lib/gcc/pic32mx/4.8.3/../../../../pic32mx/lib/speed/libmchp_peripheral_32MX795F512L.a(_eth_append_busy_list_lib.o)
 .comment       0x00000000       0x3d /sdd/opt/microchip/xc32/v1.40/bin/bin/../../lib/gcc/pic32mx/4.8.3/../../../../pic32mx/lib/speed/libmchp_peripheral_32MX795F512L.a(eth_miim_access.o)
 .comment       0x00000000       0x3d /sdd/opt/microchip/xc32/v1.40/bin/bin/../../lib/gcc/pic32mx/4.8.3/../../../../pic32mx/lib/speed/libmchp_peripheral_32MX795F512L.a(soft_reset_lib.o)
 .comment       0x00000000       0x3d /sdd/opt/microchip/xc32/v1.40/bin/bin/../../lib/gcc/pic32mx/4.8.3/../../../../pic32mx/lib/speed/libmchp_peripheral_32MX795F512L.a(pcache.o)
 .comment       0x00000000       0x3d /sdd/opt/microchip/xc32/v1.40/bin/bin/../../lib/gcc/pic32mx/4.8.3/../../../../pic32mx/lib/speed/libmchp_peripheral_32MX795F512L.a(int_disable_interrupts_lib.o)
 .comment       0x00000000       0x3d /sdd/opt/microchip/xc32/v1.40/bin/bin/../../lib/gcc/pic32mx/4.8.3/../../../../pic32mx/lib/speed/libmchp_peripheral_32MX795F512L.a(int_restore_interrupts_lib.o)
 .comment       0x00000000       0x3d /sdd/opt/microchip/xc32/v1.40/bin/bin/../../lib/gcc/pic32mx/4.8.3/../../../../pic32mx/lib/speed/libmchp_peripheral_32MX795F512L.a(int_enable_mv_int_lib.o)
 .comment       0x00000000       0x3d /sdd/opt/microchip/xc32/v1.40/bin/bin/../../lib/gcc/pic32mx/4.8.3/../../../../pic32mx/lib/speed/libmchp_peripheral_32MX795F512L.a(int_tbl_lib.o)
 .comment       0x00000000       0x3d /sdd/opt/microchip/xc32/v1.40/bin/bin/../../lib/gcc/pic32mx/4.8.3/../../../../pic32mx/lib/speed/libmchp_peripheral_32MX795F512L.a(port_set_pins_digital_in_lib.o)
 .comment       0x00000000       0x3d /sdd/opt/microchip/xc32/v1.40/bin/bin/../../lib/gcc/pic32mx/4.8.3/../../../../pic32mx/lib/speed/libmchp_peripheral_32MX795F512L.a(port_set_pins_digital_out_lib.o)
 .comment       0x00000000       0x3d /sdd/opt/microchip/xc32/v1.40/bin/bin/../../lib/gcc/pic32mx/4.8.3/../../../../pic32mx/lib/speed/libmchp_peripheral_32MX795F512L.a(_ports_tbl_libp.o)
 .comment       0x00000000       0x3d /sdd/opt/microchip/xc32/v1.40/bin/bin/../../lib/gcc/pic32mx/4.8.3/../../../../pic32mx/lib/speed/libmchp_peripheral_32MX795F512L.a(uart_lib.o)
 .comment       0x00000000       0x3d /sdd/opt/microchip/xc32/v1.40/bin/bin/../../lib/gcc/pic32mx/4.8.3/../../../../pic32mx/lib/speed/libmchp_peripheral_32MX795F512L.a(int_enable_interrupts_lib.o)
 .comment       0x00000000       0x3d /sdd/opt/microchip/xc32/v1.40/bin/bin/../../lib/gcc/pic32mx/4.8.3/speed/libgcc.a(_udivdi3.o)
 .comment       0x00000000       0x3d /sdd/opt/microchip/xc32/v1.40/bin/bin/../../lib/gcc/pic32mx/4.8.3/speed/libgcc.a(floatunsisf.o)
 .comment       0x0000003c       0x18 /sdd/opt/microchip/xc32/v1.40/bin/bin/../../lib/gcc/pic32mx/4.8.3/../../../../pic32mx/lib/speed/libpic32.a(memcmp.o)
                                 0x19 (size before relaxing)
 .comment       0x00000054       0x18 /sdd/opt/microchip/xc32/v1.40/bin/bin/../../lib/gcc/pic32mx/4.8.3/../../../../pic32mx/lib/speed/libpic32.a(memset.o)
                                 0x19 (size before relaxing)
 .comment       0x0000006c       0x55 /sdd/opt/microchip/xc32/v1.40/bin/bin/../../lib/gcc/pic32mx/4.8.3/../../../../pic32mx/lib/speed/libpic32.a(strcmp.o)
                                 0x56 (size before relaxing)
 .comment       0x000000c1       0x19 /sdd/opt/microchip/xc32/v1.40/bin/bin/../../lib/gcc/pic32mx/4.8.3/../../../../pic32mx/lib/speed/libpic32.a(strcpy.o)
                                 0x1a (size before relaxing)
 .comment       0x000000da       0x19 /sdd/opt/microchip/xc32/v1.40/bin/bin/../../lib/gcc/pic32mx/4.8.3/../../../../pic32mx/lib/speed/libpic32.a(strlen.o)
                                 0x1a (size before relaxing)
 .comment       0x00000000       0x3d /sdd/opt/microchip/xc32/v1.40/bin/bin/../../lib/gcc/pic32mx/4.8.3/../../../../pic32mx/lib/speed/libpic32.a(default-bootstrap-exception-handler.o)
 .comment       0x00000000       0x3d /sdd/opt/microchip/xc32/v1.40/bin/bin/../../lib/gcc/pic32mx/4.8.3/../../../../pic32mx/lib/speed/libpic32.a(default-on-reset.o)
 .comment       0x00000000       0x3d /sdd/opt/microchip/xc32/v1.40/bin/bin/../../lib/gcc/pic32mx/4.8.3/../../../../pic32mx/lib/speed/libpic32.a(default-on-bootstrap.o)
 .comment       0x00000000       0x3d /sdd/opt/microchip/xc32/v1.40/bin/bin/../../lib/gcc/pic32mx/4.8.3/../../../../pic32mx/lib/speed/libpic32.a(defaultinterrupt.o)
 .comment       0x000000f3       0x4f /sdd/opt/microchip/xc32/v1.40/bin/bin/../../lib/gcc/pic32mx/4.8.3/../../../../pic32mx/lib/speed/liblega-c.a(strcat.o)
                                 0x8c (size before relaxing)
 .comment       0x00000142       0x50 /sdd/opt/microchip/xc32/v1.40/bin/bin/../../lib/gcc/pic32mx/4.8.3/../../../../pic32mx/lib/speed/liblega-c.a(strncat.o)
                                 0x8d (size before relaxing)
 .comment       0x00000192       0x4f /sdd/opt/microchip/xc32/v1.40/bin/bin/../../lib/gcc/pic32mx/4.8.3/../../../../pic32mx/lib/speed/liblega-c.a(strchr.o)
                                 0x8c (size before relaxing)
 .comment       0x000001e1       0x4f /sdd/opt/microchip/xc32/v1.40/bin/bin/../../lib/gcc/pic32mx/4.8.3/../../../../pic32mx/lib/speed/liblega-c.a(strstr.o)
                                 0x8c (size before relaxing)
 .comment       0x00000000       0x3d /sdd/opt/microchip/xc32/v1.40/bin/bin/../../lib/gcc/pic32mx/4.8.3/../../../../pic32mx/lib/speed/liblega-c.a(malloc_calloc.o)
 .comment       0x00000230       0x4f /sdd/opt/microchip/xc32/v1.40/bin/bin/../../lib/gcc/pic32mx/4.8.3/../../../../pic32mx/lib/speed/liblega-c.a(strtol.o)
                                 0x8c (size before relaxing)
 .comment       0x0000027f       0x52 /sdd/opt/microchip/xc32/v1.40/bin/bin/../../lib/gcc/pic32mx/4.8.3/../../../../pic32mx/lib/speed/liblega-c.a(sprintf.o)
                                 0x8f (size before relaxing)
 .comment       0x000002d1       0x51 /sdd/opt/microchip/xc32/v1.40/bin/bin/../../lib/gcc/pic32mx/4.8.3/../../../../pic32mx/lib/speed/liblega-c.a(sscanf.o)
                                 0x8e (size before relaxing)
 .comment       0x00000322       0x52 /sdd/opt/microchip/xc32/v1.40/bin/bin/../../lib/gcc/pic32mx/4.8.3/../../../../pic32mx/lib/speed/liblega-c.a(vsscanf.o)
                                 0x8f (size before relaxing)
 .comment       0x00000374       0x56 /sdd/opt/microchip/xc32/v1.40/bin/bin/../../lib/gcc/pic32mx/4.8.3/../../../../pic32mx/lib/speed/liblega-c.a(__vsnprintf.o)
                                 0x93 (size before relaxing)
 .comment       0x00000000       0x3d /sdd/opt/microchip/xc32/v1.40/bin/bin/../../lib/gcc/pic32mx/4.8.3/../../../../pic32mx/lib/speed/liblega-c.a(gmtime.o)
 .comment       0x00000000       0x3d /sdd/opt/microchip/xc32/v1.40/bin/bin/../../lib/gcc/pic32mx/4.8.3/../../../../pic32mx/lib/speed/liblega-c.a(offtime.o)
 .comment       0x000003ca       0x51 /sdd/opt/microchip/xc32/v1.40/bin/bin/../../lib/gcc/pic32mx/4.8.3/../../../../pic32mx/lib/speed/liblega-c.a(asctime.o)
                                 0x8e (size before relaxing)
 .comment       0x0000041b       0x4e /sdd/opt/microchip/xc32/v1.40/bin/bin/../../lib/gcc/pic32mx/4.8.3/../../../../pic32mx/lib/speed/liblega-c.a(stubs.o)
                                 0x8b (size before relaxing)
 .comment       0x00000469       0x4e /sdd/opt/microchip/xc32/v1.40/bin/bin/../../lib/gcc/pic32mx/4.8.3/../../../../pic32mx/lib/speed/liblega-c.a(ctype.o)
                                 0x8b (size before relaxing)
 .comment       0x00000000       0x3d /sdd/opt/microchip/xc32/v1.40/bin/bin/../../lib/gcc/pic32mx/4.8.3/../../../../pic32mx/lib/speed/liblega-c.a(malloc.o)
 .comment       0x000004b7       0x4e /sdd/opt/microchip/xc32/v1.40/bin/bin/../../lib/gcc/pic32mx/4.8.3/../../../../pic32mx/lib/speed/liblega-c.a(errno.o)
                                 0x8b (size before relaxing)
 .comment       0x00000505       0x52 /sdd/opt/microchip/xc32/v1.40/bin/bin/../../lib/gcc/pic32mx/4.8.3/../../../../pic32mx/lib/speed/liblega-c.a(_doprnt.o)
                                 0x8f (size before relaxing)
 .comment       0x00000557       0x52 /sdd/opt/microchip/xc32/v1.40/bin/bin/../../lib/gcc/pic32mx/4.8.3/../../../../pic32mx/lib/speed/liblega-c.a(_doscan.o)
                                 0x8f (size before relaxing)
 .comment       0x000005a9       0x53 /sdd/opt/microchip/xc32/v1.40/bin/bin/../../lib/gcc/pic32mx/4.8.3/../../../../pic32mx/lib/speed/liblega-c.a(_iobdata.o)
                                 0x90 (size before relaxing)
 .comment       0x000005fc       0x54 /sdd/opt/microchip/xc32/v1.40/bin/bin/../../lib/gcc/pic32mx/4.8.3/../../../../pic32mx/lib/speed/liblega-c.a(_iobfuncs.o)
                                 0x91 (size before relaxing)
 .comment       0x00000650       0x55 /sdd/opt/microchip/xc32/v1.40/bin/bin/../../lib/gcc/pic32mx/4.8.3/../../../../pic32mx/lib/speed/liblega-c.a(_iobstring.o)
                                 0x92 (size before relaxing)
 .comment       0x000006a5       0x50 /sdd/opt/microchip/xc32/v1.40/bin/bin/../../lib/gcc/pic32mx/4.8.3/../../../../pic32mx/lib/speed/liblega-c.a(fgetc.o)
                                 0x8d (size before relaxing)
 .comment       0x000006f5       0x50 /sdd/opt/microchip/xc32/v1.40/bin/bin/../../lib/gcc/pic32mx/4.8.3/../../../../pic32mx/lib/speed/liblega-c.a(fputc.o)
                                 0x8d (size before relaxing)
 .comment       0x00000745       0x51 /sdd/opt/microchip/xc32/v1.40/bin/bin/../../lib/gcc/pic32mx/4.8.3/../../../../pic32mx/lib/speed/liblega-c.a(ungetc.o)
                                 0x8e (size before relaxing)
 .comment       0x00000796       0x4b /sdd/opt/microchip/xc32/v1.40/bin/bin/../../lib/gcc/pic32mx/4.8.3/../../../../pic32mx/lib/speed/liblega-c.a(sbrk.o)
                                 0x88 (size before relaxing)
 .comment       0x00000000       0x3d /sdd/opt/microchip/xc32/v1.40/bin/bin/../../lib/gcc/pic32mx/4.8.3/../../../../pic32mx/lib/speed/liblega-c.a(_mon_getc.o)
 .comment       0x00000000       0x3d /sdd/opt/microchip/xc32/v1.40/bin/bin/../../lib/gcc/pic32mx/4.8.3/../../../../pic32mx/lib/speed/liblega-c.a(_mon_write.o)
 .comment       0x00000000       0x3d /sdd/opt/microchip/xc32/v1.40/bin/bin/../../lib/gcc/pic32mx/4.8.3/../../../../pic32mx/lib/speed/liblega-c.a(malloc_realloc.o)
 .comment       0x000007e1       0x50 /sdd/opt/microchip/xc32/v1.40/bin/bin/../../lib/gcc/pic32mx/4.8.3/../../../../pic32mx/lib/speed/liblega-c.a(strtoul.o)
                                 0x8d (size before relaxing)
 .comment       0x00000831       0x50 /sdd/opt/microchip/xc32/v1.40/bin/bin/../../lib/gcc/pic32mx/4.8.3/../../../../pic32mx/lib/speed/liblega-c.a(strtoll.o)
                                 0x8d (size before relaxing)
 .comment       0x00000881       0x51 /sdd/opt/microchip/xc32/v1.40/bin/bin/../../lib/gcc/pic32mx/4.8.3/../../../../pic32mx/lib/speed/liblega-c.a(strtoull.o)
                                 0x8e (size before relaxing)
 .comment       0x000008d2       0x4f /sdd/opt/microchip/xc32/v1.40/bin/bin/../../lib/gcc/pic32mx/4.8.3/../../../../pic32mx/lib/speed/liblega-c.a(strtod.o)
                                 0x8c (size before relaxing)
 .comment       0x00000000       0x8c /sdd/opt/microchip/xc32/v1.40/bin/bin/../../lib/gcc/pic32mx/4.8.3/../../../../pic32mx/lib/speed/liblega-c.a(strtof.o)
 .comment       0x00000921       0x51 /sdd/opt/microchip/xc32/v1.40/bin/bin/../../lib/gcc/pic32mx/4.8.3/../../../../pic32mx/lib/speed/liblega-c.a(fullexit.o)
                                 0x8e (size before relaxing)
 .comment       0x00000972       0x52 /sdd/opt/microchip/xc32/v1.40/bin/bin/../../lib/gcc/pic32mx/4.8.3/../../../../pic32mx/lib/speed/liblega-c.a(_ioinit.o)
                                 0x8f (size before relaxing)
 .comment       0x000009c4       0x51 /sdd/opt/microchip/xc32/v1.40/bin/bin/../../lib/gcc/pic32mx/4.8.3/../../../../pic32mx/lib/speed/liblega-c.a(_cleanup.o)
                                 0x8e (size before relaxing)
 .comment       0x00000000       0x3d /sdd/opt/microchip/xc32/v1.40/bin/bin/../../lib/gcc/pic32mx/4.8.3/../../../../pic32mx/lib/speed/liblega-c.a(_exit.o)
 .comment       0x00000a15       0x4e /sdd/opt/microchip/xc32/v1.40/bin/bin/../../lib/gcc/pic32mx/4.8.3/../../../../pic32mx/lib/speed/liblega-c.a(isatty.o)
                                 0x8b (size before relaxing)
 .comment       0x00000000       0x3d /sdd/opt/microchip/xc32/v1.40/bin/bin/../../lib/gcc/pic32mx/4.8.3/../../../../pic32mx/lib/speed/liblega-c.a(_mon_putc.o)
 .comment       0x00000a63       0x50 /sdd/opt/microchip/xc32/v1.40/bin/bin/../../lib/gcc/pic32mx/4.8.3/../../../../pic32mx/lib/speed/liblega-c.a(memmove.o)
                                 0x8d (size before relaxing)
 .comment       0x00000ab3       0x53 /sdd/opt/microchip/xc32/v1.40/bin/bin/../../lib/gcc/pic32mx/4.8.3/../../../../pic32mx/lib/speed/liblega-c.a(_bufproc.o)
                                 0x90 (size before relaxing)
 .comment       0x00000b06       0x9d /sdd/opt/microchip/xc32/v1.40/bin/bin/../../lib/gcc/pic32mx/4.8.3/../../../../pic32mx/lib/speed/libm.a(__strtod.o)
                                 0xda (size before relaxing)
 .comment       0x00000ba3       0x4f /sdd/opt/microchip/xc32/v1.40/bin/bin/../../lib/gcc/pic32mx/4.8.3/../../../../pic32mx/lib/speed/libm.a(__strtof.o)
                                 0xda (size before relaxing)
 .comment       0x00000bf2       0x50 /sdd/opt/microchip/xc32/v1.40/bin/bin/../../lib/gcc/pic32mx/4.8.3/../../../../pic32mx/lib/speed/libe.a(_ldexp.o)
                                 0xdb (size before relaxing)
 .comment       0x00000c42       0x50 /sdd/opt/microchip/xc32/v1.40/bin/bin/../../lib/gcc/pic32mx/4.8.3/../../../../pic32mx/lib/speed/libe.a(_ldexpf.o)
                                 0xdb (size before relaxing)
 .comment       0x00000000       0x3d /sdd/opt/microchip/xc32/v1.40/bin/bin/../../lib/gcc/pic32mx/4.8.3/speed/libgcc.a(_lshrdi3.o)
 .comment       0x00000000       0x3d /sdd/opt/microchip/xc32/v1.40/bin/bin/../../lib/gcc/pic32mx/4.8.3/speed/libgcc.a(_ashldi3.o)
 .comment       0x00000000       0x3d /sdd/opt/microchip/xc32/v1.40/bin/bin/../../lib/gcc/pic32mx/4.8.3/speed/libgcc.a(_divdi3.o)
 .comment       0x00000000       0x3d /sdd/opt/microchip/xc32/v1.40/bin/bin/../../lib/gcc/pic32mx/4.8.3/speed/libgcc.a(_umoddi3.o)

.debug
 *(.debug)

.line
 *(.line)

.debug_srcinfo
 *(.debug_srcinfo)

.debug_sfnames
 *(.debug_sfnames)

.debug_aranges  0x00000000      0x5d0
 *(.debug_aranges)
 .debug_aranges
                0x00000000       0x20 /sdd/opt/microchip/xc32/v1.40/bin/bin/../../lib/gcc/pic32mx/4.8.3/../../../../pic32mx/lib/speed/libmchp_peripheral.a(read_core_timer_lib.o)
 .debug_aranges
                0x00000020       0x48 /sdd/opt/microchip/xc32/v1.40/bin/bin/../../lib/gcc/pic32mx/4.8.3/../../../../pic32mx/lib/speed/libmchp_peripheral_32MX795F512L.a(eth_ack_packet_lib.o)
 .debug_aranges
                0x00000068       0x28 /sdd/opt/microchip/xc32/v1.40/bin/bin/../../lib/gcc/pic32mx/4.8.3/../../../../pic32mx/lib/speed/libmchp_peripheral_32MX795F512L.a(eth_descriptors_add_lib.o)
 .debug_aranges
                0x00000090       0x20 /sdd/opt/microchip/xc32/v1.40/bin/bin/../../lib/gcc/pic32mx/4.8.3/../../../../pic32mx/lib/speed/libmchp_peripheral_32MX795F512L.a(eth_init_lib.o)
 .debug_aranges
                0x000000b0       0x20 /sdd/opt/microchip/xc32/v1.40/bin/bin/../../lib/gcc/pic32mx/4.8.3/../../../../pic32mx/lib/speed/libmchp_peripheral_32MX795F512L.a(eth_mac_open_lib.o)
 .debug_aranges
                0x000000d0       0x30 /sdd/opt/microchip/xc32/v1.40/bin/bin/../../lib/gcc/pic32mx/4.8.3/../../../../pic32mx/lib/speed/libmchp_peripheral_32MX795F512L.a(eth_mac_set_address_max_lib.o)
 .debug_aranges
                0x00000100       0x20 /sdd/opt/microchip/xc32/v1.40/bin/bin/../../lib/gcc/pic32mx/4.8.3/../../../../pic32mx/lib/speed/libmchp_peripheral_32MX795F512L.a(eth_rx_buffers_append_lib.o)
 .debug_aranges
                0x00000120       0x48 /sdd/opt/microchip/xc32/v1.40/bin/bin/../../lib/gcc/pic32mx/4.8.3/../../../../pic32mx/lib/speed/libmchp_peripheral_32MX795F512L.a(eth_rx_filters_lib.o)
 .debug_aranges
                0x00000168       0x28 /sdd/opt/microchip/xc32/v1.40/bin/bin/../../lib/gcc/pic32mx/4.8.3/../../../../pic32mx/lib/speed/libmchp_peripheral_32MX795F512L.a(eth_rx_get_packet_lib.o)
 .debug_aranges
                0x00000190       0x20 /sdd/opt/microchip/xc32/v1.40/bin/bin/../../lib/gcc/pic32mx/4.8.3/../../../../pic32mx/lib/speed/libmchp_peripheral_32MX795F512L.a(eth_rx_set_buffer_size_lib.o)
 .debug_aranges
                0x000001b0       0x38 /sdd/opt/microchip/xc32/v1.40/bin/bin/../../lib/gcc/pic32mx/4.8.3/../../../../pic32mx/lib/speed/libmchp_peripheral_32MX795F512L.a(eth_tx_packet_lib.o)
 .debug_aranges
                0x000001e8       0x20 /sdd/opt/microchip/xc32/v1.40/bin/bin/../../lib/gcc/pic32mx/4.8.3/../../../../pic32mx/lib/speed/libmchp_peripheral_32MX795F512L.a(_eth_append_busy_list_lib.o)
 .debug_aranges
                0x00000208       0x48 /sdd/opt/microchip/xc32/v1.40/bin/bin/../../lib/gcc/pic32mx/4.8.3/../../../../pic32mx/lib/speed/libmchp_peripheral_32MX795F512L.a(eth_miim_access.o)
 .debug_aranges
                0x00000250       0x20 /sdd/opt/microchip/xc32/v1.40/bin/bin/../../lib/gcc/pic32mx/4.8.3/../../../../pic32mx/lib/speed/libmchp_peripheral_32MX795F512L.a(soft_reset_lib.o)
 .debug_aranges
                0x00000270       0x28 /sdd/opt/microchip/xc32/v1.40/bin/bin/../../lib/gcc/pic32mx/4.8.3/../../../../pic32mx/lib/speed/libmchp_peripheral_32MX795F512L.a(pcache.o)
 .debug_aranges
                0x00000298       0x20 /sdd/opt/microchip/xc32/v1.40/bin/bin/../../lib/gcc/pic32mx/4.8.3/../../../../pic32mx/lib/speed/libmchp_peripheral_32MX795F512L.a(int_disable_interrupts_lib.o)
 .debug_aranges
                0x000002b8       0x20 /sdd/opt/microchip/xc32/v1.40/bin/bin/../../lib/gcc/pic32mx/4.8.3/../../../../pic32mx/lib/speed/libmchp_peripheral_32MX795F512L.a(int_restore_interrupts_lib.o)
 .debug_aranges
                0x000002d8       0x20 /sdd/opt/microchip/xc32/v1.40/bin/bin/../../lib/gcc/pic32mx/4.8.3/../../../../pic32mx/lib/speed/libmchp_peripheral_32MX795F512L.a(int_enable_mv_int_lib.o)
 .debug_aranges
                0x000002f8       0x60 /sdd/opt/microchip/xc32/v1.40/bin/bin/../../lib/gcc/pic32mx/4.8.3/../../../../pic32mx/lib/speed/libmchp_peripheral_32MX795F512L.a(int_tbl_lib.o)
 .debug_aranges
                0x00000358       0x20 /sdd/opt/microchip/xc32/v1.40/bin/bin/../../lib/gcc/pic32mx/4.8.3/../../../../pic32mx/lib/speed/libmchp_peripheral_32MX795F512L.a(port_set_pins_digital_in_lib.o)
 .debug_aranges