Archive member included because of file (symbol)

/opt/microchip/mplabc32/v2.02/bin/../lib/gcc/pic32mx/4.5.1/speed/libgcc.a(_udivdi3.o)
                              build/default/production/_ext/1295770447/AutoIP.o (__udivdi3)
/opt/microchip/mplabc32/v2.02/bin/../lib/gcc/pic32mx/4.5.1/speed/libgcc.a(floatunsisf.o)
                              build/default/production/_ext/1472/CustomHTTPApp.o (__floatunsisf)
/opt/microchip/mplabc32/v2.02/bin/../lib/gcc/pic32mx/4.5.1/../../../../pic32mx/lib/speed/liblega-c.a(memcmp.o)
                              build/default/production/_ext/1295770447/ETHPIC32IntMac.o (memcmp)
/opt/microchip/mplabc32/v2.02/bin/../lib/gcc/pic32mx/4.5.1/../../../../pic32mx/lib/speed/liblega-c.a(memcpy.o)
                              build/default/production/_ext/1295770447/BerkeleyAPI.o (memcpy)
/opt/microchip/mplabc32/v2.02/bin/../lib/gcc/pic32mx/4.5.1/../../../../pic32mx/lib/speed/liblega-c.a(memset.o)
                              build/default/production/_ext/1295770447/TCP.o (memset)
/opt/microchip/mplabc32/v2.02/bin/../lib/gcc/pic32mx/4.5.1/../../../../pic32mx/lib/speed/liblega-c.a(strcmp.o)
                              build/default/production/_ext/1295770447/DynDNS.o (strcmp)
/opt/microchip/mplabc32/v2.02/bin/../lib/gcc/pic32mx/4.5.1/../../../../pic32mx/lib/speed/liblega-c.a(strcpy.o)
                              build/default/production/_ext/1472/CustomHTTPApp.o (strcpy)
/opt/microchip/mplabc32/v2.02/bin/../lib/gcc/pic32mx/4.5.1/../../../../pic32mx/lib/speed/liblega-c.a(strlen.o)
                              build/default/production/_ext/1472/BerkeleyTCPClientDemo.o (strlen)
/opt/microchip/mplabc32/v2.02/bin/../lib/gcc/pic32mx/4.5.1/../../../../pic32mx/lib/speed/liblega-c.a(legacy-general-exception.o)
                              /opt/microchip/mplabc32/v2.02/bin/../lib/gcc/pic32mx/4.5.1/../../../../pic32mx/lib/speed/crt0.o (_general_exception_context)
/opt/microchip/mplabc32/v2.02/bin/../lib/gcc/pic32mx/4.5.1/../../../../pic32mx/lib/speed/liblega-c.a(strcat.o)
                              build/default/production/_ext/1472/CustomHTTPApp.o (strcat)
/opt/microchip/mplabc32/v2.02/bin/../lib/gcc/pic32mx/4.5.1/../../../../pic32mx/lib/speed/liblega-c.a(strncat.o)
                              build/default/production/_ext/1472/GenericTCPServer.o (strncat)
/opt/microchip/mplabc32/v2.02/bin/../lib/gcc/pic32mx/4.5.1/../../../../pic32mx/lib/speed/liblega-c.a(strchr.o)
                              build/default/production/_ext/1295770447/SMTP.o (strchr)
/opt/microchip/mplabc32/v2.02/bin/../lib/gcc/pic32mx/4.5.1/../../../../pic32mx/lib/speed/liblega-c.a(strstr.o)
                              build/default/production/_ext/1295770447/SMTP.o (strstr)
/opt/microchip/mplabc32/v2.02/bin/../lib/gcc/pic32mx/4.5.1/../../../../pic32mx/lib/speed/liblega-c.a(malloc_calloc.o)
                              build/default/production/_ext/1295770447/ETHPIC32IntMac.o (calloc)
/opt/microchip/mplabc32/v2.02/bin/../lib/gcc/pic32mx/4.5.1/../../../../pic32mx/lib/speed/liblega-c.a(strtol.o)
                              build/default/production/_ext/1295770447/HTTP2.o (strtol)
/opt/microchip/mplabc32/v2.02/bin/../lib/gcc/pic32mx/4.5.1/../../../../pic32mx/lib/speed/liblega-c.a(sprintf.o)
                              build/default/production/_ext/1295770447/Telnet.o (sprintf)
/opt/microchip/mplabc32/v2.02/bin/../lib/gcc/pic32mx/4.5.1/../../../../pic32mx/lib/speed/liblega-c.a(sscanf.o)
                              build/default/production/_ext/1472/GenericTCPServer.o (sscanf)
/opt/microchip/mplabc32/v2.02/bin/../lib/gcc/pic32mx/4.5.1/../../../../pic32mx/lib/speed/liblega-c.a(vsscanf.o)
                              /opt/microchip/mplabc32/v2.02/bin/../lib/gcc/pic32mx/4.5.1/../../../../pic32mx/lib/speed/liblega-c.a(sscanf.o) (vsscanf)
/opt/microchip/mplabc32/v2.02/bin/../lib/gcc/pic32mx/4.5.1/../../../../pic32mx/lib/speed/liblega-c.a(__vsnprintf.o)
                              /opt/microchip/mplabc32/v2.02/bin/../lib/gcc/pic32mx/4.5.1/../../../../pic32mx/lib/speed/liblega-c.a(sprintf.o) (__vsnprintf)
/opt/microchip/mplabc32/v2.02/bin/../lib/gcc/pic32mx/4.5.1/../../../../pic32mx/lib/speed/liblega-c.a(gmtime.o)
                              build/default/production/_ext/1472/CustomHTTPApp.o (gmtime)
/opt/microchip/mplabc32/v2.02/bin/../lib/gcc/pic32mx/4.5.1/../../../../pic32mx/lib/speed/liblega-c.a(offtime.o)
                              /opt/microchip/mplabc32/v2.02/bin/../lib/gcc/pic32mx/4.5.1/../../../../pic32mx/lib/speed/liblega-c.a(gmtime.o) (offtime_r)
/opt/microchip/mplabc32/v2.02/bin/../lib/gcc/pic32mx/4.5.1/../../../../pic32mx/lib/speed/liblega-c.a(asctime.o)
                              build/default/production/_ext/1472/CustomHTTPApp.o (asctime)
/opt/microchip/mplabc32/v2.02/bin/../lib/gcc/pic32mx/4.5.1/../../../../pic32mx/lib/speed/liblega-c.a(stubs.o)
[...]
Memory Configuration

Name             Origin             Length             Attributes
kseg0_program_mem 0x9d000000         0x00080000         xr
kseg0_boot_mem   0x9fc00490         0x00000970
exception_mem    0x9fc01000         0x00001000
kseg1_boot_mem   0xbfc00000         0x00000490
debug_exec_mem   0xbfc02000         0x00000ff0
config3          0xbfc02ff0         0x00000004
config2          0xbfc02ff4         0x00000004
config1          0xbfc02ff8         0x00000004
config0          0xbfc02ffc         0x00000004
kseg1_data_mem   0xa0000000         0x00020000         w !x
sfrs             0xbf800000         0x00100000
configsfrs       0xbfc02ff0         0x00000010
*default*        0x00000000         0xffffffff

Linker script and memory map

LOAD /opt/microchip/mplabc32/v2.02/bin/../lib/gcc/pic32mx/4.5.1/../../../../pic32mx/lib/speed/crt0.o
LOAD build/default/production/_ext/1472/BerkeleyTCPClientDemo.o
LOAD build/default/production/_ext/1472/BerkeleyTCPServerDemo.o
LOAD build/default/production/_ext/1472/BerkeleyUDPClientDemo.o
LOAD build/default/production/_ext/1472/GenericTCPClient.o
LOAD build/default/production/_ext/1472/GenericTCPServer.o
LOAD build/default/production/_ext/1472/LegacyHTTPApp.o
LOAD build/default/production/_ext/1472/PingDemo.o
LOAD build/default/production/_ext/1472/SMTPDemo.o
LOAD build/default/production/_ext/1472/UARTConfig.o
LOAD build/default/production/_ext/1295770447/Announce.o
LOAD build/default/production/_ext/1295770447/ARCFOUR.o
LOAD build/default/production/_ext/1295770447/ARP.o
LOAD build/default/production/_ext/1295770447/AutoIP.o
LOAD build/default/production/_ext/1295770447/BerkeleyAPI.o
LOAD build/default/production/_ext/1295770447/BigInt.o
LOAD build/default/production/_ext/1295770447/Delay.o
LOAD build/default/production/_ext/1295770447/DHCP.o
LOAD build/default/production/_ext/1295770447/DHCPs.o
LOAD build/default/production/_ext/1295770447/DNS.o
LOAD build/default/production/_ext/1295770447/DNSs.o
LOAD build/default/production/_ext/1295770447/DynDNS.o
LOAD build/default/production/_ext/1295770447/ENC28J60.o
LOAD build/default/production/_ext/1295770447/ENCX24J600.o
LOAD build/default/production/_ext/1295770447/ETHPIC32ExtPhy.o
LOAD build/default/production/_ext/1295770447/ETHPIC32ExtPhyDP83848.o
LOAD build/default/production/_ext/1295770447/ETHPIC32IntMac.o
LOAD build/default/production/_ext/1295770447/FileSystem.o
LOAD build/default/production/_ext/1295770447/FTP.o
LOAD build/default/production/_ext/1295770447/Hashes.o
LOAD build/default/production/_ext/1295770447/Helpers.o
LOAD build/default/production/_ext/1295770447/HTTP2.o
LOAD build/default/production/_ext/1295770447/HTTP.o
LOAD build/default/production/_ext/1295770447/ICMP.o
LOAD build/default/production/_ext/1295770447/IP.o
LOAD build/default/production/_ext/1295770447/LCDBlocking.o
LOAD build/default/production/_ext/1295770447/MPFS2.o
LOAD build/default/production/_ext/1295770447/MPFS.o
LOAD build/default/production/_ext/1295770447/NBNS.o
LOAD build/default/production/_ext/1295770447/Random.o
LOAD build/default/production/_ext/1295770447/Reboot.o
LOAD build/default/production/_ext/1295770447/RSA.o
LOAD build/default/production/_ext/1295770447/SMTP.o
LOAD build/default/production/_ext/1295770447/SNMP.o
LOAD build/default/production/_ext/1295770447/SNMPv3.o
LOAD build/default/production/_ext/1295770447/SNMPv3USM.o
LOAD build/default/production/_ext/1295770447/SNTP.o
LOAD build/default/production/_ext/1295770447/SPIEEPROM.o
LOAD build/default/production/_ext/1295770447/SPIFlash.o
LOAD build/default/production/_ext/1295770447/SPIRAM.o
LOAD build/default/production/_ext/1295770447/SSL.o
LOAD build/default/production/_ext/1295770447/StackTsk.o
LOAD build/default/production/_ext/1295770447/TCP.o
LOAD build/default/production/_ext/1295770447/TCPPerformanceTest.o
LOAD build/default/production/_ext/1295770447/Telnet.o
LOAD build/default/production/_ext/1295770447/TFTPc.o
LOAD build/default/production/_ext/1295770447/Tick.o
LOAD build/default/production/_ext/1295770447/UART2TCPBridge.o
LOAD build/default/production/_ext/1295770447/UART.o
LOAD build/default/production/_ext/1295770447/UDP.o
LOAD build/default/production/_ext/1295770447/UDPPerformanceTest.o
LOAD build/default/production/_ext/1295770447/ZeroconfHelper.o
LOAD build/default/production/_ext/1295770447/ZeroconfLinkLocal.o
LOAD build/default/production/_ext/1295770447/ZeroconfMulticastDNS.o
LOAD build/default/production/_ext/1472/MPFSImg2.o
LOAD build/default/production/_ext/1472/MPFSImg.o
LOAD build/default/production/_ext/1295770447/BigInt_helper_C32.o
LOAD build/default/production/_ext/1472/CustomHTTPApp.o
LOAD build/default/production/_ext/1472/CustomSNMPApp.o
LOAD build/default/production/_ext/1472/CustomSSLCert.o
LOAD build/default/production/_ext/1472/MainDemo.o
LOAD build/default/production/_ext/1472/mbmc.o
LOAD build/default/production/_ext/1472/crc8_fast.o
LOAD ../../Microchip/Crypto/AES_PIC32MX.a
                0x00000001                __MPLAB_BUILD = 0x1
                0x00003e80                _min_heap_size = 0x3e80
                0x00000800                _min_stack_size = 0x800
LOAD /opt/microchip/mplabc32/v2.02/bin/../lib/gcc/pic32mx/4.5.1/speed/libgcc.a
START GROUP
LOAD /opt/microchip/mplabc32/v2.02/bin/../lib/gcc/pic32mx/4.5.1/../../../../pic32mx/lib/speed/libdebug.a
LOAD /opt/microchip/mplabc32/v2.02/bin/../lib/gcc/pic32mx/4.5.1/../../../../pic32mx/lib/speed/liblega-c.a
LOAD /opt/microchip/mplabc32/v2.02/bin/../lib/gcc/pic32mx/4.5.1/../../../../pic32mx/lib/speed/libm.a
LOAD /opt/microchip/mplabc32/v2.02/bin/../lib/gcc/pic32mx/4.5.1/../../../../pic32mx/lib/speed/libe.a
LOAD /opt/microchip/mplabc32/v2.02/bin/../lib/gcc/pic32mx/4.5.1/../../../../pic32mx/lib/speed/libdsp.a
LOAD /opt/microchip/mplabc32/v2.02/bin/../lib/gcc/pic32mx/4.5.1/../../../../pic32mx/lib/speed/libmchp_peripheral.a
LOAD /opt/microchip/mplabc32/v2.02/bin/../lib/gcc/pic32mx/4.5.1/../../../../pic32mx/lib/speed/libmchp_peripheral_32MX795F512L.a
END GROUP
LOAD /opt/microchip/mplabc32/v2.02/bin/../lib/gcc/pic32mx/4.5.1/speed/libgcc.a
                0x00000400                PROVIDE (_min_stack_size, 0x400)
                0x00000000                PROVIDE (_min_heap_size, 0x0)
LOAD /opt/microchip/mplabc32/v2.02/bin/../lib/gcc/pic32mx/4.5.1/../../../../pic32mx/lib/./proc/32MX795F512L/processor.o
                0x00000001                PROVIDE (_vector_spacing, 0x1)
                0x9fc01000                _ebase_address = 0x9fc01000
                0xbfc00000                _RESET_ADDR = 0xbfc00000
                0xbfc00380                _BEV_EXCPT_ADDR = 0xbfc00380
                0xbfc00480                _DBG_EXCPT_ADDR = 0xbfc00480
                0xbfc02000                _DBG_CODE_ADDR = 0xbfc02000
                0x00000ff0                _DBG_CODE_SIZE = 0xff0
                0x9fc01180                _GEN_EXCPT_ADDR = (_ebase_address + 0x180)

.config_BFC02FF0
                0xbfc02ff0        0x4
 *(.config_BFC02FF0)
 .config_BFC02FF0
                0xbfc02ff0        0x4 build/default/production/_ext/1472/MainDemo.o

.config_BFC02FF4
                0xbfc02ff4        0x4
 *(.config_BFC02FF4)
 .config_BFC02FF4
                0xbfc02ff4        0x4 build/default/production/_ext/1472/MainDemo.o

.config_BFC02FF8
                0xbfc02ff8        0x4
 *(.config_BFC02FF8)
 .config_BFC02FF8
                0xbfc02ff8        0x4 build/default/production/_ext/1472/MainDemo.o

.config_BFC02FFC
                0xbfc02ffc        0x4
 *(.config_BFC02FFC)
 .config_BFC02FFC
                0xbfc02ffc        0x4 build/default/production/_ext/1472/MainDemo.o
                0xbfc02000                PROVIDE (_DBG_CODE_ADDR, 0xbfc02000)
                0x00000ff0                PROVIDE (_DBG_CODE_SIZE, 0xff0)

.reset          0xbfc00000      0x1f4
 *(.reset)
 .reset         0xbfc00000       0x10 /opt/microchip/mplabc32/v2.02/bin/../lib/gcc/pic32mx/4.5.1/../../../../pic32mx/lib/speed/crt0.o
                0xbfc00000                _reset
 *(.reset.startup)
 .reset.startup
                0xbfc00010      0x1e4 /opt/microchip/mplabc32/v2.02/bin/../lib/gcc/pic32mx/4.5.1/../../../../pic32mx/lib/speed/crt0.o

.bev_excpt      0xbfc00380       0x10
 *(.bev_handler)
 .bev_handler   0xbfc00380       0x10 /opt/microchip/mplabc32/v2.02/bin/../lib/gcc/pic32mx/4.5.1/../../../../pic32mx/lib/speed/crt0.o

.dbg_excpt      0xbfc00480        0x0
                0xbfc00480                . = (. + DEFINED (_DEBUGGER)?0x8:0x0)

.dbg_code       0xbfc02000        0x0
                0xbfc02000                . = (. + DEFINED (_DEBUGGER)?_DBG_CODE_SIZE:0x0)

.app_excpt      0x9fc01180       0x10
 *(.gen_handler)
 .gen_handler   0x9fc01180       0x10 /opt/microchip/mplabc32/v2.02/bin/../lib/gcc/pic32mx/4.5.1/../../../../pic32mx/lib/speed/crt0.o

.vector_0       0x9fc01200        0x0
 *(.vector_0)
                0x00000001                ASSERT (((_vector_spacing == 0x0) || (SIZEOF (.vector_0) <= (_vector_spacing << 0x5))), function at exception vector 0 too large)

.vector_1       0x9fc01220        0x0
 *(.vector_1)
                0x00000001                ASSERT (((_vector_spacing == 0x0) || (SIZEOF (.vector_1) <= (_vector_spacing << 0x5))), function at exception vector 1 too large)

.vector_2       0x9fc01240        0x0
 *(.vector_2)
                0x00000001                ASSERT (((_vector_spacing == 0x0) || (SIZEOF (.vector_2) <= (_vector_spacing << 0x5))), function at exception vector 2 too large)

.vector_3       0x9fc01260        0x0
 *(.vector_3)
                0x00000001                ASSERT (((_vector_spacing == 0x0) || (SIZEOF (.vector_3) <= (_vector_spacing << 0x5))), function at exception vector 3 too large)

.vector_4       0x9fc01280        0x8
 *(.vector_4)
 .vector_4      0x9fc01280        0x8 build/default/production/_ext/1295770447/Tick.o
                0x00000001                ASSERT (((_vector_spacing == 0x0) || (SIZEOF (.vector_4) <= (_vector_spacing << 0x5))), function at exception vector 4 too large)

.vector_5       0x9fc012a0        0x0
 *(.vector_5)
                0x00000001                ASSERT (((_vector_spacing == 0x0) || (SIZEOF (.vector_5) <= (_vector_spacing << 0x5))), function at exception vector 5 too large)

.vector_6       0x9fc012c0        0x0
 *(.vector_6)
                0x00000001                ASSERT (((_vector_spacing == 0x0) || (SIZEOF (.vector_6) <= (_vector_spacing << 0x5))), function at exception vector 6 too large)

.vector_7       0x9fc012e0        0x0
 *(.vector_7)
                0x00000001                ASSERT (((_vector_spacing == 0x0) || (SIZEOF (.vector_7) <= (_vector_spacing << 0x5))), function at exception vector 7 too large)

.vector_8       0x9fc01300        0x0
 *(.vector_8)
                0x00000001                ASSERT (((_vector_spacing == 0x0) || (SIZEOF (.vector_8) <= (_vector_spacing << 0x5))), function at exception vector 8 too large)

.vector_9       0x9fc01320        0x0
 *(.vector_9)
                0x00000001                ASSERT (((_vector_spacing == 0x0) || (SIZEOF (.vector_9) <= (_vector_spacing << 0x5))), function at exception vector 9 too large)

.vector_10      0x9fc01340        0x0
 *(.vector_10)
                0x00000001                ASSERT (((_vector_spacing == 0x0) || (SIZEOF (.vector_10) <= (_vector_spacing << 0x5))), function at exception vector 10 too large)

.vector_11      0x9fc01360        0x0
 *(.vector_11)
                0x00000001                ASSERT (((_vector_spacing == 0x0) || (SIZEOF (.vector_11) <= (_vector_spacing << 0x5))), function at exception vector 11 too large)

.vector_12      0x9fc01380        0x0
 *(.vector_12)
                0x00000001                ASSERT (((_vector_spacing == 0x0) || (SIZEOF (.vector_12) <= (_vector_spacing << 0x5))), function at exception vector 12 too large)

.vector_13      0x9fc013a0        0x0
 *(.vector_13)
                0x00000001                ASSERT (((_vector_spacing == 0x0) || (SIZEOF (.vector_13) <= (_vector_spacing << 0x5))), function at exception vector 13 too large)

.vector_14      0x9fc013c0        0x0
 *(.vector_14)
                0x00000001                ASSERT (((_vector_spacing == 0x0) || (SIZEOF (.vector_14) <= (_vector_spacing << 0x5))), function at exception vector 14 too large)

.vector_15      0x9fc013e0        0x0
 *(.vector_15)
                0x00000001                ASSERT (((_vector_spacing == 0x0) || (SIZEOF (.vector_15) <= (_vector_spacing << 0x5))), function at exception vector 15 too large)

.vector_16      0x9fc01400        0x0
 *(.vector_16)
                0x00000001                ASSERT (((_vector_spacing == 0x0) || (SIZEOF (.vector_16) <= (_vector_spacing << 0x5))), function at exception vector 16 too large)

.vector_17      0x9fc01420        0x0
 *(.vector_17)
                0x00000001                ASSERT (((_vector_spacing == 0x0) || (SIZEOF (.vector_17) <= (_vector_spacing << 0x5))), function at exception vector 17 too large)

.vector_18      0x9fc01440        0x0
 *(.vector_18)
                0x00000001                ASSERT (((_vector_spacing == 0x0) || (SIZEOF (.vector_18) <= (_vector_spacing << 0x5))), function at exception vector 18 too large)

.vector_19      0x9fc01460        0x0
 *(.vector_19)
                0x00000001                ASSERT (((_vector_spacing == 0x0) || (SIZEOF (.vector_19) <= (_vector_spacing << 0x5))), function at exception vector 19 too large)

.vector_20      0x9fc01480        0x0
 *(.vector_20)
                0x00000001                ASSERT (((_vector_spacing == 0x0) || (SIZEOF (.vector_20) <= (_vector_spacing << 0x5))), function at exception vector 20 too large)

.vector_21      0x9fc014a0        0x0
 *(.vector_21)
                0x00000001                ASSERT (((_vector_spacing == 0x0) || (SIZEOF (.vector_21) <= (_vector_spacing << 0x5))), function at exception vector 21 too large)

.vector_22      0x9fc014c0        0x0
 *(.vector_22)
                0x00000001                ASSERT (((_vector_spacing == 0x0) || (SIZEOF (.vector_22) <= (_vector_spacing << 0x5))), function at exception vector 22 too large)

.vector_23      0x9fc014e0        0x0
 *(.vector_23)
                0x00000001                ASSERT (((_vector_spacing == 0x0) || (SIZEOF (.vector_23) <= (_vector_spacing << 0x5))), function at exception vector 23 too large)

.vector_24      0x9fc01500        0x8
 *(.vector_24)
 .vector_24     0x9fc01500        0x8 build/default/production/_ext/1472/mbmc.o
                0x00000001                ASSERT (((_vector_spacing == 0x0) || (SIZEOF (.vector_24) <= (_vector_spacing << 0x5))), function at exception vector 24 too large)

.vector_25      0x9fc01520        0x0
 *(.vector_25)
                0x00000001                ASSERT (((_vector_spacing == 0x0) || (SIZEOF (.vector_25) <= (_vector_spacing << 0x5))), function at exception vector 25 too large)

.vector_26      0x9fc01540        0x0
 *(.vector_26)
                0x00000001                ASSERT (((_vector_spacing == 0x0) || (SIZEOF (.vector_26) <= (_vector_spacing << 0x5))), function at exception vector 26 too large)

.vector_27      0x9fc01560        0x0
 *(.vector_27)
                0x00000001                ASSERT (((_vector_spacing == 0x0) || (SIZEOF (.vector_27) <= (_vector_spacing << 0x5))), function at exception vector 27 too large)

.vector_28      0x9fc01580        0x0
 *(.vector_28)
                0x00000001                ASSERT (((_vector_spacing == 0x0) || (SIZEOF (.vector_28) <= (_vector_spacing << 0x5))), function at exception vector 28 too large)

.vector_29      0x9fc015a0        0x0
 *(.vector_29)
                0x00000001                ASSERT (((_vector_spacing == 0x0) || (SIZEOF (.vector_29) <= (_vector_spacing << 0x5))), function at exception vector 29 too large)

.vector_30      0x9fc015c0        0x0
 *(.vector_30)
                0x00000001                ASSERT (((_vector_spacing == 0x0) || (SIZEOF (.vector_30) <= (_vector_spacing << 0x5))), function at exception vector 30 too large)

.vector_31      0x9fc015e0        0x0
 *(.vector_31)
                0x00000001                ASSERT (((_vector_spacing == 0x0) || (SIZEOF (.vector_31) <= (_vector_spacing << 0x5))), function at exception vector 31 too large)

.vector_32      0x9fc01600        0x8
 *(.vector_32)
 .vector_32     0x9fc01600        0x8 build/default/production/_ext/1472/mbmc.o
                0x00000001                ASSERT (((_vector_spacing == 0x0) || (SIZEOF (.vector_32) <= (_vector_spacing << 0x5))), function at exception vector 32 too large)

.vector_33      0x9fc01620        0x0
 *(.vector_33)
                0x00000001                ASSERT (((_vector_spacing == 0x0) || (SIZEOF (.vector_33) <= (_vector_spacing << 0x5))), function at exception vector 33 too large)

.vector_34      0x9fc01640        0x0
 *(.vector_34)
                0x00000001                ASSERT (((_vector_spacing == 0x0) || (SIZEOF (.vector_34) <= (_vector_spacing << 0x5))), function at exception vector 34 too large)

.vector_35      0x9fc01660        0x0
 *(.vector_35)
                0x00000001                ASSERT (((_vector_spacing == 0x0) || (SIZEOF (.vector_35) <= (_vector_spacing << 0x5))), function at exception vector 35 too large)

.vector_36      0x9fc01680        0x0
 *(.vector_36)
                0x00000001                ASSERT (((_vector_spacing == 0x0) || (SIZEOF (.vector_36) <= (_vector_spacing << 0x5))), function at exception vector 36 too large)

.vector_37      0x9fc016a0        0x0
 *(.vector_37)
                0x00000001                ASSERT (((_vector_spacing == 0x0) || (SIZEOF (.vector_37) <= (_vector_spacing << 0x5))), function at exception vector 37 too large)

.vector_38      0x9fc016c0        0x0
 *(.vector_38)
                0x00000001                ASSERT (((_vector_spacing == 0x0) || (SIZEOF (.vector_38) <= (_vector_spacing << 0x5))), function at exception vector 38 too large)

.vector_39      0x9fc016e0        0x0
 *(.vector_39)
                0x00000001                ASSERT (((_vector_spacing == 0x0) || (SIZEOF (.vector_39) <= (_vector_spacing << 0x5))), function at exception vector 39 too large)

.vector_40      0x9fc01700        0x0
 *(.vector_40)
                0x00000001                ASSERT (((_vector_spacing == 0x0) || (SIZEOF (.vector_40) <= (_vector_spacing << 0x5))), function at exception vector 40 too large)

.vector_41      0x9fc01720        0x0
 *(.vector_41)
                0x00000001                ASSERT (((_vector_spacing == 0x0) || (SIZEOF (.vector_41) <= (_vector_spacing << 0x5))), function at exception vector 41 too large)

.vector_42      0x9fc01740        0x0
 *(.vector_42)
                0x00000001                ASSERT (((_vector_spacing == 0x0) || (SIZEOF (.vector_42) <= (_vector_spacing << 0x5))), function at exception vector 42 too large)

.vector_43      0x9fc01760        0x0
 *(.vector_43)
                0x00000001                ASSERT (((_vector_spacing == 0x0) || (SIZEOF (.vector_43) <= (_vector_spacing << 0x5))), function at exception vector 43 too large)

.vector_44      0x9fc01780        0x0
 *(.vector_44)
                0x00000001                ASSERT (((_vector_spacing == 0x0) || (SIZEOF (.vector_44) <= (_vector_spacing << 0x5))), function at exception vector 44 too large)

.vector_45      0x9fc017a0        0x0
 *(.vector_45)
                0x00000001                ASSERT (((_vector_spacing == 0x0) || (SIZEOF (.vector_45) <= (_vector_spacing << 0x5))), function at exception vector 45 too large)

.vector_46      0x9fc017c0        0x0
 *(.vector_46)
                0x00000001                ASSERT (((_vector_spacing == 0x0) || (SIZEOF (.vector_46) <= (_vector_spacing << 0x5))), function at exception vector 46 too large)

.vector_47      0x9fc017e0        0x0
 *(.vector_47)
                0x00000001                ASSERT (((_vector_spacing == 0x0) || (SIZEOF (.vector_47) <= (_vector_spacing << 0x5))), function at exception vector 47 too large)

.vector_48      0x9fc01800        0x0
 *(.vector_48)
                0x00000001                ASSERT (((_vector_spacing == 0x0) || (SIZEOF (.vector_48) <= (_vector_spacing << 0x5))), function at exception vector 48 too large)

.vector_49      0x9fc01820        0x0
 *(.vector_49)
                0x00000001                ASSERT (((_vector_spacing == 0x0) || (SIZEOF (.vector_49) <= (_vector_spacing << 0x5))), function at exception vector 49 too large)

.vector_50      0x9fc01840        0x0
 *(.vector_50)
                0x00000001                ASSERT (((_vector_spacing == 0x0) || (SIZEOF (.vector_50) <= (_vector_spacing << 0x5))), function at exception vector 50 too large)

.vector_51      0x9fc01860        0x0
 *(.vector_51)
                0x00000001                ASSERT (((_vector_spacing == 0x0) || (SIZEOF (.vector_51) <= (_vector_spacing << 0x5))), function at exception vector 51 too large)

.vector_52      0x9fc01880        0x0
 *(.vector_52)
                0x00000001                ASSERT (((_vector_spacing == 0x0) || (SIZEOF (.vector_52) <= (_vector_spacing << 0x5))), function at exception vector 52 too large)

.vector_53      0x9fc018a0        0x0
 *(.vector_53)
                0x00000001                ASSERT (((_vector_spacing == 0x0) || (SIZEOF (.vector_53) <= (_vector_spacing << 0x5))), function at exception vector 53 too large)

.vector_54      0x9fc018c0        0x0
 *(.vector_54)
                0x00000001                ASSERT (((_vector_spacing == 0x0) || (SIZEOF (.vector_54) <= (_vector_spacing << 0x5))), function at exception vector 54 too large)

.vector_55      0x9fc018e0        0x0
 *(.vector_55)
                0x00000001                ASSERT (((_vector_spacing == 0x0) || (SIZEOF (.vector_55) <= (_vector_spacing << 0x5))), function at exception vector 55 too large)

.vector_56      0x9fc01900        0x0
 *(.vector_56)
                0x00000001                ASSERT (((_vector_spacing == 0x0) || (SIZEOF (.vector_56) <= (_vector_spacing << 0x5))), function at exception vector 56 too large)

.vector_57      0x9fc01920        0x0
 *(.vector_57)
                0x00000001                ASSERT (((_vector_spacing == 0x0) || (SIZEOF (.vector_57) <= (_vector_spacing << 0x5))), function at exception vector 57 too large)

.vector_58      0x9fc01940        0x0
 *(.vector_58)
                0x00000001                ASSERT (((_vector_spacing == 0x0) || (SIZEOF (.vector_58) <= (_vector_spacing << 0x5))), function at exception vector 58 too large)

.vector_59      0x9fc01960        0x0
 *(.vector_59)
                0x00000001                ASSERT (((_vector_spacing == 0x0) || (SIZEOF (.vector_59) <= (_vector_spacing << 0x5))), function at exception vector 59 too large)

.vector_60      0x9fc01980        0x0
 *(.vector_60)
                0x00000001                ASSERT (((_vector_spacing == 0x0) || (SIZEOF (.vector_60) <= (_vector_spacing << 0x5))), function at exception vector 60 too large)

.vector_61      0x9fc019a0        0x0
 *(.vector_61)
                0x00000001                ASSERT (((_vector_spacing == 0x0) || (SIZEOF (.vector_61) <= (_vector_spacing << 0x5))), function at exception vector 61 too large)

.vector_62      0x9fc019c0        0x0
 *(.vector_62)
                0x00000001                ASSERT (((_vector_spacing == 0x0) || (SIZEOF (.vector_62) <= (_vector_spacing << 0x5))), function at exception vector 62 too large)

.vector_63      0x9fc019e0        0x0
 *(.vector_63)
                0x00000001                ASSERT (((_vector_spacing == 0x0) || (SIZEOF (.vector_63) <= (_vector_spacing << 0x5))), function at exception vector 63 too large)

.startup
 *(.startup)

.text
 *(.stub .gnu.linkonce.t.*)
 *(.text.*personality*)
 *(.mips16.fn.*)
 *(.mips16.call.*)
 *(.gnu.warning)

.rodata         0x9d000000       0x60
 *(.rodata.* .gnu.linkonce.r.*)
 .rodata.f5pow  0x9d000000       0x48 /opt/microchip/mplabc32/v2.02/bin/../lib/gcc/pic32mx/4.5.1/../../../../pic32mx/lib/speed/libe.a(_strtod.o)
 .rodata.f5pow  0x9d000048       0x18 /opt/microchip/mplabc32/v2.02/bin/../lib/gcc/pic32mx/4.5.1/../../../../pic32mx/lib/speed/libe.a(_strtof.o)
 *(.rodata1)
                0x9d000060                . = ALIGN (0x4)

.sdata2         0x9d000060        0x0
 *(.sdata2 .sdata2.* .gnu.linkonce.s2.*)
                0x9d000060                . = ALIGN (0x4)

.sbss2          0x9d000060        0x0
 *(.sbss2 .sbss2.* .gnu.linkonce.sb2.*)
                0x9d000060                . = ALIGN (0x4)

.eh_frame_hdr
 *(.eh_frame_hdr)

.eh_frame
 *(.eh_frame)

.dbg_data       0xa0000000        0x0
                0xa0000000                . = (. + DEFINED (_DEBUGGER)?0x200:0x0)

.persist        0xa0000000        0x0
                0xa0000000                _persist_begin = .
 *(.persist .persist.*)
                0xa0000000                . = ALIGN (0x4)
                0xa0000000                _persist_end = .

.eh_frame       0xa0000000       0x50
 *(.eh_frame)
 .eh_frame      0xa0000000       0x28 /opt/microchip/mplabc32/v2.02/bin/../lib/gcc/pic32mx/4.5.1/speed/libgcc.a(_udivdi3.o)
 .eh_frame      0xa0000028       0x14 /opt/microchip/mplabc32/v2.02/bin/../lib/gcc/pic32mx/4.5.1/speed/libgcc.a(_divdi3.o)
                                 0x28 (size before relaxing)
 .eh_frame      0xa000003c       0x14 /opt/microchip/mplabc32/v2.02/bin/../lib/gcc/pic32mx/4.5.1/speed/libgcc.a(_umoddi3.o)
                                 0x28 (size before relaxing)
                0xa0000050                . = .
                0xa0008040                _gp = (ALIGN (0x10) + 0x7ff0)

.got
 *(.got.plt)
 *(.got)

.sdata          0xa0000050       0x3c
                0xa0000050                _sdata_begin = .
 *(.sdata .sdata.* .gnu.linkonce.s.*)
 .sdata         0xa0000050        0x4 build/default/production/_ext/1472/BerkeleyTCPClientDemo.o
 .sdata         0xa0000054        0x8 build/default/production/_ext/1472/GenericTCPClient.o
 .sdata         0xa000005c        0x2 build/default/production/_ext/1295770447/BerkeleyAPI.o
 *fill*         0xa000005e        0x2 00
 .sdata         0xa0000060        0x4 build/default/production/_ext/1295770447/DHCPs.o
                0xa0000060                bDHCPServerEnabled
 .sdata         0xa0000064        0x8 build/default/production/_ext/1295770447/DNS.o
 .sdata         0xa000006c        0x1 build/default/production/_ext/1295770447/DynDNS.o
 *fill*         0xa000006d        0x3 00
 .sdata         0xa0000070        0x4 build/default/production/_ext/1295770447/Helpers.o
 .sdata         0xa0000074        0x1 build/default/production/_ext/1295770447/Reboot.o
 .sdata         0xa0000075        0x1 build/default/production/_ext/1295770447/SMTP.o
 .sdata         0xa0000076        0x2 build/default/production/_ext/1295770447/TCP.o
 .sdata         0xa0000078        0x2 build/default/production/_ext/1295770447/TCPPerformanceTest.o
 .sdata         0xa000007a        0x2 build/default/production/_ext/1295770447/UDP.o
 .sdata         0xa000007c        0x4 build/default/production/_ext/1472/MainDemo.o
 .sdata         0xa0000080        0x8 /opt/microchip/mplabc32/v2.02/bin/../lib/gcc/pic32mx/4.5.1/../../../../pic32mx/lib/speed/liblega-c.a(malloc.o)
                0xa0000080                malloc_trim_threshold
                0xa0000084                malloc_sbrk_base
 .sdata         0xa0000088        0x4 /opt/microchip/mplabc32/v2.02/bin/../lib/gcc/pic32mx/4.5.1/../../../../pic32mx/lib/speed/liblega-c.a(_iobdata.o)
                0xa0000088                _libc_data
                0xa000008c                _sdata_end = .

.lit8
 *(.lit8)

.lit4
 *(.lit4)
                0xa000008c                . = ALIGN (0x4)
                0xa000008c                _data_end = .
                0xa000008c                _bss_begin = .

.sbss           0xa000008c      0x270
                0xa000008c                _sbss_begin = .
 *(.dynsbss)
 *(.sbss .sbss.* .gnu.linkonce.sb.*)
 .sbss          0xa000008c        0x1 build/default/production/_ext/1472/BerkeleyTCPClientDemo.o
 *fill*         0xa000008d        0x3 00
 .sbss          0xa0000090        0x8 build/default/production/_ext/1472/BerkeleyTCPServerDemo.o
 .sbss          0xa0000098       0x18 build/default/production/_ext/1472/BerkeleyUDPClientDemo.o
 .sbss          0xa00000b0        0x4 build/default/production/_ext/1472/GenericTCPClient.o
 .sbss          0xa00000b4        0x8 build/default/production/_ext/1472/GenericTCPServer.o
 .sbss          0xa00000bc        0x8 build/default/production/_ext/1472/PingDemo.o
 .sbss          0xa00000c4        0x8 build/default/production/_ext/1472/SMTPDemo.o
 .sbss          0xa00000cc        0x8 build/default/production/_ext/1295770447/Announce.o
 .sbss          0xa00000d4        0x4 build/default/production/_ext/1295770447/ARP.o
 .sbss          0xa00000d8        0x4 build/default/production/_ext/1295770447/BerkeleyAPI.o
 .sbss          0xa00000dc        0x4 build/default/production/_ext/1295770447/DHCP.o
                0xa00000dc                DHCPClientInitializedOnce
 .sbss          0xa00000e0        0xc build/default/production/_ext/1295770447/DHCPs.o
 .sbss          0xa00000ec       0x18 build/default/production/_ext/1295770447/DNS.o
 .sbss          0xa0000104       0x24 build/default/production/_ext/1295770447/DynDNS.o
 .sbss          0xa0000128       0x40 build/default/production/_ext/1295770447/ETHPIC32IntMac.o
                0xa0000128                _stackMgrRxOkPkts
                0xa000012c                _stackMgrRxBadPkts
                0xa0000130                _stackMgrInGetHdr
                0xa0000134                _stackMgrRxDiscarded
                0xa0000138                _stackMgrTxNotReady
 .sbss          0xa0000168       0x10 build/default/production/_ext/1295770447/ICMP.o
 .sbss          0xa0000178        0x4 build/default/production/_ext/1295770447/IP.o
 .sbss          0xa000017c        0x8 build/default/production/_ext/1295770447/MPFS2.o
 .sbss          0xa0000184        0x8 build/default/production/_ext/1295770447/NBNS.o
 .sbss          0xa000018c       0x38 build/default/production/_ext/1295770447/SMTP.o
 .sbss          0xa00001c4       0x14 build/default/production/_ext/1295770447/SNTP.o
 .sbss          0xa00001d8        0x8 build/default/production/_ext/1295770447/StackTsk.o
 .sbss          0xa00001e0        0x2 build/default/production/_ext/1295770447/TCP.o
 *fill*         0xa00001e2        0x2 00
 .sbss          0xa00001e4       0x14 build/default/production/_ext/1295770447/TCPPerformanceTest.o
 .sbss          0xa00001f8        0xc build/default/production/_ext/1295770447/Telnet.o
 .sbss          0xa0000204        0xc build/default/production/_ext/1295770447/Tick.o
 .sbss          0xa0000210        0x8 build/default/production/_ext/1295770447/UDP.o
 .sbss          0xa0000218       0x30 build/default/production/_ext/1472/CustomHTTPApp.o
 .sbss          0xa0000248        0xc build/default/production/_ext/1472/MainDemo.o
 .sbss          0xa0000254       0x20 build/default/production/_ext/1472/mbmc.o
                0xa0000254                TIi
                0xa0000258                MIi
                0xa000025c                HRi
                0xa0000260                time_outs
                0xa0000264                crc_errors
 .sbss          0xa0000274        0x4 /opt/microchip/mplabc32/v2.02/bin/../lib/gcc/pic32mx/4.5.1/../../../../pic32mx/lib/speed/liblega-c.a(stubs.o)
                0xa0000274                __isthreaded
 .sbss          0xa0000278        0xc /opt/microchip/mplabc32/v2.02/bin/../lib/gcc/pic32mx/4.5.1/../../../../pic32mx/lib/speed/liblega-c.a(malloc.o)
                0xa0000278                malloc_top_pad
                0xa000027c                malloc_max_sbrked_mem
                0xa0000280                malloc_max_total_mem
 .sbss          0xa0000284        0x4 /opt/microchip/mplabc32/v2.02/bin/../lib/gcc/pic32mx/4.5.1/../../../../pic32mx/lib/speed/liblega-c.a(errno.o)
                0xa0000284                errno
 .sbss          0xa0000288        0xc /opt/microchip/mplabc32/v2.02/bin/../lib/gcc/pic32mx/4.5.1/../../../../pic32mx/lib/speed/liblega-c.a(sbrk.o)
                0xa0000288                _minbrk
                0xa000028c                _maxbrk
 .sbss          0xa0000294        0x4 /opt/microchip/mplabc32/v2.02/bin/../lib/gcc/pic32mx/4.5.1/../../../../pic32mx/lib/speed/liblega-c.a(_cleanup.o)
                0xa0000294                __cleanup
 .sbss          0xa0000298       0x20 /opt/microchip/mplabc32/v2.02/bin/../lib/gcc/pic32mx/4.5.1/../../../../pic32mx/lib/speed/libmchp_peripheral_32MX795F512L.a(eth_descriptors_add_lib.o)
                0xa0000298                _EthTxFreeList
                0xa00002a0                _EthTxBusyList
                0xa00002a8                _EthRxFreeList
                0xa00002b0                _EthRxBusyList
 *(.scommon)
 .scommon       0xa00002b8        0x4 build/default/production/_ext/1295770447/ETHPIC32ExtPhy.o
                0xa00002b8                _PhyAdd
 .scommon       0xa00002bc        0x1 build/default/production/_ext/1295770447/HTTP2.o
                0xa00002bc                curHTTPID
 *fill*         0xa00002bd        0x1 00
 .scommon       0xa00002be        0x6 build/default/production/_ext/1295770447/UDP.o
                0xa00002be                activeUDPSocket
                0xa00002c0                UDPTxCount
                0xa00002c2                UDPRxCount
 .scommon       0xa00002c4        0x8 build/default/production/_ext/1472/MainDemo.o
                0xa00002c4                AN0String
 .scommon       0xa00002cc       0x30 build/default/production/_ext/1472/mbmc.o
                0xa00002cc                Tail
                0xa00002d0                utc_time
                0xa00002d4                mbmc_crc
                0xa00002d8                mbmccmd
                0xa00002dc                ltime
                0xa00002e0                CCEFF
                0xa00002e4                alarms
                0xa00002e8                PVEFF
                0xa00002ec                TOTEFF
                0xa00002f0                mbmctime
                0xa00002f4                Head
                0xa00002f8                dd
                0xa00002fc                _sbss_end = .

.bss            0xa00002fc     0x3f6c
 *(.dynbss)
 *(COMMON)
 COMMON         0xa00002fc       0x20 build/default/production/_ext/1295770447/DynDNS.o
                0xa00002fc                DDNSClient
 COMMON         0xa000031c       0x40 build/default/production/_ext/1295770447/Hashes.o
                0xa000031c                lastBlock
 COMMON         0xa000035c      0x138 build/default/production/_ext/1295770447/HTTP2.o
                0xa000035c                curHTTP
                0xa0000484                httpStubs
 COMMON         0xa0000494       0x2c build/default/production/_ext/1295770447/SMTP.o
                0xa0000494                SMTPClient
 COMMON         0xa00004c0        0xa build/default/production/_ext/1295770447/StackTsk.o
                0xa00004c0                remoteNode
 *fill*         0xa00004ca        0x2 00
 COMMON         0xa00004cc       0x8c build/default/production/_ext/1295770447/UDP.o
                0xa00004cc                UDPSocketInfo
 COMMON         0xa0000558       0x33 build/default/production/_ext/1472/MainDemo.o
                0xa0000558                AppConfig
 *fill*         0xa000058b        0x1 00
 COMMON         0xa000058c     0x3cdc build/default/production/_ext/1472/mbmc.o
                0xa000058c                hist
                0xa00007d0                chart
                0xa0003fa0                mbmc_buffer
                0xa0004034                cell
                0xa00040fc                hoststat
                0xa0004118                remote_daq
                0xa0004148                sdc0
                0xa00041c0                cbuf
                0xa0004240                mbmcflag
                0xa0004268                . = ALIGN (0x4)
                0xa0004268                . = ALIGN (0x4)
                0xa0004268                _end = .
                0xa0004268                _bss_end = .
                0x00020000                _bmxdudba_address = 0x20000
                0x00020000                _bmxdupba_address = 0x20000

/DISCARD/
 *(.pdr)
 *(.reginfo)
 *(.rel.dyn)
 *(.note.GNU-stack)
 *(.note.GNU-stack)
 *(.gnu_debuglink)
 *(.gnu.lto_*)
 *(.discard)

.stab
 *(.stab)

.stabstr
 *(.stabstr)

.stab.excl
 *(.stab.excl)

.stab.exclstr
 *(.stab.exclstr)

.stab.index
 *(.stab.index)

.stab.indexstr
 *(.stab.indexstr)

.comment        0x00000000      0xdea
 *(.comment)
 .comment       0x00000000       0x51 build/default/production/_ext/1472/BerkeleyTCPClientDemo.o
                                 0x52 (size before relaxing)
 .comment       0x00000000       0x52 build/default/production/_ext/1472/BerkeleyTCPServerDemo.o
 .comment       0x00000000       0x52 build/default/production/_ext/1472/BerkeleyUDPClientDemo.o
 .comment       0x00000000       0x52 build/default/production/_ext/1472/GenericTCPClient.o
 .comment       0x00000000       0x52 build/default/production/_ext/1472/GenericTCPServer.o
 .comment       0x00000000       0x52 build/default/production/_ext/1472/LegacyHTTPApp.o
 .comment       0x00000000       0x52 build/default/production/_ext/1472/PingDemo.o
 .comment       0x00000000       0x52 build/default/production/_ext/1472/SMTPDemo.o
 .comment       0x00000000       0x52 build/default/production/_ext/1472/UARTConfig.o
 .comment       0x00000000       0x52 build/default/production/_ext/1295770447/Announce.o
 .comment       0x00000000       0x52 build/default/production/_ext/1295770447/ARCFOUR.o
 .comment       0x00000000       0x52 build/default/production/_ext/1295770447/ARP.o
 .comment       0x00000000       0x52 build/default/production/_ext/1295770447/AutoIP.o
 .comment       0x00000000       0x52 build/default/production/_ext/1295770447/BerkeleyAPI.o
 .comment       0x00000000       0x52 build/default/production/_ext/1295770447/BigInt.o
 .comment       0x00000000       0x52 build/default/production/_ext/1295770447/Delay.o
 .comment       0x00000000       0x52 build/default/production/_ext/1295770447/DHCP.o
 .comment       0x00000000       0x52 build/default/production/_ext/1295770447/DHCPs.o
 .comment       0x00000000       0x52 build/default/production/_ext/1295770447/DNS.o
 .comment       0x00000000       0x52 build/default/production/_ext/1295770447/DNSs.o
 .comment       0x00000000       0x52 build/default/production/_ext/1295770447/DynDNS.o
 .comment       0x00000000       0x52 build/default/production/_ext/1295770447/ENC28J60.o
 .comment       0x00000000       0x52 build/default/production/_ext/1295770447/ENCX24J600.o
 .comment       0x00000000       0x52 build/default/production/_ext/1295770447/ETHPIC32ExtPhy.o
 .comment       0x00000000       0x52 build/default/production/_ext/1295770447/ETHPIC32ExtPhyDP83848.o
 .comment       0x00000000       0x52 build/default/production/_ext/1295770447/ETHPIC32IntMac.o
 .comment       0x00000000       0x52 build/default/production/_ext/1295770447/FileSystem.o
 .comment       0x00000000       0x52 build/default/production/_ext/1295770447/FTP.o
 .comment       0x00000000       0x52 build/default/production/_ext/1295770447/Hashes.o
 .comment       0x00000000       0x52 build/default/production/_ext/1295770447/Helpers.o
 .comment       0x00000000       0x52 build/default/production/_ext/1295770447/HTTP2.o
 .comment       0x00000000       0x52 build/default/production/_ext/1295770447/HTTP.o
 .comment       0x00000000       0x52 build/default/production/_ext/1295770447/ICMP.o
 .comment       0x00000000       0x52 build/default/production/_ext/1295770447/IP.o
 .comment       0x00000000       0x52 build/default/production/_ext/1295770447/LCDBlocking.o
 .comment       0x00000000       0x52 build/default/production/_ext/1295770447/MPFS2.o
 .comment       0x00000000       0x52 build/default/production/_ext/1295770447/MPFS.o
 .comment       0x00000000       0x52 build/default/production/_ext/1295770447/NBNS.o
 .comment       0x00000000       0x52 build/default/production/_ext/1295770447/Random.o
 .comment       0x00000000       0x52 build/default/production/_ext/1295770447/Reboot.o
 .comment       0x00000000       0x52 build/default/production/_ext/1295770447/RSA.o
 .comment       0x00000000       0x52 build/default/production/_ext/1295770447/SMTP.o
 .comment       0x00000000       0x52 build/default/production/_ext/1295770447/SNMP.o
 .comment       0x00000000       0x52 build/default/production/_ext/1295770447/SNMPv3.o
 .comment       0x00000000       0x52 build/default/production/_ext/1295770447/SNMPv3USM.o
 .comment       0x00000000       0x52 build/default/production/_ext/1295770447/SNTP.o
 .comment       0x00000000       0x52 build/default/production/_ext/1295770447/SPIEEPROM.o
 .comment       0x00000000       0x52 build/default/production/_ext/1295770447/SPIFlash.o
 .comment       0x00000000       0x52 build/default/production/_ext/1295770447/SPIRAM.o
 .comment       0x00000000       0x52 build/default/production/_ext/1295770447/SSL.o
 .comment       0x00000000       0x52 build/default/production/_ext/1295770447/StackTsk.o
 .comment       0x00000000       0x52 build/default/production/_ext/1295770447/TCP.o
 .comment       0x00000000       0x52 build/default/production/_ext/1295770447/TCPPerformanceTest.o
 .comment       0x00000000       0x52 build/default/production/_ext/1295770447/Telnet.o
 .comment       0x00000000       0x52 build/default/production/_ext/1295770447/TFTPc.o
 .comment       0x00000000       0x52 build/default/production/_ext/1295770447/Tick.o
 .comment       0x00000000       0x52 build/default/production/_ext/1295770447/UART2TCPBridge.o
 .comment       0x00000000       0x52 build/default/production/_ext/1295770447/UART.o
 .comment       0x00000000       0x52 build/default/production/_ext/1295770447/UDP.o
 .comment       0x00000000       0x52 build/default/production/_ext/1295770447/UDPPerformanceTest.o
 .comment       0x00000000       0x52 build/default/production/_ext/1295770447/ZeroconfHelper.o
 .comment       0x00000000       0x52 build/default/production/_ext/1295770447/ZeroconfLinkLocal.o
 .comment       0x00000000       0x52 build/default/production/_ext/1295770447/ZeroconfMulticastDNS.o
 .comment       0x00000000       0x52 build/default/production/_ext/1472/MPFSImg2.o
 .comment       0x00000000       0x52 build/default/production/_ext/1472/MPFSImg.o
 .comment       0x00000000       0x52 build/default/production/_ext/1472/CustomHTTPApp.o
 .comment       0x00000000       0x52 build/default/production/_ext/1472/CustomSNMPApp.o
 .comment       0x00000000       0x52 build/default/production/_ext/1472/CustomSSLCert.o
 .comment       0x00000000       0x52 build/default/production/_ext/1472/MainDemo.o
 .comment       0x00000000       0x52 build/default/production/_ext/1472/mbmc.o
 .comment       0x00000000       0x52 build/default/production/_ext/1472/crc8_fast.o
 .comment       0x00000000       0x52 /opt/microchip/mplabc32/v2.02/bin/../lib/gcc/pic32mx/4.5.1/speed/libgcc.a(_udivdi3.o)
 .comment       0x00000000       0x52 /opt/microchip/mplabc32/v2.02/bin/../lib/gcc/pic32mx/4.5.1/speed/libgcc.a(floatunsisf.o)
 .comment       0x00000051       0x55 /opt/microchip/mplabc32/v2.02/bin/../lib/gcc/pic32mx/4.5.1/../../../../pic32mx/lib/speed/liblega-c.a(memcmp.o)
                                 0x56 (size before relaxing)
 .comment       0x000000a6       0x55 /opt/microchip/mplabc32/v2.02/bin/../lib/gcc/pic32mx/4.5.1/../../../../pic32mx/lib/speed/liblega-c.a(memset.o)
                                 0x56 (size before relaxing)
 .comment       0x000000fb       0x55 /opt/microchip/mplabc32/v2.02/bin/../lib/gcc/pic32mx/4.5.1/../../../../pic32mx/lib/speed/liblega-c.a(strcmp.o)
                                 0x56 (size before relaxing)
 .comment       0x00000150       0x55 /opt/microchip/mplabc32/v2.02/bin/../lib/gcc/pic32mx/4.5.1/../../../../pic32mx/lib/speed/liblega-c.a(strcpy.o)
                                 0x56 (size before relaxing)
 .comment       0x000001a5       0x55 /opt/microchip/mplabc32/v2.02/bin/../lib/gcc/pic32mx/4.5.1/../../../../pic32mx/lib/speed/liblega-c.a(strlen.o)
                                 0x56 (size before relaxing)
 .comment       0x000001fa       0x4f /opt/microchip/mplabc32/v2.02/bin/../lib/gcc/pic32mx/4.5.1/../../../../pic32mx/lib/speed/liblega-c.a(strcat.o)
                                 0xa1 (size before relaxing)
 .comment       0x00000249       0x50 /opt/microchip/mplabc32/v2.02/bin/../lib/gcc/pic32mx/4.5.1/../../../../pic32mx/lib/speed/liblega-c.a(strncat.o)
                                 0xa2 (size before relaxing)
 .comment       0x00000299       0x4f /opt/microchip/mplabc32/v2.02/bin/../lib/gcc/pic32mx/4.5.1/../../../../pic32mx/lib/speed/liblega-c.a(strchr.o)
                                 0xa1 (size before relaxing)
 .comment       0x000002e8       0x4f /opt/microchip/mplabc32/v2.02/bin/../lib/gcc/pic32mx/4.5.1/../../../../pic32mx/lib/speed/liblega-c.a(strstr.o)
                                 0xa1 (size before relaxing)
 .comment       0x00000000       0x52 /opt/microchip/mplabc32/v2.02/bin/../lib/gcc/pic32mx/4.5.1/../../../../pic32mx/lib/speed/liblega-c.a(malloc_calloc.o)
 .comment       0x00000337       0x4f /opt/microchip/mplabc32/v2.02/bin/../lib/gcc/pic32mx/4.5.1/../../../../pic32mx/lib/speed/liblega-c.a(strtol.o)
                                 0xa1 (size before relaxing)
 .comment       0x00000386       0x52 /opt/microchip/mplabc32/v2.02/bin/../lib/gcc/pic32mx/4.5.1/../../../../pic32mx/lib/speed/liblega-c.a(sprintf.o)
                                 0xa4 (size before relaxing)
 .comment       0x000003d8       0x51 /opt/microchip/mplabc32/v2.02/bin/../lib/gcc/pic32mx/4.5.1/../../../../pic32mx/lib/speed/liblega-c.a(sscanf.o)
                                 0xa3 (size before relaxing)
 .comment       0x00000429       0x52 /opt/microchip/mplabc32/v2.02/bin/../lib/gcc/pic32mx/4.5.1/../../../../pic32mx/lib/speed/liblega-c.a(vsscanf.o)
                                 0xa4 (size before relaxing)
 .comment       0x0000047b       0x56 /opt/microchip/mplabc32/v2.02/bin/../lib/gcc/pic32mx/4.5.1/../../../../pic32mx/lib/speed/liblega-c.a(__vsnprintf.o)
                                 0xa8 (size before relaxing)
 .comment       0x00000000       0x52 /opt/microchip/mplabc32/v2.02/bin/../lib/gcc/pic32mx/4.5.1/../../../../pic32mx/lib/speed/liblega-c.a(gmtime.o)
 .comment       0x00000000       0x52 /opt/microchip/mplabc32/v2.02/bin/../lib/gcc/pic32mx/4.5.1/../../../../pic32mx/lib/speed/liblega-c.a(offtime.o)
 .comment       0x000004d1       0x51 /opt/microchip/mplabc32/v2.02/bin/../lib/gcc/pic32mx/4.5.1/../../../../pic32mx/lib/speed/liblega-c.a(asctime.o)
                                 0xa3 (size before relaxing)
 .comment       0x00000522       0x4e /opt/microchip/mplabc32/v2.02/bin/../lib/gcc/pic32mx/4.5.1/../../../../pic32mx/lib/speed/liblega-c.a(stubs.o)
                                 0xa0 (size before relaxing)
 .comment       0x00000000       0x52 /opt/microchip/mplabc32/v2.02/bin/../lib/gcc/pic32mx/4.5.1/../../../../pic32mx/lib/speed/liblega-c.a(default-bootstrap-exception-handler.o)
 .comment       0x00000000       0x52 /opt/microchip/mplabc32/v2.02/bin/../lib/gcc/pic32mx/4.5.1/../../../../pic32mx/lib/speed/liblega-c.a(default-on-reset.o)
 .comment       0x00000000       0x52 /opt/microchip/mplabc32/v2.02/bin/../lib/gcc/pic32mx/4.5.1/../../../../pic32mx/lib/speed/liblega-c.a(default-on-bootstrap.o)
 .comment       0x00000570       0x4e /opt/microchip/mplabc32/v2.02/bin/../lib/gcc/pic32mx/4.5.1/../../../../pic32mx/lib/speed/liblega-c.a(ctype.o)
                                 0xa0 (size before relaxing)
 .comment       0x00000000       0x52 /opt/microchip/mplabc32/v2.02/bin/../lib/gcc/pic32mx/4.5.1/../../../../pic32mx/lib/speed/liblega-c.a(malloc.o)
 .comment       0x000005be       0x4e /opt/microchip/mplabc32/v2.02/bin/../lib/gcc/pic32mx/4.5.1/../../../../pic32mx/lib/speed/liblega-c.a(errno.o)
                                 0xa0 (size before relaxing)
 .comment       0x0000060c       0x52 /opt/microchip/mplabc32/v2.02/bin/../lib/gcc/pic32mx/4.5.1/../../../../pic32mx/lib/speed/liblega-c.a(_doprnt.o)
                                 0xa4 (size before relaxing)
 .comment       0x0000065e       0x52 /opt/microchip/mplabc32/v2.02/bin/../lib/gcc/pic32mx/4.5.1/../../../../pic32mx/lib/speed/liblega-c.a(_doscan.o)
                                 0xa4 (size before relaxing)
 .comment       0x000006b0       0x53 /opt/microchip/mplabc32/v2.02/bin/../lib/gcc/pic32mx/4.5.1/../../../../pic32mx/lib/speed/liblega-c.a(_iobdata.o)
                                 0xa5 (size before relaxing)
 .comment       0x00000703       0x54 /opt/microchip/mplabc32/v2.02/bin/../lib/gcc/pic32mx/4.5.1/../../../../pic32mx/lib/speed/liblega-c.a(_iobfuncs.o)
                                 0xa6 (size before relaxing)
 .comment       0x00000757       0x55 /opt/microchip/mplabc32/v2.02/bin/../lib/gcc/pic32mx/4.5.1/../../../../pic32mx/lib/speed/liblega-c.a(_iobstring.o)
                                 0xa7 (size before relaxing)
 .comment       0x000007ac       0x50 /opt/microchip/mplabc32/v2.02/bin/../lib/gcc/pic32mx/4.5.1/../../../../pic32mx/lib/speed/liblega-c.a(fgetc.o)
                                 0xa2 (size before relaxing)
 .comment       0x000007fc       0x50 /opt/microchip/mplabc32/v2.02/bin/../lib/gcc/pic32mx/4.5.1/../../../../pic32mx/lib/speed/liblega-c.a(fputc.o)
                                 0xa2 (size before relaxing)
 .comment       0x0000084c       0x51 /opt/microchip/mplabc32/v2.02/bin/../lib/gcc/pic32mx/4.5.1/../../../../pic32mx/lib/speed/liblega-c.a(ungetc.o)
                                 0xa3 (size before relaxing)
 .comment       0x0000089d       0x4b /opt/microchip/mplabc32/v2.02/bin/../lib/gcc/pic32mx/4.5.1/../../../../pic32mx/lib/speed/liblega-c.a(sbrk.o)
                                 0x9d (size before relaxing)
 .comment       0x00000000       0x52 /opt/microchip/mplabc32/v2.02/bin/../lib/gcc/pic32mx/4.5.1/../../../../pic32mx/lib/speed/liblega-c.a(_mon_getc.o)
 .comment       0x00000000       0x52 /opt/microchip/mplabc32/v2.02/bin/../lib/gcc/pic32mx/4.5.1/../../../../pic32mx/lib/speed/liblega-c.a(_mon_write.o)
 .comment       0x00000000       0x52 /opt/microchip/mplabc32/v2.02/bin/../lib/gcc/pic32mx/4.5.1/../../../../pic32mx/lib/speed/liblega-c.a(malloc_realloc.o)
 .comment       0x000008e8       0x50 /opt/microchip/mplabc32/v2.02/bin/../lib/gcc/pic32mx/4.5.1/../../../../pic32mx/lib/speed/liblega-c.a(strtoul.o)
                                 0xa2 (size before relaxing)
 .comment       0x00000938       0x50 /opt/microchip/mplabc32/v2.02/bin/../lib/gcc/pic32mx/4.5.1/../../../../pic32mx/lib/speed/liblega-c.a(strtoll.o)
                                 0xa2 (size before relaxing)
 .comment       0x00000988       0x51 /opt/microchip/mplabc32/v2.02/bin/../lib/gcc/pic32mx/4.5.1/../../../../pic32mx/lib/speed/liblega-c.a(strtoull.o)
                                 0xa3 (size before relaxing)
 .comment       0x000009d9       0x4f /opt/microchip/mplabc32/v2.02/bin/../lib/gcc/pic32mx/4.5.1/../../../../pic32mx/lib/speed/liblega-c.a(strtod.o)
                                 0xa1 (size before relaxing)
 .comment       0x00000000       0xa1 /opt/microchip/mplabc32/v2.02/bin/../lib/gcc/pic32mx/4.5.1/../../../../pic32mx/lib/speed/liblega-c.a(strtof.o)
 .comment       0x00000a28       0x51 /opt/microchip/mplabc32/v2.02/bin/../lib/gcc/pic32mx/4.5.1/../../../../pic32mx/lib/speed/liblega-c.a(fullexit.o)
                                 0xa3 (size before relaxing)
 .comment       0x00000a79       0x52 /opt/microchip/mplabc32/v2.02/bin/../lib/gcc/pic32mx/4.5.1/../../../../pic32mx/lib/speed/liblega-c.a(_ioinit.o)
                                 0xa4 (size before relaxing)
 .comment       0x00000acb       0x51 /opt/microchip/mplabc32/v2.02/bin/../lib/gcc/pic32mx/4.5.1/../../../../pic32mx/lib/speed/liblega-c.a(_cleanup.o)
                                 0xa3 (size before relaxing)
 .comment       0x00000000       0x52 /opt/microchip/mplabc32/v2.02/bin/../lib/gcc/pic32mx/4.5.1/../../../../pic32mx/lib/speed/liblega-c.a(_exit.o)
 .comment       0x00000b1c       0x4e /opt/microchip/mplabc32/v2.02/bin/../lib/gcc/pic32mx/4.5.1/../../../../pic32mx/lib/speed/liblega-c.a(isatty.o)
                                 0xa0 (size before relaxing)
 .comment       0x00000000       0x52 /opt/microchip/mplabc32/v2.02/bin/../lib/gcc/pic32mx/4.5.1/../../../../pic32mx/lib/speed/liblega-c.a(_mon_putc.o)
 .comment       0x00000b6a       0x50 /opt/microchip/mplabc32/v2.02/bin/../lib/gcc/pic32mx/4.5.1/../../../../pic32mx/lib/speed/liblega-c.a(memmove.o)
                                 0xa2 (size before relaxing)
 .comment       0x00000bba       0x53 /opt/microchip/mplabc32/v2.02/bin/../lib/gcc/pic32mx/4.5.1/../../../../pic32mx/lib/speed/liblega-c.a(_bufproc.o)
                                 0xa5 (size before relaxing)
 .comment       0x00000000       0x52 /opt/microchip/mplabc32/v2.02/bin/../lib/gcc/pic32mx/4.5.1/../../../../pic32mx/lib/speed/libm.a(w_log10.o)
 .comment       0x00000000       0x52 /opt/microchip/mplabc32/v2.02/bin/../lib/gcc/pic32mx/4.5.1/../../../../pic32mx/lib/speed/libm.a(s_lib_ver.o)
 .comment       0x00000c0d       0x9d /opt/microchip/mplabc32/v2.02/bin/../lib/gcc/pic32mx/4.5.1/../../../../pic32mx/lib/speed/libe.a(_strtod.o)
                                 0xef (size before relaxing)
 .comment       0x00000caa       0x4f /opt/microchip/mplabc32/v2.02/bin/../lib/gcc/pic32mx/4.5.1/../../../../pic32mx/lib/speed/libe.a(_strtof.o)
                                 0xef (size before relaxing)
 .comment       0x00000cf9       0x50 /opt/microchip/mplabc32/v2.02/bin/../lib/gcc/pic32mx/4.5.1/../../../../pic32mx/lib/speed/libe.a(_ldexp.o)
                                 0xf0 (size before relaxing)
 .comment       0x00000d49       0x50 /opt/microchip/mplabc32/v2.02/bin/../lib/gcc/pic32mx/4.5.1/../../../../pic32mx/lib/speed/libe.a(_ldexpf.o)
                                 0xf0 (size before relaxing)
 .comment       0x00000d99       0x51 /opt/microchip/mplabc32/v2.02/bin/../lib/gcc/pic32mx/4.5.1/../../../../pic32mx/lib/speed/libmchp_peripheral.a(read_core_timer_lib.o)
                                 0x52 (size before relaxing)
 .comment       0x00000000       0x52 /opt/microchip/mplabc32/v2.02/bin/../lib/gcc/pic32mx/4.5.1/../../../../pic32mx/lib/speed/libmchp_peripheral_32MX795F512L.a(eth_ack_packet_lib.o)
 .comment       0x00000000       0x52 /opt/microchip/mplabc32/v2.02/bin/../lib/gcc/pic32mx/4.5.1/../../../../pic32mx/lib/speed/libmchp_peripheral_32MX795F512L.a(eth_descriptors_add_lib.o)
 .comment       0x00000000       0x52 /opt/microchip/mplabc32/v2.02/bin/../lib/gcc/pic32mx/4.5.1/../../../../pic32mx/lib/speed/libmchp_peripheral_32MX795F512L.a(eth_init_lib.o)
 .comment       0x00000000       0x52 /opt/microchip/mplabc32/v2.02/bin/../lib/gcc/pic32mx/4.5.1/../../../../pic32mx/lib/speed/libmchp_peripheral_32MX795F512L.a(eth_mac_open_lib.o)
 .comment       0x00000000       0x52 /opt/microchip/mplabc32/v2.02/bin/../lib/gcc/pic32mx/4.5.1/../../../../pic32mx/lib/speed/libmchp_peripheral_32MX795F512L.a(eth_mac_set_address_max_lib.o)
 .comment       0x00000000       0x52 /opt/microchip/mplabc32/v2.02/bin/../lib/gcc/pic32mx/4.5.1/../../../../pic32mx/lib/speed/libmchp_peripheral_32MX795F512L.a(eth_rx_buffers_append_lib.o)
 .comment       0x00000000       0x52 /opt/microchip/mplabc32/v2.02/bin/../lib/gcc/pic32mx/4.5.1/../../../../pic32mx/lib/speed/libmchp_peripheral_32MX795F512L.a(eth_rx_filters_lib.o)
 .comment       0x00000000       0x52 /opt/microchip/mplabc32/v2.02/bin/../lib/gcc/pic32mx/4.5.1/../../../../pic32mx/lib/speed/libmchp_peripheral_32MX795F512L.a(eth_rx_get_packet_lib.o)
 .comment       0x00000000       0x52 /opt/microchip/mplabc32/v2.02/bin/../lib/gcc/pic32mx/4.5.1/../../../../pic32mx/lib/speed/libmchp_peripheral_32MX795F512L.a(eth_rx_set_buffer_size_lib.o)
 .comment       0x00000000       0x52 /opt/microchip/mplabc32/v2.02/bin/../lib/gcc/pic32mx/4.5.1/../../../../pic32mx/lib/speed/libmchp_peripheral_32MX795F512L.a(eth_tx_packet_lib.o)
 .comment       0x00000000       0x52 /opt/microchip/mplabc32/v2.02/bin/../lib/gcc/pic32mx/4.5.1/../../../../pic32mx/lib/speed/libmchp_peripheral_32MX795F512L.a(_eth_append_busy_list_lib.o)
 .comment       0x00000000       0x52 /opt/microchip/mplabc32/v2.02/bin/../lib/gcc/pic32mx/4.5.1/../../../../pic32mx/lib/speed/libmchp_peripheral_32MX795F512L.a(eth_miim_access.o)
 .comment       0x00000000       0x52 /opt/microchip/mplabc32/v2.02/bin/../lib/gcc/pic32mx/4.5.1/../../../../pic32mx/lib/speed/libmchp_peripheral_32MX795F512L.a(soft_reset_lib.o)
 .comment       0x00000000       0x52 /opt/microchip/mplabc32/v2.02/bin/../lib/gcc/pic32mx/4.5.1/../../../../pic32mx/lib/speed/libmchp_peripheral_32MX795F512L.a(pcache.o)
 .comment       0x00000000       0x52 /opt/microchip/mplabc32/v2.02/bin/../lib/gcc/pic32mx/4.5.1/../../../../pic32mx/lib/speed/libmchp_peripheral_32MX795F512L.a(int_disable_interrupts_lib.o)
 .comment       0x00000000       0x52 /opt/microchip/mplabc32/v2.02/bin/../lib/gcc/pic32mx/4.5.1/../../../../pic32mx/lib/speed/libmchp_peripheral_32MX795F512L.a(int_restore_interrupts_lib.o)
 .comment       0x00000000       0x52 /opt/microchip/mplabc32/v2.02/bin/../lib/gcc/pic32mx/4.5.1/../../../../pic32mx/lib/speed/libmchp_peripheral_32MX795F512L.a(int_enable_mv_int_lib.o)
 .comment       0x00000000       0x52 /opt/microchip/mplabc32/v2.02/bin/../lib/gcc/pic32mx/4.5.1/../../../../pic32mx/lib/speed/libmchp_peripheral_32MX795F512L.a(int_tbl_lib.o)
 .comment       0x00000000       0x52 /opt/microchip/mplabc32/v2.02/bin/../lib/gcc/pic32mx/4.5.1/../../../../pic32mx/lib/speed/libmchp_peripheral_32MX795F512L.a(port_set_pins_digital_in_lib.o)
 .comment       0x00000000       0x52 /opt/microchip/mplabc32/v2.02/bin/../lib/gcc/pic32mx/4.5.1/../../../../pic32mx/lib/speed/libmchp_peripheral_32MX795F512L.a(port_set_pins_digital_out_lib.o)
 .comment       0x00000000       0x52 /opt/microchip/mplabc32/v2.02/bin/../lib/gcc/pic32mx/4.5.1/../../../../pic32mx/lib/speed/libmchp_peripheral_32MX795F512L.a(_ports_tbl_libp.o)
 .comment       0x00000000       0x52 /opt/microchip/mplabc32/v2.02/bin/../lib/gcc/pic32mx/4.5.1/../../../../pic32mx/lib/speed/libmchp_peripheral_32MX795F512L.a(uart_lib.o)
 .comment       0x00000000       0x52 /opt/microchip/mplabc32/v2.02/bin/../lib/gcc/pic32mx/4.5.1/../../../../pic32mx/lib/speed/libmchp_peripheral_32MX795F512L.a(int_enable_interrupts_lib.o)
 .comment       0x00000000       0x52 /opt/microchip/mplabc32/v2.02/bin/../lib/gcc/pic32mx/4.5.1/../../../../pic32mx/lib/speed/liblega-c.a(isinf.o)
 .comment       0x00000000       0xa0 /opt/microchip/mplabc32/v2.02/bin/../lib/gcc/pic32mx/4.5.1/../../../../pic32mx/lib/speed/libe.a(_unorddf2.o)
 .comment       0x00000000       0x52 /opt/microchip/mplabc32/v2.02/bin/../lib/gcc/pic32mx/4.5.1/speed/libgcc.a(_lshrdi3.o)
 .comment       0x00000000       0x52 /opt/microchip/mplabc32/v2.02/bin/../lib/gcc/pic32mx/4.5.1/speed/libgcc.a(_ashldi3.o)
 .comment       0x00000000       0x52 /opt/microchip/mplabc32/v2.02/bin/../lib/gcc/pic32mx/4.5.1/speed/libgcc.a(_divdi3.o)
 .comment       0x00000000       0x52 /opt/microchip/mplabc32/v2.02/bin/../lib/gcc/pic32mx/4.5.1/speed/libgcc.a(_umoddi3.o)

.debug
 *(.debug)

.line
 *(.line)

.debug_srcinfo
 *(.debug_srcinfo)

.debug_sfnames
 *(.debug_sfnames)

.debug_aranges  0x00000000      0x590
 *(.debug_aranges)
 .debug_aranges
                0x00000000       0x20 /opt/microchip/mplabc32/v2.02/bin/../lib/gcc/pic32mx/4.5.1/speed/libgcc.a(_udivdi3.o)
 .debug_aranges
                0x00000020       0x20 /opt/microchip/mplabc32/v2.02/bin/../lib/gcc/pic32mx/4.5.1/speed/libgcc.a(floatunsisf.o)
 .debug_aranges
                0x00000040       0x20 /opt/microchip/mplabc32/v2.02/bin/../lib/gcc/pic32mx/4.5.1/../../../../pic32mx/lib/speed/libm.a(w_log10.o)
 .debug_aranges
                0x00000060       0x20 /opt/microchip/mplabc32/v2.02/bin/../lib/gcc/pic32mx/4.5.1/../../../../pic32mx/lib/speed/libe.a(_strtod.o)
 .debug_aranges
                0x00000080       0x20 /opt/microchip/mplabc32/v2.02/bin/../lib/gcc/pic32mx/4.5.1/../../../../pic32mx/lib/speed/libe.a(_strtof.o)
 .debug_aranges
                0x000000a0       0x20 /opt/microchip/mplabc32/v2.02/bin/../lib/gcc/pic32mx/4.5.1/../../../../pic32mx/lib/speed/libe.a(_ldexp.o)
 .debug_aranges
                0x000000c0       0x20 /opt/microchip/mplabc32/v2.02/bin/../lib/gcc/pic32mx/4.5.1/../../../../pic32mx/lib/speed/libe.a(_ldexpf.o)
 .debug_aranges
                0x000000e0       0x20 /opt/microchip/mplabc32/v2.02/bin/../lib/gcc/pic32mx/4.5.1/../../../../pic32mx/lib/speed/libmchp_peripheral.a(read_core_timer_lib.o)
 .debug_aranges
                0x00000100       0x48 /opt/microchip/mplabc32/v2.02/bin/../lib/gcc/pic32mx/4.5.1/../../../../pic32mx/lib/speed/libmchp_peripheral_32MX795F512L.a(eth_ack_packet_lib.o)
 .debug_aranges
                0x00000148       0x28 /opt/microchip/mplabc32/v2.02/bin/../lib/gcc/pic32mx/4.5.1/../../../../pic32mx/lib/speed/libmchp_peripheral_32MX795F512L.a(eth_descriptors_add_lib.o)
 .debug_aranges
                0x00000170       0x20 /opt/microchip/mplabc32/v2.02/bin/../lib/gcc/pic32mx/4.5.1/../../../../pic32mx/lib/speed/libmchp_peripheral_32MX795F512L.a(eth_init_lib.o)
 .debug_aranges
                0x00000190       0x20 /opt/microchip/mplabc32/v2.02/bin/../lib/gcc/pic32mx/4.5.1/../../../../pic32mx/lib/speed/libmchp_peripheral_32MX795F512L.a(eth_mac_open_lib.o)
 .debug_aranges
                0x000001b0       0x30 /opt/microchip/mplabc32/v2.02/bin/../lib/gcc/pic32mx/4.5.1/../../../../pic32mx/lib/speed/libmchp_peripheral_32MX795F512L.a(eth_mac_set_address_max_lib.o)
 .debug_aranges
                0x000001e0       0x20 /opt/microchip/mplabc32/v2.02/bin/../lib/gcc/pic32mx/4.5.1/../../../../pic32mx/lib/speed/libmchp_peripheral_32MX795F512L.a(eth_rx_buffers_append_lib.o)
 .debug_aranges
                0x00000200       0x48 /opt/microchip/mplabc32/v2.02/bin/../lib/gcc/pic32mx/4.5.1/../../../../pic32mx/lib/speed/libmchp_peripheral_32MX795F512L.a(eth_rx_filters_lib.o)
 .debug_aranges
                0x00000248       0x28 /opt/microchip/mplabc32/v2.02/bin/../lib/gcc/pic32mx/4.5.1/../../../../pic32mx/lib/speed/libmchp_peripheral_32MX795F512L.a(eth_rx_get_packet_lib.o)
 .debug_aranges
                0x00000270       0x20 /opt/microchip/mplabc32/v2.02/bin/../lib/gcc/pic32mx/4.5.1/../../../../pic32mx/lib/speed/libmchp_peripheral_32MX795F512L.a(eth_rx_set_buffer_size_lib.o)
 .debug_aranges
                0x00000290       0x38 /opt/microchip/mplabc32/v2.02/bin/../lib/gcc/pic32mx/4.5.1/../../../../pic32mx/lib/speed/libmchp_peripheral_32MX795F512L.a(eth_tx_packet_lib.o)
 .debug_aranges
                0x000002c8       0x20 /opt/microchip/mplabc32/v2.02/bin/../lib/gcc/pic32mx/4.5.1/../../../../pic32mx/lib/speed/libmchp_peripheral_32MX795F512L.a(_eth_append_busy_list_lib.o)
 .debug_aranges
                0x000002e8       0x48 /opt/microchip/mplabc32/v2.02/bin/../lib/gcc/pic32mx/4.5.1/../../../../pic32mx/lib/speed/libmchp_peripheral_32MX795F512L.a(eth_miim_access.o)
 .debug_aranges
                0x00000330       0x20 /opt/microchip/mplabc32/v2.02/bin/../lib/gcc/pic32mx/4.5.1/../../../../pic32mx/lib/speed/libmchp_peripheral_32MX795F512L.a(soft_reset_lib.o)
 .debug_aranges
                0x00000350       0x28 /opt/microchip/mplabc32/v2.02/bin/../lib/gcc/pic32mx/4.5.1/../../../../pic32mx/lib/speed/libmchp_peripheral_32MX795F512L.a(pcache.o)
 .debug_aranges
                0x00000378       0x20 /opt/microchip/mplabc32/v2.02/bin/../lib/gcc/pic32mx/4.5.1/../../../../pic32mx/lib/speed/libmchp_peripheral_32MX795F512L.a(int_disable_interrupts_lib.o)
 .debug_aranges
                0x00000398       0x20 /opt/microchip/mplabc32/v2.02/bin/../lib/gcc/pic32mx/4.5.1/../../../../pic32mx/lib/speed/libmchp_peripheral_32MX795F512L.a(int_restore_interrupts_lib.o)
 .debug_aranges
                0x000003b8       0x20 /opt/microchip/mplabc32/v2.02/bin/../lib/gcc/pic32mx/4.5.1/../../../../pic32mx/lib/speed/libmchp_peripheral_32MX795F512L.a(int_enable_mv_int_lib.o)
 .debug_aranges
                0x000003d8       0x60 /opt/microchip/mplabc32/v2.02/bin/../lib/gcc/pic32mx/4.5.1/../../../../pic32mx/lib/speed/libmchp_peripheral_32MX795F512L.a(int_tbl_lib.o)
 .debug_aranges
                0x00000438       0x20 /opt/microchip/mplabc32/v2.02/bin/../lib/gcc/pic32mx/4.5.1/../../../../pic32mx/lib/speed/libmchp_peripheral_32MX795F512L.a(port_set_pins_digital_in_lib.o)
 .debug_aranges
                0x00000458       0x20 /opt/microchip/mplabc32/v2.02/bin/../lib/gcc/pic32mx/4.5.1/../../../../pic32mx/lib/speed/libmchp_peripheral_32MX795F512L.a(port_set_pins_digital_out_lib.o)
 .debug_aranges
                0x00000478       0x58 /opt/microchip/mplabc32/v2.02/bin/../lib/gcc/pic32mx/4.5.1/../../../../pic32mx/lib/speed/libmchp_peripheral_32MX795F512L.a(uart_lib.o)
 .debug_aranges
                0x000004d0       0x20 /opt/microchip/mplabc32/v2.02/bin/../lib/gcc/pic32mx/4.5.1/../../../../pic32mx/lib/speed/libmchp_peripheral_32MX795F512L.a(int_enable_interrupts_lib.o)
 .debug_aranges
                0x000004f0       0x20 /opt/microchip/mplabc32/v2.02/bin/../lib/gcc/pic32mx/4.5.1/../../../../pic32mx/lib/speed/libe.a(_unorddf2.o)
 .debug_aranges
                0x00000510       0x20 /opt/microchip/mplabc32/v2.02/bin/../lib/gcc/pic32mx/4.5.1/speed/libgcc.a(_lshrdi3.o)
 .debug_aranges
                0x00000530       0x20 /opt/microchip/mplabc32/v2.02/bin/../lib/gcc/pic32mx/4.5.1/speed/libgcc.a(_ashldi3.o)
 .debug_aranges
                0x00000550       0x20 /opt/microchip/mplabc32/v2.02/bin/../lib/gcc/pic32mx/4.5.1/speed/libgcc.a(_divdi3.o)
 .debug_aranges
                0x00000570       0x20 /opt/microchip/mplabc32/v2.02/bin/../lib/gcc/pic32mx/4.5.1/speed/libgcc.a(_umoddi3.o)

.debug_pubnames
                0x00000000      0x810
 *(.debug_pubnames)
 .debug_pubnames
                0x00000000       0x20 /opt/microchip/mplabc32/v2.02/bin/../lib/gcc/pic32mx/4.5.1/speed/libgcc.a(_udivdi3.o)
 .debug_pubnames
                0x00000020       0x24 /opt/microchip/mplabc32/v2.02/bin/../lib/gcc/pic32mx/4.5.1/speed/libgcc.a(floatunsisf.o)
 .debug_pubnames
                0x00000044       0x1c /opt/microchip/mplabc32/v2.02/bin/../lib/gcc/pic32mx/4.5.1/../../../../pic32mx/lib/speed/libm.a(w_log10.o)
 .debug_pubnames
                0x00000060       0x1f /opt/microchip/mplabc32/v2.02/bin/../lib/gcc/pic32mx/4.5.1/../../../../pic32mx/lib/speed/libe.a(_strtod.o)
 .debug_pubnames
                0x0000007f       0x1f /opt/microchip/mplabc32/v2.02/bin/../lib/gcc/pic32mx/4.5.1/../../../../pic32mx/lib/speed/libe.a(_strtof.o)
 .debug_pubnames
                0x0000009e       0x1e /opt/microchip/mplabc32/v2.02/bin/../lib/gcc/pic32mx/4.5.1/../../../../pic32mx/lib/speed/libe.a(_ldexp.o)
 .debug_pubnames
                0x000000bc       0x1f /opt/microchip/mplabc32/v2.02/bin/../lib/gcc/pic32mx/4.5.1/../../../../pic32mx/lib/speed/libe.a(_ldexpf.o)
 .debug_pubnames
                0x000000db       0x24 /opt/microchip/mplabc32/v2.02/bin/../lib/gcc/pic32mx/4.5.1/../../../../pic32mx/lib/speed/libmchp_peripheral.a(read_core_timer_lib.o)
 .debug_pubnames
                0x000000ff       0x80 /opt/microchip/mplabc32/v2.02/bin/../lib/gcc/pic32mx/4.5.1/../../../../pic32mx/lib/speed/libmchp_peripheral_32MX795F512L.a(eth_ack_packet_lib.o)
 .debug_pubnames
                0x0000017f       0x42 /opt/microchip/mplabc32/v2.02/bin/../lib/gcc/pic32mx/4.5.1/../../../../pic32mx/lib/speed/libmchp_peripheral_32MX795F512L.a(eth_descriptors_add_lib.o)
 .debug_pubnames
                0x000001c1       0x1e /opt/microchip/mplabc32/v2.02/bin/../lib/gcc/pic32mx/4.5.1/../../../../pic32mx/lib/speed/libmchp_peripheral_32MX795F512L.a(eth_init_lib.o)
 .debug_pubnames
                0x000001df       0x21 /opt/microchip/mplabc32/v2.02/bin/../lib/gcc/pic32mx/4.5.1/../../../../pic32mx/lib/speed/libmchp_peripheral_32MX795F512L.a(eth_mac_open_lib.o)
 .debug_pubnames
                0x00000200       0x52 /opt/microchip/mplabc32/v2.02/bin/../lib/gcc/pic32mx/4.5.1/../../../../pic32mx/lib/speed/libmchp_peripheral_32MX795F512L.a(eth_mac_set_address_max_lib.o)
 .debug_pubnames
                0x00000252       0x29 /opt/microchip/mplabc32/v2.02/bin/../lib/gcc/pic32mx/4.5.1/../../../../pic32mx/lib/speed/libmchp_peripheral_32MX795F512L.a(eth_rx_buffers_append_lib.o)
 .debug_pubnames
                0x0000027b       0x92 /opt/microchip/mplabc32/v2.02/bin/../lib/gcc/pic32mx/4.5.1/../../../../pic32mx/lib/speed/libmchp_peripheral_32MX795F512L.a(eth_rx_filters_lib.o)
 .debug_pubnames
                0x0000030d       0x38 /opt/microchip/mplabc32/v2.02/bin/../lib/gcc/pic32mx/4.5.1/../../../../pic32mx/lib/speed/libmchp_peripheral_32MX795F512L.a(eth_rx_get_packet_lib.o)
 .debug_pubnames
                0x00000345       0x29 /opt/microchip/mplabc32/v2.02/bin/../lib/gcc/pic32mx/4.5.1/../../../../pic32mx/lib/speed/libmchp_peripheral_32MX795F512L.a(eth_rx_set_buffer_size_lib.o)
 .debug_pubnames
                0x0000036e       0x66 /opt/microchip/mplabc32/v2.02/bin/../lib/gcc/pic32mx/4.5.1/../../../../pic32mx/lib/speed/libmchp_peripheral_32MX795F512L.a(eth_tx_packet_lib.o)
 .debug_pubnames
                0x000003d4       0x29 /opt/microchip/mplabc32/v2.02/bin/../lib/gcc/pic32mx/4.5.1/../../../../pic32mx/lib/speed/libmchp_peripheral_32MX795F512L.a(_eth_append_busy_list_lib.o)
 .debug_pubnames
                0x000003fd       0x90 /opt/microchip/mplabc32/v2.02/bin/../lib/gcc/pic32mx/4.5.1/../../../../pic32mx/lib/speed/libmchp_peripheral_32MX795F512L.a(eth_miim_access.o)
 .debug_pubnames
                0x0000048d       0x20 /opt/microchip/mplabc32/v2.02/bin/../lib/gcc/pic32mx/4.5.1/../../../../pic32mx/lib/speed/libmchp_peripheral_32MX795F512L.a(soft_reset_lib.o)
 .debug_pubnames
                0x000004ad       0x3b /opt/microchip/mplabc32/v2.02/bin/../lib/gcc/pic32mx/4.5.1/../../../../pic32mx/lib/speed/libmchp_peripheral_32MX795F512L.a(pcache.o)
 .debug_pubnames
                0x000004e8       0x2b /opt/microchip/mplabc32/v2.02/bin/../lib/gcc/pic32mx/4.5.1/../../../../pic32mx/lib/speed/libmchp_peripheral_32MX795F512L.a(int_disable_interrupts_lib.o)
 .debug_pubnames
                0x00000513       0x2b /opt/microchip/mplabc32/v2.02/bin/../lib/gcc/pic32mx/4.5.1/../../../../pic32mx/lib/speed/libmchp_peripheral_32MX795F512L.a(int_restore_interrupts_lib.o)
 .debug_pubnames
                0x0000053e       0x36 /opt/microchip/mplabc32/v2.02/bin/../lib/gcc/pic32mx/4.5.1/../../../../pic32mx/lib/speed/libmchp_peripheral_32MX795F512L.a(int_enable_mv_int_lib.o)
 .debug_pubnames
                0x00000574       0xca /opt/microchip/mplabc32/v2.02/bin/../lib/gcc/pic32mx/4.5.1/../../../../pic32mx/lib/speed/libmchp_peripheral_32MX795F512L.a(int_tbl_lib.o)
 .debug_pubnames
                0x0000063e       0x2b /opt/microchip/mplabc32/v2.02/bin/../lib/gcc/pic32mx/4.5.1/../../../../pic32mx/lib/speed/libmchp_peripheral_32MX795F512L.a(port_set_pins_digital_in_lib.o)
 .debug_pubnames
                0x00000669       0x2c /opt/microchip/mplabc32/v2.02/bin/../lib/gcc/pic32mx/4.5.1/../../../../pic32mx/lib/speed/libmchp_peripheral_32MX795F512L.a(port_set_pins_digital_out_lib.o)
 .debug_pubnames
                0x00000695       0xb1 /opt/microchip/mplabc32/v2.02/bin/../lib/gcc/pic32mx/4.5.1/../../../../pic32mx/lib/speed/libmchp_peripheral_32MX795F512L.a(uart_lib.o)
 .debug_pubnames
                0x00000746       0x2a /opt/microchip/mplabc32/v2.02/bin/../lib/gcc/pic32mx/4.5.1/../../../../pic32mx/lib/speed/libmchp_peripheral_32MX795F512L.a(int_enable_interrupts_lib.o)
 .debug_pubnames
                0x00000770       0x21 /opt/microchip/mplabc32/v2.02/bin/../lib/gcc/pic32mx/4.5.1/../../../../pic32mx/lib/speed/libe.a(_unorddf2.o)
 .debug_pubnames
                0x00000791       0x20 /opt/microchip/mplabc32/v2.02/bin/../lib/gcc/pic32mx/4.5.1/speed/libgcc.a(_lshrdi3.o)
 .debug_pubnames
                0x000007b1       0x20 /opt/microchip/mplabc32/v2.02/bin/../lib/gcc/pic32mx/4.5.1/speed/libgcc.a(_ashldi3.o)
 .debug_pubnames
                0x000007d1       0x1f /opt/microchip/mplabc32/v2.02/bin/../lib/gcc/pic32mx/4.5.1/speed/libgcc.a(_divdi3.o)
 .debug_pubnames
                0x000007f0       0x20 /opt/microchip/mplabc32/v2.02/bin/../lib/gcc/pic32mx/4.5.1/speed/libgcc.a(_umoddi3.o)

.debug_info     0x00000000     0x3be3
 *(.debug_info .gnu.linkonce.wi.*)
 .debug_info    0x00000000      0x78c /opt/microchip/mplabc32/v2.02/bin/../lib/gcc/pic32mx/4.5.1/speed/libgcc.a(_udivdi3.o)
 .debug_info    0x0000078c      0x191 /opt/microchip/mplabc32/v2.02/bin/../lib/gcc/pic32mx/4.5.1/speed/libgcc.a(floatunsisf.o)
 .debug_info    0x0000091d       0xdb /opt/microchip/mplabc32/v2.02/bin/../lib/gcc/pic32mx/4.5.1/../../../../pic32mx/lib/speed/libm.a(w_log10.o)
 .debug_info    0x000009f8        0x0 /opt/microchip/mplabc32/v2.02/bin/../lib/gcc/pic32mx/4.5.1/../../../../pic32mx/lib/speed/libm.a(s_lib_ver.o)
 .debug_info    0x000009f8       0xe3 /opt/microchip/mplabc32/v2.02/bin/../lib/gcc/pic32mx/4.5.1/../../../../pic32mx/lib/speed/libe.a(_strtod.o)
 .debug_info    0x00000adb       0xe3 /opt/microchip/mplabc32/v2.02/bin/../lib/gcc/pic32mx/4.5.1/../../../../pic32mx/lib/speed/libe.a(_strtof.o)
 .debug_info    0x00000bbe       0xef /opt/microchip/mplabc32/v2.02/bin/../lib/gcc/pic32mx/4.5.1/../../../../pic32mx/lib/speed/libe.a(_ldexp.o)
 .debug_info    0x00000cad       0xf0 /opt/microchip/mplabc32/v2.02/bin/../lib/gcc/pic32mx/4.5.1/../../../../pic32mx/lib/speed/libe.a(_ldexpf.o)
 .debug_info    0x00000d9d       0xbf /opt/microchip/mplabc32/v2.02/bin/../lib/gcc/pic32mx/4.5.1/../../../../pic32mx/lib/speed/libmchp_peripheral.a(read_core_timer_lib.o)
 .debug_info    0x00000e5c      0x180 /opt/microchip/mplabc32/v2.02/bin/../lib/gcc/pic32mx/4.5.1/../../../../pic32mx/lib/speed/libmchp_peripheral_32MX795F512L.a(eth_ack_packet_lib.o)
 .debug_info    0x00000fdc      0x107 /opt/microchip/mplabc32/v2.02/bin/../lib/gcc/pic32mx/4.5.1/../../../../pic32mx/lib/speed/libmchp_peripheral_32MX795F512L.a(eth_descriptors_add_lib.o)
 .debug_info    0x000010e3       0xd3 /opt/microchip/mplabc32/v2.02/bin/../lib/gcc/pic32mx/4.5.1/../../../../pic32mx/lib/speed/libmchp_peripheral_32MX795F512L.a(eth_init_lib.o)
 .debug_info    0x000011b6       0xb7 /opt/microchip/mplabc32/v2.02/bin/../lib/gcc/pic32mx/4.5.1/../../../../pic32mx/lib/speed/libmchp_peripheral_32MX795F512L.a(eth_mac_open_lib.o)
 .debug_info    0x0000126d      0x107 /opt/microchip/mplabc32/v2.02/bin/../lib/gcc/pic32mx/4.5.1/../../../../pic32mx/lib/speed/libmchp_peripheral_32MX795F512L.a(eth_mac_set_address_max_lib.o)
 .debug_info    0x00001374       0xfb /opt/microchip/mplabc32/v2.02/bin/../lib/gcc/pic32mx/4.5.1/../../../../pic32mx/lib/speed/libmchp_peripheral_32MX795F512L.a(eth_rx_buffers_append_lib.o)
 .debug_info    0x0000146f      0x15c /opt/microchip/mplabc32/v2.02/bin/../lib/gcc/pic32mx/4.5.1/../../../../pic32mx/lib/speed/libmchp_peripheral_32MX795F512L.a(eth_rx_filters_lib.o)
 .debug_info    0x000015cb       0xdd /opt/microchip/mplabc32/v2.02/bin/../lib/gcc/pic32mx/4.5.1/../../../../pic32mx/lib/speed/libmchp_peripheral_32MX795F512L.a(eth_rx_get_packet_lib.o)
 .debug_info    0x000016a8       0xc9 /opt/microchip/mplabc32/v2.02/bin/../lib/gcc/pic32mx/4.5.1/../../../../pic32mx/lib/speed/libmchp_peripheral_32MX795F512L.a(eth_rx_set_buffer_size_lib.o)
 .debug_info    0x00001771      0x17f /opt/microchip/mplabc32/v2.02/bin/../lib/gcc/pic32mx/4.5.1/../../../../pic32mx/lib/speed/libmchp_peripheral_32MX795F512L.a(eth_tx_packet_lib.o)
 .debug_info    0x000018f0       0xe9 /opt/microchip/mplabc32/v2.02/bin/../lib/gcc/pic32mx/4.5.1/../../../../pic32mx/lib/speed/libmchp_peripheral_32MX795F512L.a(_eth_append_busy_list_lib.o)
 .debug_info    0x000019d9      0x158 /opt/microchip/mplabc32/v2.02/bin/../lib/gcc/pic32mx/4.5.1/../../../../pic32mx/lib/speed/libmchp_peripheral_32MX795F512L.a(eth_miim_access.o)
 .debug_info    0x00001b31       0xc7 /opt/microchip/mplabc32/v2.02/bin/../lib/gcc/pic32mx/4.5.1/../../../../pic32mx/lib/speed/libmchp_peripheral_32MX795F512L.a(soft_reset_lib.o)
 .debug_info    0x00001bf8       0xd4 /opt/microchip/mplabc32/v2.02/bin/../lib/gcc/pic32mx/4.5.1/../../../../pic32mx/lib/speed/libmchp_peripheral_32MX795F512L.a(pcache.o)
 .debug_info    0x00001ccc       0xcb /opt/microchip/mplabc32/v2.02/bin/../lib/gcc/pic32mx/4.5.1/../../../../pic32mx/lib/speed/libmchp_peripheral_32MX795F512L.a(int_disable_interrupts_lib.o)
 .debug_info    0x00001d97       0xcb /opt/microchip/mplabc32/v2.02/bin/../lib/gcc/pic32mx/4.5.1/../../../../pic32mx/lib/speed/libmchp_peripheral_32MX795F512L.a(int_restore_interrupts_lib.o)
 .debug_info    0x00001e62       0xd1 /opt/microchip/mplabc32/v2.02/bin/../lib/gcc/pic32mx/4.5.1/../../../../pic32mx/lib/speed/libmchp_peripheral_32MX795F512L.a(int_enable_mv_int_lib.o)
 .debug_info    0x00001f33      0x1ab /opt/microchip/mplabc32/v2.02/bin/../lib/gcc/pic32mx/4.5.1/../../../../pic32mx/lib/speed/libmchp_peripheral_32MX795F512L.a(int_tbl_lib.o)
 .debug_info    0x000020de       0xcf /opt/microchip/mplabc32/v2.02/bin/../lib/gcc/pic32mx/4.5.1/../../../../pic32mx/lib/speed/libmchp_peripheral_32MX795F512L.a(port_set_pins_digital_in_lib.o)
 .debug_info    0x000021ad       0xd1 /opt/microchip/mplabc32/v2.02/bin/../lib/gcc/pic32mx/4.5.1/../../../../pic32mx/lib/speed/libmchp_peripheral_32MX795F512L.a(port_set_pins_digital_out_lib.o)
 .debug_info    0x0000227e        0x0 /opt/microchip/mplabc32/v2.02/bin/../lib/gcc/pic32mx/4.5.1/../../../../pic32mx/lib/speed/libmchp_peripheral_32MX795F512L.a(_ports_tbl_libp.o)
 .debug_info    0x0000227e      0x18a /opt/microchip/mplabc32/v2.02/bin/../lib/gcc/pic32mx/4.5.1/../../../../pic32mx/lib/speed/libmchp_peripheral_32MX795F512L.a(uart_lib.o)
 .debug_info    0x00002408       0xc9 /opt/microchip/mplabc32/v2.02/bin/../lib/gcc/pic32mx/4.5.1/../../../../pic32mx/lib/speed/libmchp_peripheral_32MX795F512L.a(int_enable_interrupts_lib.o)
 .debug_info    0x000024d1       0xe5 /opt/microchip/mplabc32/v2.02/bin/../lib/gcc/pic32mx/4.5.1/../../../../pic32mx/lib/speed/libe.a(_unorddf2.o)
 .debug_info    0x000025b6      0x352 /opt/microchip/mplabc32/v2.02/bin/../lib/gcc/pic32mx/4.5.1/speed/libgcc.a(_lshrdi3.o)
 .debug_info    0x00002908      0x34e /opt/microchip/mplabc32/v2.02/bin/../lib/gcc/pic32mx/4.5.1/speed/libgcc.a(_ashldi3.o)
 .debug_info    0x00002c56      0x7c4 /opt/microchip/mplabc32/v2.02/bin/../lib/gcc/pic32mx/4.5.1/speed/libgcc.a(_divdi3.o)
 .debug_info    0x0000341a      0x7c9 /opt/microchip/mplabc32/v2.02/bin/../lib/gcc/pic32mx/4.5.1/speed/libgcc.a(_umoddi3.o)

.debug_abbrev   0x00000000      0xb5c
 *(.debug_abbrev)
 .debug_abbrev  0x00000000      0x13d /opt/microchip/mplabc32/v2.02/bin/../lib/gcc/pic32mx/4.5.1/speed/libgcc.a(_udivdi3.o)
 .debug_abbrev  0x0000013d       0x61 /opt/microchip/mplabc32/v2.02/bin/../lib/gcc/pic32mx/4.5.1/speed/libgcc.a(floatunsisf.o)
 .debug_abbrev  0x0000019e       0x25 /opt/microchip/mplabc32/v2.02/bin/../lib/gcc/pic32mx/4.5.1/../../../../pic32mx/lib/speed/libm.a(w_log10.o)
 .debug_abbrev  0x000001c3        0x1 /opt/microchip/mplabc32/v2.02/bin/../lib/gcc/pic32mx/4.5.1/../../../../pic32mx/lib/speed/libm.a(s_lib_ver.o)
 .debug_abbrev  0x000001c4       0x32 /opt/microchip/mplabc32/v2.02/bin/../lib/gcc/pic32mx/4.5.1/../../../../pic32mx/lib/speed/libe.a(_strtod.o)
 .debug_abbrev  0x000001f6       0x32 /opt/microchip/mplabc32/v2.02/bin/../lib/gcc/pic32mx/4.5.1/../../../../pic32mx/lib/speed/libe.a(_strtof.o)
 .debug_abbrev  0x00000228       0x32 /opt/microchip/mplabc32/v2.02/bin/../lib/gcc/pic32mx/4.5.1/../../../../pic32mx/lib/speed/libe.a(_ldexp.o)
 .debug_abbrev  0x0000025a       0x32 /opt/microchip/mplabc32/v2.02/bin/../lib/gcc/pic32mx/4.5.1/../../../../pic32mx/lib/speed/libe.a(_ldexpf.o)
 .debug_abbrev  0x0000028c       0x25 /opt/microchip/mplabc32/v2.02/bin/../lib/gcc/pic32mx/4.5.1/../../../../pic32mx/lib/speed/libmchp_peripheral.a(read_core_timer_lib.o)
 .debug_abbrev  0x000002b1       0x58 /opt/microchip/mplabc32/v2.02/bin/../lib/gcc/pic32mx/4.5.1/../../../../pic32mx/lib/speed/libmchp_peripheral_32MX795F512L.a(eth_ack_packet_lib.o)
 .debug_abbrev  0x00000309       0x34 /opt/microchip/mplabc32/v2.02/bin/../lib/gcc/pic32mx/4.5.1/../../../../pic32mx/lib/speed/libmchp_peripheral_32MX795F512L.a(eth_descriptors_add_lib.o)
 .debug_abbrev  0x0000033d       0x34 /opt/microchip/mplabc32/v2.02/bin/../lib/gcc/pic32mx/4.5.1/../../../../pic32mx/lib/speed/libmchp_peripheral_32MX795F512L.a(eth_init_lib.o)
 .debug_abbrev  0x00000371       0x25 /opt/microchip/mplabc32/v2.02/bin/../lib/gcc/pic32mx/4.5.1/../../../../pic32mx/lib/speed/libmchp_peripheral_32MX795F512L.a(eth_mac_open_lib.o)
 .debug_abbrev  0x00000396       0x25 /opt/microchip/mplabc32/v2.02/bin/../lib/gcc/pic32mx/4.5.1/../../../../pic32mx/lib/speed/libmchp_peripheral_32MX795F512L.a(eth_mac_set_address_max_lib.o)
 .debug_abbrev  0x000003bb       0x34 /opt/microchip/mplabc32/v2.02/bin/../lib/gcc/pic32mx/4.5.1/../../../../pic32mx/lib/speed/libmchp_peripheral_32MX795F512L.a(eth_rx_buffers_append_lib.o)
 .debug_abbrev  0x000003ef       0x25 /opt/microchip/mplabc32/v2.02/bin/../lib/gcc/pic32mx/4.5.1/../../../../pic32mx/lib/speed/libmchp_peripheral_32MX795F512L.a(eth_rx_filters_lib.o)
 .debug_abbrev  0x00000414       0x25 /opt/microchip/mplabc32/v2.02/bin/../lib/gcc/pic32mx/4.5.1/../../../../pic32mx/lib/speed/libmchp_peripheral_32MX795F512L.a(eth_rx_get_packet_lib.o)
 .debug_abbrev  0x00000439       0x25 /opt/microchip/mplabc32/v2.02/bin/../lib/gcc/pic32mx/4.5.1/../../../../pic32mx/lib/speed/libmchp_peripheral_32MX795F512L.a(eth_rx_set_buffer_size_lib.o)
 .debug_abbrev  0x0000045e       0x5d /opt/microchip/mplabc32/v2.02/bin/../lib/gcc/pic32mx/4.5.1/../../../../pic32mx/lib/speed/libmchp_peripheral_32MX795F512L.a(eth_tx_packet_lib.o)
 .debug_abbrev  0x000004bb       0x34 /opt/microchip/mplabc32/v2.02/bin/../lib/gcc/pic32mx/4.5.1/../../../../pic32mx/lib/speed/libmchp_peripheral_32MX795F512L.a(_eth_append_busy_list_lib.o)
 .debug_abbrev  0x000004ef       0x38 /opt/microchip/mplabc32/v2.02/bin/../lib/gcc/pic32mx/4.5.1/../../../../pic32mx/lib/speed/libmchp_peripheral_32MX795F512L.a(eth_miim_access.o)
 .debug_abbrev  0x00000527       0x34 /opt/microchip/mplabc32/v2.02/bin/../lib/gcc/pic32mx/4.5.1/../../../../pic32mx/lib/speed/libmchp_peripheral_32MX795F512L.a(soft_reset_lib.o)
 .debug_abbrev  0x0000055b       0x25 /opt/microchip/mplabc32/v2.02/bin/../lib/gcc/pic32mx/4.5.1/../../../../pic32mx/lib/speed/libmchp_peripheral_32MX795F512L.a(pcache.o)
 .debug_abbrev  0x00000580       0x25 /opt/microchip/mplabc32/v2.02/bin/../lib/gcc/pic32mx/4.5.1/../../../../pic32mx/lib/speed/libmchp_peripheral_32MX795F512L.a(int_disable_interrupts_lib.o)
 .debug_abbrev  0x000005a5       0x25 /opt/microchip/mplabc32/v2.02/bin/../lib/gcc/pic32mx/4.5.1/../../../../pic32mx/lib/speed/libmchp_peripheral_32MX795F512L.a(int_restore_interrupts_lib.o)
 .debug_abbrev  0x000005ca       0x25 /opt/microchip/mplabc32/v2.02/bin/../lib/gcc/pic32mx/4.5.1/../../../../pic32mx/lib/speed/libmchp_peripheral_32MX795F512L.a(int_enable_mv_int_lib.o)
 .debug_abbrev  0x000005ef       0x25 /opt/microchip/mplabc32/v2.02/bin/../lib/gcc/pic32mx/4.5.1/../../../../pic32mx/lib/speed/libmchp_peripheral_32MX795F512L.a(int_tbl_lib.o)
 .debug_abbrev  0x00000614       0x25 /opt/microchip/mplabc32/v2.02/bin/../lib/gcc/pic32mx/4.5.1/../../../../pic32mx/lib/speed/libmchp_peripheral_32MX795F512L.a(port_set_pins_digital_in_lib.o)
 .debug_abbrev  0x00000639       0x25 /opt/microchip/mplabc32/v2.02/bin/../lib/gcc/pic32mx/4.5.1/../../../../pic32mx/lib/speed/libmchp_peripheral_32MX795F512L.a(port_set_pins_digital_out_lib.o)
 .debug_abbrev  0x0000065e        0x1 /opt/microchip/mplabc32/v2.02/bin/../lib/gcc/pic32mx/4.5.1/../../../../pic32mx/lib/speed/libmchp_peripheral_32MX795F512L.a(_ports_tbl_libp.o)
 .debug_abbrev  0x0000065f       0x38 /opt/microchip/mplabc32/v2.02/bin/../lib/gcc/pic32mx/4.5.1/../../../../pic32mx/lib/speed/libmchp_peripheral_32MX795F512L.a(uart_lib.o)
 .debug_abbrev  0x00000697       0x25 /opt/microchip/mplabc32/v2.02/bin/../lib/gcc/pic32mx/4.5.1/../../../../pic32mx/lib/speed/libmchp_peripheral_32MX795F512L.a(int_enable_interrupts_lib.o)
 .debug_abbrev  0x000006bc       0x32 /opt/microchip/mplabc32/v2.02/bin/../lib/gcc/pic32mx/4.5.1/../../../../pic32mx/lib/speed/libe.a(_unorddf2.o)
 .debug_abbrev  0x000006ee       0xe3 /opt/microchip/mplabc32/v2.02/bin/../lib/gcc/pic32mx/4.5.1/speed/libgcc.a(_lshrdi3.o)
 .debug_abbrev  0x000007d1       0xe3 /opt/microchip/mplabc32/v2.02/bin/../lib/gcc/pic32mx/4.5.1/speed/libgcc.a(_ashldi3.o)
 .debug_abbrev  0x000008b4      0x14c /opt/microchip/mplabc32/v2.02/bin/../lib/gcc/pic32mx/4.5.1/speed/libgcc.a(_divdi3.o)
 .debug_abbrev  0x00000a00      0x15c /opt/microchip/mplabc32/v2.02/bin/../lib/gcc/pic32mx/4.5.1/speed/libgcc.a(_umoddi3.o)

.debug_line     0x00000000     0x138d
 *(.debug_line)
 .debug_line    0x00000000      0x118 /opt/microchip/mplabc32/v2.02/bin/../lib/gcc/pic32mx/4.5.1/speed/libgcc.a(_udivdi3.o)
 .debug_line    0x00000118       0x70 /opt/microchip/mplabc32/v2.02/bin/../lib/gcc/pic32mx/4.5.1/speed/libgcc.a(floatunsisf.o)
 .debug_line    0x00000188       0x92 /opt/microchip/mplabc32/v2.02/bin/../lib/gcc/pic32mx/4.5.1/../../../../pic32mx/lib/speed/libm.a(w_log10.o)
 .debug_line    0x0000021a        0x0 /opt/microchip/mplabc32/v2.02/bin/../lib/gcc/pic32mx/4.5.1/../../../../pic32mx/lib/speed/libm.a(s_lib_ver.o)
 .debug_line    0x0000021a       0x93 /opt/microchip/mplabc32/v2.02/bin/../lib/gcc/pic32mx/4.5.1/../../../../pic32mx/lib/speed/libe.a(_strtod.o)
 .debug_line    0x000002ad       0x93 /opt/microchip/mplabc32/v2.02/bin/../lib/gcc/pic32mx/4.5.1/../../../../pic32mx/lib/speed/libe.a(_strtof.o)
 .debug_line    0x00000340       0xa6 /opt/microchip/mplabc32/v2.02/bin/../lib/gcc/pic32mx/4.5.1/../../../../pic32mx/lib/speed/libe.a(_ldexp.o)
 .debug_line    0x000003e6       0xa6 /opt/microchip/mplabc32/v2.02/bin/../lib/gcc/pic32mx/4.5.1/../../../../pic32mx/lib/speed/libe.a(_ldexpf.o)
 .debug_line    0x0000048c       0x6e /opt/microchip/mplabc32/v2.02/bin/../lib/gcc/pic32mx/4.5.1/../../../../pic32mx/lib/speed/libmchp_peripheral.a(read_core_timer_lib.o)
 .debug_line    0x000004fa       0x80 /opt/microchip/mplabc32/v2.02/bin/../lib/gcc/pic32mx/4.5.1/../../../../pic32mx/lib/speed/libmchp_peripheral_32MX795F512L.a(eth_ack_packet_lib.o)
 .debug_line    0x0000057a       0x85 /opt/microchip/mplabc32/v2.02/bin/../lib/gcc/pic32mx/4.5.1/../../../../pic32mx/lib/speed/libmchp_peripheral_32MX795F512L.a(eth_descriptors_add_lib.o)
 .debug_line    0x000005ff       0x77 /opt/microchip/mplabc32/v2.02/bin/../lib/gcc/pic32mx/4.5.1/../../../../pic32mx/lib/speed/libmchp_peripheral_32MX795F512L.a(eth_init_lib.o)
 .debug_line    0x00000676       0x69 /opt/microchip/mplabc32/v2.02/bin/../lib/gcc/pic32mx/4.5.1/../../../../pic32mx/lib/speed/libmchp_peripheral_32MX795F512L.a(eth_mac_open_lib.o)
 .debug_line    0x000006df       0x74 /opt/microchip/mplabc32/v2.02/bin/../lib/gcc/pic32mx/4.5.1/../../../../pic32mx/lib/speed/libmchp_peripheral_32MX795F512L.a(eth_mac_set_address_max_lib.o)
 .debug_line    0x00000753       0x87 /opt/microchip/mplabc32/v2.02/bin/../lib/gcc/pic32mx/4.5.1/../../../../pic32mx/lib/speed/libmchp_peripheral_32MX795F512L.a(eth_rx_buffers_append_lib.o)
 .debug_line    0x000007da       0x6b /opt/microchip/mplabc32/v2.02/bin/../lib/gcc/pic32mx/4.5.1/../../../../pic32mx/lib/speed/libmchp_peripheral_32MX795F512L.a(eth_rx_filters_lib.o)
 .debug_line    0x00000845       0x6e /opt/microchip/mplabc32/v2.02/bin/../lib/gcc/pic32mx/4.5.1/../../../../pic32mx/lib/speed/libmchp_peripheral_32MX795F512L.a(eth_rx_get_packet_lib.o)
 .debug_line    0x000008b3       0x73 /opt/microchip/mplabc32/v2.02/bin/../lib/gcc/pic32mx/4.5.1/../../../../pic32mx/lib/speed/libmchp_peripheral_32MX795F512L.a(eth_rx_set_buffer_size_lib.o)
 .debug_line    0x00000926       0x7f /opt/microchip/mplabc32/v2.02/bin/../lib/gcc/pic32mx/4.5.1/../../../../pic32mx/lib/speed/libmchp_peripheral_32MX795F512L.a(eth_tx_packet_lib.o)
 .debug_line    0x000009a5       0x87 /opt/microchip/mplabc32/v2.02/bin/../lib/gcc/pic32mx/4.5.1/../../../../pic32mx/lib/speed/libmchp_peripheral_32MX795F512L.a(_eth_append_busy_list_lib.o)
 .debug_line    0x00000a2c       0x68 /opt/microchip/mplabc32/v2.02/bin/../lib/gcc/pic32mx/4.5.1/../../../../pic32mx/lib/speed/libmchp_peripheral_32MX795F512L.a(eth_miim_access.o)
 .debug_line    0x00000a94       0xbf /opt/microchip/mplabc32/v2.02/bin/../lib/gcc/pic32mx/4.5.1/../../../../pic32mx/lib/speed/libmchp_peripheral_32MX795F512L.a(soft_reset_lib.o)
 .debug_line    0x00000b53       0x62 /opt/microchip/mplabc32/v2.02/bin/../lib/gcc/pic32mx/4.5.1/../../../../pic32mx/lib/speed/libmchp_peripheral_32MX795F512L.a(pcache.o)
 .debug_line    0x00000bb5       0x73 /opt/microchip/mplabc32/v2.02/bin/../lib/gcc/pic32mx/4.5.1/../../../../pic32mx/lib/speed/libmchp_peripheral_32MX795F512L.a(int_disable_interrupts_lib.o)
 .debug_line    0x00000c28       0x73 /opt/microchip/mplabc32/v2.02/bin/../lib/gcc/pic32mx/4.5.1/../../../../pic32mx/lib/speed/libmchp_peripheral_32MX795F512L.a(int_restore_interrupts_lib.o)
 .debug_line    0x00000c9b       0x6e /opt/microchip/mplabc32/v2.02/bin/../lib/gcc/pic32mx/4.5.1/../../../../pic32mx/lib/speed/libmchp_peripheral_32MX795F512L.a(int_enable_mv_int_lib.o)
 .debug_line    0x00000d09       0x64 /opt/microchip/mplabc32/v2.02/bin/../lib/gcc/pic32mx/4.5.1/../../../../pic32mx/lib/speed/libmchp_peripheral_32MX795F512L.a(int_tbl_lib.o)
 .debug_line    0x00000d6d       0x77 /opt/microchip/mplabc32/v2.02/bin/../lib/gcc/pic32mx/4.5.1/../../../../pic32mx/lib/speed/libmchp_peripheral_32MX795F512L.a(port_set_pins_digital_in_lib.o)
 .debug_line    0x00000de4       0x78 /opt/microchip/mplabc32/v2.02/bin/../lib/gcc/pic32mx/4.5.1/../../../../pic32mx/lib/speed/libmchp_peripheral_32MX795F512L.a(port_set_pins_digital_out_lib.o)
 .debug_line    0x00000e5c        0x0 /opt/microchip/mplabc32/v2.02/bin/../lib/gcc/pic32mx/4.5.1/../../../../pic32mx/lib/speed/libmchp_peripheral_32MX795F512L.a(_ports_tbl_libp.o)
 .debug_line    0x00000e5c       0x62 /opt/microchip/mplabc32/v2.02/bin/../lib/gcc/pic32mx/4.5.1/../../../../pic32mx/lib/speed/libmchp_peripheral_32MX795F512L.a(uart_lib.o)
 .debug_line    0x00000ebe       0x72 /opt/microchip/mplabc32/v2.02/bin/../lib/gcc/pic32mx/4.5.1/../../../../pic32mx/lib/speed/libmchp_peripheral_32MX795F512L.a(int_enable_interrupts_lib.o)
 .debug_line    0x00000f30       0x92 /opt/microchip/mplabc32/v2.02/bin/../lib/gcc/pic32mx/4.5.1/../../../../pic32mx/lib/speed/libe.a(_unorddf2.o)
 .debug_line    0x00000fc2       0xbe /opt/microchip/mplabc32/v2.02/bin/../lib/gcc/pic32mx/4.5.1/speed/libgcc.a(_lshrdi3.o)
 .debug_line    0x00001080       0xc0 /opt/microchip/mplabc32/v2.02/bin/../lib/gcc/pic32mx/4.5.1/speed/libgcc.a(_ashldi3.o)
 .debug_line    0x00001140      0x11f /opt/microchip/mplabc32/v2.02/bin/../lib/gcc/pic32mx/4.5.1/speed/libgcc.a(_divdi3.o)
 .debug_line    0x0000125f      0x12e /opt/microchip/mplabc32/v2.02/bin/../lib/gcc/pic32mx/4.5.1/speed/libgcc.a(_umoddi3.o)

.debug_frame    0x00000000      0x774
 *(.debug_frame)
 .debug_frame   0x00000000       0x28 /opt/microchip/mplabc32/v2.02/bin/../lib/gcc/pic32mx/4.5.1/speed/libgcc.a(floatunsisf.o)
 .debug_frame   0x00000028       0x2c /opt/microchip/mplabc32/v2.02/bin/../lib/gcc/pic32mx/4.5.1/../../../../pic32mx/lib/speed/libm.a(w_log10.o)
 .debug_frame   0x00000054       0x38 /opt/microchip/mplabc32/v2.02/bin/../lib/gcc/pic32mx/4.5.1/../../../../pic32mx/lib/speed/libe.a(_strtod.o)
 .debug_frame   0x0000008c       0x38 /opt/microchip/mplabc32/v2.02/bin/../lib/gcc/pic32mx/4.5.1/../../../../pic32mx/lib/speed/libe.a(_strtof.o)
 .debug_frame   0x000000c4       0x34 /opt/microchip/mplabc32/v2.02/bin/../lib/gcc/pic32mx/4.5.1/../../../../pic32mx/lib/speed/libe.a(_ldexp.o)
 .debug_frame   0x000000f8       0x20 /opt/microchip/mplabc32/v2.02/bin/../lib/gcc/pic32mx/4.5.1/../../../../pic32mx/lib/speed/libe.a(_ldexpf.o)
 .debug_frame   0x00000118       0x20 /opt/microchip/mplabc32/v2.02/bin/../lib/gcc/pic32mx/4.5.1/../../../../pic32mx/lib/speed/libmchp_peripheral.a(read_core_timer_lib.o)
 .debug_frame   0x00000138       0xb8 /opt/microchip/mplabc32/v2.02/bin/../lib/gcc/pic32mx/4.5.1/../../../../pic32mx/lib/speed/libmchp_peripheral_32MX795F512L.a(eth_ack_packet_lib.o)
 .debug_frame   0x000001f0       0x54 /opt/microchip/mplabc32/v2.02/bin/../lib/gcc/pic32mx/4.5.1/../../../../pic32mx/lib/speed/libmchp_peripheral_32MX795F512L.a(eth_descriptors_add_lib.o)
 .debug_frame   0x00000244       0x28 /opt/microchip/mplabc32/v2.02/bin/../lib/gcc/pic32mx/4.5.1/../../../../pic32mx/lib/speed/libmchp_peripheral_32MX795F512L.a(eth_init_lib.o)
 .debug_frame   0x0000026c       0x20 /opt/microchip/mplabc32/v2.02/bin/../lib/gcc/pic32mx/4.5.1/../../../../pic32mx/lib/speed/libmchp_peripheral_32MX795F512L.a(eth_mac_open_lib.o)
 .debug_frame   0x0000028c       0x50 /opt/microchip/mplabc32/v2.02/bin/../lib/gcc/pic32mx/4.5.1/../../../../pic32mx/lib/speed/libmchp_peripheral_32MX795F512L.a(eth_mac_set_address_max_lib.o)
 .debug_frame   0x000002dc       0x2c /opt/microchip/mplabc32/v2.02/bin/../lib/gcc/pic32mx/4.5.1/../../../../pic32mx/lib/speed/libmchp_peripheral_32MX795F512L.a(eth_rx_buffers_append_lib.o)
 .debug_frame   0x00000308       0x70 /opt/microchip/mplabc32/v2.02/bin/../lib/gcc/pic32mx/4.5.1/../../../../pic32mx/lib/speed/libmchp_peripheral_32MX795F512L.a(eth_rx_filters_lib.o)
 .debug_frame   0x00000378       0x3c /opt/microchip/mplabc32/v2.02/bin/../lib/gcc/pic32mx/4.5.1/../../../../pic32mx/lib/speed/libmchp_peripheral_32MX795F512L.a(eth_rx_get_packet_lib.o)
 .debug_frame   0x000003b4       0x20 /opt/microchip/mplabc32/v2.02/bin/../lib/gcc/pic32mx/4.5.1/../../../../pic32mx/lib/speed/libmchp_peripheral_32MX795F512L.a(eth_rx_set_buffer_size_lib.o)
 .debug_frame   0x000003d4       0x60 /opt/microchip/mplabc32/v2.02/bin/../lib/gcc/pic32mx/4.5.1/../../../../pic32mx/lib/speed/libmchp_peripheral_32MX795F512L.a(eth_tx_packet_lib.o)
 .debug_frame   0x00000434       0x20 /opt/microchip/mplabc32/v2.02/bin/../lib/gcc/pic32mx/4.5.1/../../../../pic32mx/lib/speed/libmchp_peripheral_32MX795F512L.a(_eth_append_busy_list_lib.o)
 .debug_frame   0x00000454       0x70 /opt/microchip/mplabc32/v2.02/bin/../lib/gcc/pic32mx/4.5.1/../../../../pic32mx/lib/speed/libmchp_peripheral_32MX795F512L.a(eth_miim_access.o)
 .debug_frame   0x000004c4       0x28 /opt/microchip/mplabc32/v2.02/bin/../lib/gcc/pic32mx/4.5.1/../../../../pic32mx/lib/speed/libmchp_peripheral_32MX795F512L.a(soft_reset_lib.o)