MPLINK 4.48, Linker
Linker Map File - Created Wed Feb 05 13:00:59 2014

                                 Section Info
                  Section       Type    Address   Location Size(Bytes)
                ---------  ---------  ---------  ---------  ---------
               _entry_scn       code   0x000000    program   0x000006
       .code__user_putc.o       code   0x000006    program   0x000002
           tick_interrupt       code   0x000008    program   0x000006
          .code_adcbusy.o       code   0x00000e    program   0x00000a
           work_interrupt       code   0x000018    program   0x000006
                   .cinit    romdata   0x00001e    program   0x0000aa
          .code_swm8722.o       code   0x0000c8    program   0x00730c
            .code_power.o       code   0x0073d4    program   0x005734
      .code_mbmc_vector.o       code   0x00cb08    program   0x00450c
             .stringtable    romdata   0x011014    program   0x001bb6
              .code_daq.o       code   0x012bca    program   0x00195a
       .romdata_swm8722.o    romdata   0x014524    program   0x00155d
        .idata_u1open.o_i    romdata   0x015a81    program   0x000000
       .romdata_adcbusy.o    romdata   0x015a81    program   0x000000
       .idata_adcbusy.o_i    romdata   0x015a81    program   0x000000
      .idata_PackMath.o_i    romdata   0x015a81    program   0x000000
      .romdata_PackMath.o    romdata   0x015a81    program   0x000000
   .romdata_mbmc_vector.o    romdata   0x015a81    program   0x000000
         .idata_errno.o_i    romdata   0x015a81    program   0x000000
         .romdata_power.o    romdata   0x015a81    program   0x000000
         .romdata_ldexp.o    romdata   0x015a81    program   0x000000
         .idata_ldexp.o_i    romdata   0x015a81    program   0x000000
         .romdata_errno.o    romdata   0x015a81    program   0x000000
          .idata_fabs.o_i    romdata   0x015a81    program   0x000000
          .romdata_fabs.o    romdata   0x015a81    program   0x000000
          .romdata_crit.o    romdata   0x015a81    program   0x000000
         .idata_frexp.o_i    romdata   0x015a81    program   0x000000
         .romdata_frexp.o    romdata   0x015a81    program   0x000000
      .idata_writdata.o_i    romdata   0x015a81    program   0x000000
      .romdata_wcmdxlcd.o    romdata   0x015a81    program   0x000000
        .romdata_u2defs.o    romdata   0x015a81    program   0x000000
        .idata_u2defs.o_i    romdata   0x015a81    program   0x000000
       .romdata_write_B.o    romdata   0x015a81    program   0x000000
      .idata_pw4setdc.o_i    romdata   0x015a81    program   0x000000
      .romdata_adcsetch.o    romdata   0x015a81    program   0x000000
      .idata_adcsetch.o_i    romdata   0x015a81    program   0x000000
        .romdata_read_B.o    romdata   0x015a81    program   0x000000
        .idata___init.o_i    romdata   0x015a81    program   0x000000
        .romdata___init.o    romdata   0x015a81    program   0x000000
        .romdata_u2read.o    romdata   0x015a81    program   0x000000
        .idata_u2read.o_i    romdata   0x015a81    program   0x000000
        .romdata_t4open.o    romdata   0x015a81    program   0x000000
        .idata_t4open.o_i    romdata   0x015a81    program   0x000000
        .romdata_t3open.o    romdata   0x015a81    program   0x000000
        .idata_t3open.o_i    romdata   0x015a81    program   0x000000
        .romdata_t0open.o    romdata   0x015a81    program   0x000000
        .idata_t0open.o_i    romdata   0x015a81    program   0x000000
      .romdata_spi1open.o    romdata   0x015a81    program   0x000000
      .idata_spi1open.o_i    romdata   0x015a81    program   0x000000
       .romdata_pw4open.o    romdata   0x015a81    program   0x000000
       .romdata_adcopen.o    romdata   0x015a81    program   0x000000
       .idata_adcopen.o_i    romdata   0x015a81    program   0x000000
        .romdata_u1open.o    romdata   0x015a81    program   0x000000
     .idata_crc8_fast.o_i    romdata   0x015a81    program   0x000000
      .romdata_setcgram.o    romdata   0x015a81    program   0x000000
      .idata_setcgram.o_i    romdata   0x015a81    program   0x000000
       .idata_u2putrs.o_i    romdata   0x015a81    program   0x000000
       .romdata_u2putrs.o    romdata   0x015a81    program   0x000000
      .idata_busyxlcd.o_i    romdata   0x015a81    program   0x000000
      .romdata_busyxlcd.o    romdata   0x015a81    program   0x000000
      .romdata_readdata.o    romdata   0x015a81    program   0x000000
      .idata_vfprintf.o_i    romdata   0x015a81    program   0x000000
      .idata_openxlcd.o_i    romdata   0x015a81    program   0x000000
      .romdata_openxlcd.o    romdata   0x015a81    program   0x000000
      .romdata_putrxlcd.o    romdata   0x015a81    program   0x000000
      .idata_putsxlcd.o_i    romdata   0x015a81    program   0x000000
          .idata_putc.o_i    romdata   0x015a81    program   0x000000
      .idata_readaddr.o_i    romdata   0x015a81    program   0x000000
            .code_sdspi.o       code   0x015a82    program   0x000d5e
         .code_c018iz_e.o       code   0x015a82    program   0x000000
           .code_u1defs.o       code   0x015a82    program   0x000000
                     PROG       code   0x0167e0    program   0x000b9a
          .code_timelib.o       code   0x01737a    program   0x00097e
         .code_vfprintf.o       code   0x017cf8    program   0x000816
              .code_pow.o       code   0x01850e    program   0x000690
            .code_model.o       code   0x018b9e    program   0x0004f0
              .code_exp.o       code   0x01908e    program   0x00033e
     .romdata_crc8_fast.o    romdata   0x0193cc    program   0x000300
              .code_log.o       code   0x0196cc    program   0x0002b4
                   STRING       code   0x019980    program   0x000248
             .code_crit.o       code   0x019bc8    program   0x000220
           .code_hwconf.o       code   0x019de8    program   0x0001da
            .code_fchop.o       code   0x019fc2    program   0x0001d6
        .code_crc8_fast.o       code   0x01a198    program   0x0001b6
                   STDLIB       code   0x01a34e    program   0x000174
         .code_PackMath.o       code   0x01a4c2    program   0x000116
         .code_UnpkMath.o       code   0x01a5d8    program   0x0000e6
            .code_ldexp.o       code   0x01a6be    program   0x0000bc
            .code_frexp.o       code   0x01a77a    program   0x0000b4
               _cinit_scn       code   0x01a82e    program   0x00009e
         .code_openxlcd.o       code   0x01a8cc    program   0x00009a
           .code_u2open.o       code   0x01a966    program   0x000084
           .code_u1open.o       code   0x01a9ea    program   0x00007a
          .code_sprintf.o       code   0x01aa64    program   0x000072
             .code_putc.o       code   0x01aad6    program   0x000066
          .code_write_B.o       code   0x01ab3c    program   0x000064
          .code_adcopen.o       code   0x01aba0    program   0x000064
         .code_spi1open.o       code   0x01ac04    program   0x00005e
          .code_u2putrs.o       code   0x01ac62    program   0x00005c
             .code_fabs.o       code   0x01acbe    program   0x000050
         .code_putrxlcd.o       code   0x01ad0e    program   0x00004e
         .code_pw4setdc.o       code   0x01ad5c    program   0x00004c
         .code_setddram.o       code   0x01ada8    program   0x000048
         .code_setcgram.o       code   0x01adf0    program   0x000048
           .code_u2puts.o       code   0x01ae38    program   0x000046
         .code_writdata.o       code   0x01ae7e    program   0x000044
         .code_wcmdxlcd.o       code   0x01aec2    program   0x000044
         .code_readdata.o       code   0x01af06    program   0x000044
         .code_readaddr.o       code   0x01af4a    program   0x000044
           .code_read_B.o       code   0x01af8e    program   0x000042
          .code_pw4open.o       code   0x01afd0    program   0x000042
           .code_t3open.o       code   0x01b012    program   0x000040
         .code_putsxlcd.o       code   0x01b052    program   0x000040
           .code_u2read.o       code   0x01b092    program   0x00003e
           .code_u1read.o       code   0x01b0d0    program   0x00003e
       .romdata_timelib.o    romdata   0x01b10e    program   0x00003c
             D10KTCYXCODE       code   0x01b14a    program   0x000036
           .code_t0open.o       code   0x01b180    program   0x000036
           .code_t4open.o       code   0x01b1b6    program   0x000034
          .code_t3write.o       code   0x01b1ea    program   0x000030
          .code_t0write.o       code   0x01b21a    program   0x000030
         .code_adcsetch.o       code   0x01b24a    program   0x000030
          .code_u2write.o       code   0x01b27a    program   0x00002e
         .code_busyxlcd.o       code   0x01b2a8    program   0x00002c
                    CTYPE       code   0x01b2d4    program   0x000024
                    .code       code   0x01b2f8    program   0x000020
             _startup_scn       code   0x01b318    program   0x00001e
                    STDIO       code   0x01b336    program   0x00001c
          .code_adcread.o       code   0x01b352    program   0x000018
              D10TCYXCODE       code   0x01b36a    program   0x000016
      .romdata_vfprintf.o    romdata   0x01b380    program   0x000011
           .romdata_pow.o    romdata   0x01b391    program   0x000000
       .idata_t3write.o_i    romdata   0x01b391    program   0x000000
       .romdata_t3write.o    romdata   0x01b391    program   0x000000
      .idata_UnpkMath.o_i    romdata   0x01b391    program   0x000000
      .romdata_UnpkMath.o    romdata   0x01b391    program   0x000000
           .idata_pow.o_i    romdata   0x01b391    program   0x000000
       .idata_write_B.o_i    romdata   0x01b391    program   0x000000
         .idata_fchop.o_i    romdata   0x01b391    program   0x000000
        .idata_u2puts.o_i    romdata   0x01b391    program   0x000000
        .romdata_u2puts.o    romdata   0x01b391    program   0x000000
    .romdata__user_putc.o    romdata   0x01b391    program   0x000000
         .romdata_fchop.o    romdata   0x01b391    program   0x000000
    .idata__user_putc.o_i    romdata   0x01b391    program   0x000000
       .idata_sprintf.o_i    romdata   0x01b391    program   0x000000
           .idata_log.o_i    romdata   0x01b391    program   0x000000
       .romdata_sprintf.o    romdata   0x01b391    program   0x000000
          .romdata_putc.o    romdata   0x01b391    program   0x000000
           .romdata_exp.o    romdata   0x01b391    program   0x000000
           .idata_exp.o_i    romdata   0x01b391    program   0x000000
           .romdata_log.o    romdata   0x01b391    program   0x000000
       .idata_adcconv.o_i    romdata   0x01b391    program   0x000000
      .romdata_busy_eep.o    romdata   0x01b391    program   0x000000
      .idata_busy_eep.o_i    romdata   0x01b391    program   0x000000
           .romdata_daq.o    romdata   0x01b391    program   0x000000
           .idata_daq.o_i    romdata   0x01b391    program   0x000000
         .romdata_model.o    romdata   0x01b391    program   0x000000
        .romdata_hwconf.o    romdata   0x01b391    program   0x000000
        .idata_hwconf.o_i    romdata   0x01b391    program   0x000000
         .romdata_sdspi.o    romdata   0x01b391    program   0x000000
      .romdata_writdata.o    romdata   0x01b391    program   0x000000
      .idata_wcmdxlcd.o_i    romdata   0x01b391    program   0x000000
      .romdata_setddram.o    romdata   0x01b391    program   0x000000
      .idata_setddram.o_i    romdata   0x01b391    program   0x000000
      .idata_readdata.o_i    romdata   0x01b391    program   0x000000
      .romdata_readaddr.o    romdata   0x01b391    program   0x000000
      .romdata_putsxlcd.o    romdata   0x01b391    program   0x000000
      .idata_putrxlcd.o_i    romdata   0x01b391    program   0x000000
      .romdata_c018iz_e.o    romdata   0x01b391    program   0x000000
      .idata_c018iz_e.o_i    romdata   0x01b391    program   0x000000
       .romdata_t0write.o    romdata   0x01b391    program   0x000000
       .idata_t0write.o_i    romdata   0x01b391    program   0x000000
       .romdata_u2write.o    romdata   0x01b391    program   0x000000
       .idata_u2write.o_i    romdata   0x01b391    program   0x000000
        .romdata_u1defs.o    romdata   0x01b391    program   0x000000
        .idata_u1defs.o_i    romdata   0x01b391    program   0x000000
      .romdata_pw4setdc.o    romdata   0x01b391    program   0x000000
        .idata_read_B.o_i    romdata   0x01b391    program   0x000000
       .romdata_adcread.o    romdata   0x01b391    program   0x000000
       .idata_adcread.o_i    romdata   0x01b391    program   0x000000
        .romdata_u1read.o    romdata   0x01b391    program   0x000000
        .idata_u2open.o_i    romdata   0x01b391    program   0x000000
        .romdata_u2open.o    romdata   0x01b391    program   0x000000
       .idata_pw4open.o_i    romdata   0x01b391    program   0x000000
        .idata_u1read.o_i    romdata   0x01b391    program   0x000000
       .romdata_adcconv.o    romdata   0x01b391    program   0x000000
            .code_errno.o       code   0x01b392    program   0x000000
         .code_busy_eep.o       code   0x01b392    program   0x000006
           .code_u2defs.o       code   0x01b392    program   0x000000
          .code_adcconv.o       code   0x01b398    program   0x000004
           .code___init.o       code   0x01b39c    program   0x000002
                   gpr4_i    romdata   0x01b39e    program   0x000100
                   gpr3_i    romdata   0x01b49e    program   0x000096
                  gpr15_i    romdata   0x01b534    program   0x0000b8
                  gpr13_i    romdata   0x01b5ec    program   0x00007c
                   gpr0_i    romdata   0x01b668    program   0x0000ee
                bigdata_i    romdata   0x01b756    program   0x000842
              SEED_DATA_i    romdata   0x01bf98    program   0x000002
       .idata_timelib.o_i    romdata   0x01bf9a    program   0x000039
       .idata_swm8722.o_i    romdata   0x01bfd3    program   0x000091
         .idata_sdspi.o_i    romdata   0x01c064    program   0x000004
         .idata_power.o_i    romdata   0x01c068    program   0x00004a
         .idata_model.o_i    romdata   0x01c0b2    program   0x000003
   .idata_mbmc_vector.o_i    romdata   0x01c0b5    program   0x000010
          .idata_crit.o_i    romdata   0x01c0c5    program   0x000002
 .config_300001_swm8722.o    romdata   0x300001    program   0x000001
 .config_300002_swm8722.o    romdata   0x300002    program   0x000001
 .config_300003_swm8722.o    romdata   0x300003    program   0x000001
 .config_300004_swm8722.o    romdata   0x300004    program   0x000001
 .config_300005_swm8722.o    romdata   0x300005    program   0x000001
 .config_300006_swm8722.o    romdata   0x300006    program   0x000001
 .config_300008_swm8722.o    romdata   0x300008    program   0x000001
 .config_300009_swm8722.o    romdata   0x300009    program   0x000001
 .config_30000a_swm8722.o    romdata   0x30000a    program   0x000001
 .config_30000b_swm8722.o    romdata   0x30000b    program   0x000001
 .config_30000c_swm8722.o    romdata   0x30000c    program   0x000001
 .config_30000d_swm8722.o    romdata   0x30000d    program   0x000001
           .idata_power.o      idata   0x000000       data   0x00004a
                 .tmpdata      udata   0x00004a       data   0x000013
           .idata_model.o      idata   0x00005d       data   0x000003
                     gpr3      idata   0x000060       data   0x000096
        .udata_c018iz_e.o      udata   0x0000f6       data   0x00000a
                     gpr4      idata   0x000100       data   0x000100
                     gpr0      idata   0x000200       data   0x0000ee
     .idata_mbmc_vector.o      idata   0x0002ee       data   0x000010
                SEED_DATA      idata   0x0002fe       data   0x000002
                    gpr15      idata   0x000300       data   0x0000b8
         .udata_swm8722.o      udata   0x0003b8       data   0x000041
         tick_handler_tmp      udata   0x0003f9       data   0x000006
              temp_tblptr      udata   0x0003ff       data   0x000001
                    gpr13      idata   0x000400       data   0x00007c
           .udata_sdspi.o      udata   0x00047c       data   0x00002b
                  bigdata      idata   0x000500       data   0x000842
         .idata_swm8722.o      idata   0x000d50       data   0x000091
     .udata_mbmc_vector.o      udata   0x000de1       data   0x00001f
                   .stack      udata   0x000e00       data   0x000100
         .idata_timelib.o      idata   0x000f00       data   0x000039
           .udata_power.o      udata   0x000f39       data   0x000009
         work_handler_tmp      udata   0x000f42       data   0x000004
                MATH_DATA      udata   0x000f46       data   0x000004
           .idata_sdspi.o      idata   0x000f4a       data   0x000004
           .udata_model.o      udata   0x000f4e       data   0x000002
           .udata_errno.o      udata   0x000f50       data   0x000002
             .udata_daq.o      udata   0x000f52       data   0x000002
            .idata_crit.o      idata   0x000f54       data   0x000002
                DELAYDAT2      udata   0x000f56       data   0x000001
                DELAYDAT1      udata   0x000f57       data   0x000001
          .udata_u2defs.o      udata   0x000f58       data   0x000001
          .udata_u1defs.o      udata   0x000f59       data   0x000001
          .udata_hwconf.o      udata   0x000f5a       data   0x000001
             .udata_pow.o      udata   0x000f5b       data   0x000000
       .idata_crc8_fast.o      idata   0x000f5b       data   0x000000
          .idata___init.o      idata   0x000f5b       data   0x000000
             .idata_pow.o      idata   0x000f5b       data   0x000000
          .udata___init.o      udata   0x000f5b       data   0x000000
        .udata_UnpkMath.o      udata   0x000f5b       data   0x000000
        .idata_UnpkMath.o      idata   0x000f5b       data   0x000000
           .udata_fchop.o      udata   0x000f5b       data   0x000000
         .idata_write_B.o      idata   0x000f5b       data   0x000000
         .udata_write_B.o      udata   0x000f5b       data   0x000000
         .idata_t3write.o      idata   0x000f5b       data   0x000000
         .udata_t3write.o      udata   0x000f5b       data   0x000000
         .idata_t0write.o      idata   0x000f5b       data   0x000000
         .udata_t0write.o      udata   0x000f5b       data   0x000000
         .idata_u2write.o      idata   0x000f5b       data   0x000000
         .udata_u2write.o      udata   0x000f5b       data   0x000000
          .idata_u2defs.o      idata   0x000f5b       data   0x000000
          .idata_u1defs.o      idata   0x000f5b       data   0x000000
        .idata_pw4setdc.o      idata   0x000f5b       data   0x000000
        .udata_pw4setdc.o      udata   0x000f5b       data   0x000000
        .idata_adcsetch.o      idata   0x000f5b       data   0x000000
        .udata_adcsetch.o      udata   0x000f5b       data   0x000000
          .idata_read_B.o      idata   0x000f5b       data   0x000000
        .idata_c018iz_e.o      idata   0x000f5b       data   0x000000
      .idata__user_putc.o      idata   0x000f5b       data   0x000000
      .udata__user_putc.o      udata   0x000f5b       data   0x000000
            .idata_putc.o      idata   0x000f5b       data   0x000000
            .udata_putc.o      udata   0x000f5b       data   0x000000
        .idata_vfprintf.o      idata   0x000f5b       data   0x000000
        .udata_vfprintf.o      udata   0x000f5b       data   0x000000
         .idata_sprintf.o      idata   0x000f5b       data   0x000000
         .udata_sprintf.o      udata   0x000f5b       data   0x000000
       .udata_crc8_fast.o      udata   0x000f5b       data   0x000000
          .idata_u2puts.o      idata   0x000f5b       data   0x000000
          .udata_u2puts.o      udata   0x000f5b       data   0x000000
         .idata_u2putrs.o      idata   0x000f5b       data   0x000000
         .udata_u2putrs.o      udata   0x000f5b       data   0x000000
             .idata_log.o      idata   0x000f5b       data   0x000000
             .udata_log.o      udata   0x000f5b       data   0x000000
           .idata_ldexp.o      idata   0x000f5b       data   0x000000
           .udata_ldexp.o      udata   0x000f5b       data   0x000000
           .idata_frexp.o      idata   0x000f5b       data   0x000000
           .udata_frexp.o      udata   0x000f5b       data   0x000000
            .idata_fabs.o      idata   0x000f5b       data   0x000000
            .udata_fabs.o      udata   0x000f5b       data   0x000000
             .idata_exp.o      idata   0x000f5b       data   0x000000
             .udata_exp.o      udata   0x000f5b       data   0x000000
           .idata_errno.o      idata   0x000f5b       data   0x000000
        .idata_PackMath.o      idata   0x000f5b       data   0x000000
        .udata_PackMath.o      udata   0x000f5b       data   0x000000
           .idata_fchop.o      idata   0x000f5b       data   0x000000
         .udata_adcbusy.o      udata   0x000f5b       data   0x000000
         .udata_timelib.o      udata   0x000f5b       data   0x000000
             .idata_daq.o      idata   0x000f5b       data   0x000000
        .udata_busyxlcd.o      udata   0x000f5b       data   0x000000
              ISRLtmpdata      udata   0x000f5b       data   0x000000
              ISRHtmpdata      udata   0x000f5b       data   0x000000
        .idata_busyxlcd.o      idata   0x000f5b       data   0x000000
        .udata_openxlcd.o      udata   0x000f5b       data   0x000000
        .idata_openxlcd.o      idata   0x000f5b       data   0x000000
        .udata_putrxlcd.o      udata   0x000f5b       data   0x000000
          .idata_hwconf.o      idata   0x000f5b       data   0x000000
        .idata_putrxlcd.o      idata   0x000f5b       data   0x000000
            .udata_crit.o      udata   0x000f5b       data   0x000000
        .idata_writdata.o      idata   0x000f5b       data   0x000000
        .udata_writdata.o      udata   0x000f5b       data   0x000000
        .idata_wcmdxlcd.o      idata   0x000f5b       data   0x000000
        .udata_wcmdxlcd.o      udata   0x000f5b       data   0x000000
        .idata_setddram.o      idata   0x000f5b       data   0x000000
        .udata_setddram.o      udata   0x000f5b       data   0x000000
        .idata_setcgram.o      idata   0x000f5b       data   0x000000
        .udata_setcgram.o      udata   0x000f5b       data   0x000000
        .idata_readdata.o      idata   0x000f5b       data   0x000000
        .udata_readdata.o      udata   0x000f5b       data   0x000000
        .idata_readaddr.o      idata   0x000f5b       data   0x000000
        .udata_readaddr.o      udata   0x000f5b       data   0x000000
        .idata_putsxlcd.o      idata   0x000f5b       data   0x000000
        .udata_putsxlcd.o      udata   0x000f5b       data   0x000000
          .udata_read_B.o      udata   0x000f5b       data   0x000000
         .idata_adcread.o      idata   0x000f5b       data   0x000000
         .udata_adcread.o      udata   0x000f5b       data   0x000000
          .idata_u2read.o      idata   0x000f5b       data   0x000000
          .udata_u2read.o      udata   0x000f5b       data   0x000000
          .idata_u1read.o      idata   0x000f5b       data   0x000000
          .udata_u1read.o      udata   0x000f5b       data   0x000000
          .idata_t4open.o      idata   0x000f5b       data   0x000000
          .udata_t4open.o      udata   0x000f5b       data   0x000000
          .idata_t3open.o      idata   0x000f5b       data   0x000000
          .udata_t3open.o      udata   0x000f5b       data   0x000000
          .idata_t0open.o      idata   0x000f5b       data   0x000000
          .udata_t0open.o      udata   0x000f5b       data   0x000000
        .idata_spi1open.o      idata   0x000f5b       data   0x000000
        .udata_spi1open.o      udata   0x000f5b       data   0x000000
         .idata_pw4open.o      idata   0x000f5b       data   0x000000
         .udata_pw4open.o      udata   0x000f5b       data   0x000000
         .idata_adcopen.o      idata   0x000f5b       data   0x000000
         .udata_adcopen.o      udata   0x000f5b       data   0x000000
          .idata_u2open.o      idata   0x000f5b       data   0x000000
          .udata_u2open.o      udata   0x000f5b       data   0x000000
          .idata_u1open.o      idata   0x000f5b       data   0x000000
          .udata_u1open.o      udata   0x000f5b       data   0x000000
         .idata_adcconv.o      idata   0x000f5b       data   0x000000
         .udata_adcconv.o      udata   0x000f5b       data   0x000000
        .idata_busy_eep.o      idata   0x000f5b       data   0x000000
        .udata_busy_eep.o      udata   0x000f5b       data   0x000000
         .idata_adcbusy.o      idata   0x000f5b       data   0x000000
            SFR_UNBANKED0      udata   0x000f62       data   0x00009e



                              Program Memory Usage 
                               Start         End      
                           ---------   ---------      
                            0x000000    0x015a80      
                            0x015a82    0x01b390      
                            0x01b392    0x01c0c6      
                            0x300001    0x300006      
                            0x300008    0x30000d      
            114897 out of 132120 program addresses used, program memory utilization is 86%



                              Symbols - Sorted by Name
                     Name    Address   Location    Storage File                     
                ---------  ---------  ---------  --------- ---------                
                     ABSI   0x002f08    program     extern L:\solarpic_rewrite\swm8722\solar18f8722\swm8722.c
                     ABSL   0x002f34    program     extern L:\solarpic_rewrite\swm8722\solar18f8722\swm8722.c
                 ADC_read   0x012bfc    program     extern L:\solarpic_rewrite\swm8722\solar18f8722\daq.c
                 ADC_zero   0x012bca    program     extern L:\solarpic_rewrite\swm8722\solar18f8722\daq.c
              BVSOC_TABLE   0x0159b1    program     extern L:\solarpic_rewrite\swm8722\solar18f8722\swm8722.c
                  BusyADC   0x00000e    program     extern E:\c18v3.46\pic18-lt\cxx-framework\src\pmc_common\ADC\adcbusy.c
                 BusyXLCD   0x01b2a8    program     extern L:\solarpic_rewrite\swm8722\solar18f8722\xlcd\busyxlcd.c
                 Busy_eep   0x01b392    program     extern E:\c18v3.46\pic18-lt\cxx-framework\src\pmc_common\EEP\busy_eep.c
                    CRC16   0x015a8a    program     extern L:\solarpic_rewrite\swm8722\solar18f8722\sdspi.c
               ChargeBatt   0x0087e2    program     extern L:\solarpic_rewrite\swm8722\solar18f8722\power.c
           ChargeRelayOff   0x0031c6    program     extern L:\solarpic_rewrite\swm8722\solar18f8722\swm8722.c
            ChargeRelayOn   0x0030f6    program     extern L:\solarpic_rewrite\swm8722\solar18f8722\swm8722.c
               ConvertADC   0x01b398    program     extern E:\c18v3.46\pic18-lt\cxx-framework\src\pmc_common\ADC\adcconv.c
                   D10K_1   0x01b15a    program     static E:\c18v3.46\pic18-lt\cxx-framework\src\extended\delays\d10ktcyx.asm
                    D10Kl   0x01b168    program     static E:\c18v3.46\pic18-lt\cxx-framework\src\extended\delays\d10ktcyx.asm
                    D10Kx   0x01b156    program     static E:\c18v3.46\pic18-lt\cxx-framework\src\extended\delays\d10ktcyx.asm
                    D10_1   0x01b37a    program     static E:\c18v3.46\pic18-lt\cxx-framework\src\extended\delays\d10tcyx.asm
                     D10x   0x01b372    program     static E:\c18v3.46\pic18-lt\cxx-framework\src\extended\delays\d10tcyx.asm
                   D1616S   0x016ce2    program     static E:\c18v3.46\pic18-lt\cxx-framework\src\extended\math\div16s.asm
                D1616SNEG   0x016cf0    program     static E:\c18v3.46\pic18-lt\cxx-framework\src\extended\math\div16s.asm
                 D1616SOK   0x016cec    program     static E:\c18v3.46\pic18-lt\cxx-framework\src\extended\math\div16s.asm
                D1616SPOS   0x016d00    program     static E:\c18v3.46\pic18-lt\cxx-framework\src\extended\math\div16s.asm
                  D1616SX   0x016d26    program     static E:\c18v3.46\pic18-lt\cxx-framework\src\extended\math\div16s.asm
                   D3232S   0x016df8    program     static E:\c18v3.46\pic18-lt\cxx-framework\src\extended\math\div32s.asm
                D3232SNEG   0x016e06    program     static E:\c18v3.46\pic18-lt\cxx-framework\src\extended\math\div32s.asm
                 D3232SOK   0x016e02    program     static E:\c18v3.46\pic18-lt\cxx-framework\src\extended\math\div32s.asm
                D3232SPOS   0x016e24    program     static E:\c18v3.46\pic18-lt\cxx-framework\src\extended\math\div32s.asm
                  D3232SX   0x016e5a    program     static E:\c18v3.46\pic18-lt\cxx-framework\src\extended\math\div32s.asm
                  DA1616S   0x016cd2    program     static E:\c18v3.46\pic18-lt\cxx-framework\src\extended\math\div16s.asm
                  DA3232S   0x016de2    program     static E:\c18v3.46\pic18-lt\cxx-framework\src\extended\math\div32s.asm
             Delay10KTCYx   0x01b14a    program     extern E:\c18v3.46\pic18-lt\cxx-framework\src\extended\delays\d10ktcyx.asm
              Delay10TCYx   0x01b36a    program     extern E:\c18v3.46\pic18-lt\cxx-framework\src\extended\delays\d10tcyx.asm
            DelayFor18TCY   0x0007c6    program     extern L:\solarpic_rewrite\swm8722\solar18f8722\swm8722.c
             DelayPORXLCD   0x0007dc    program     extern L:\solarpic_rewrite\swm8722\solar18f8722\swm8722.c
                DelayXLCD   0x0007e8    program     extern L:\solarpic_rewrite\swm8722\solar18f8722\swm8722.c
              Get_RestSOC   0x003a50    program     extern L:\solarpic_rewrite\swm8722\solar18f8722\swm8722.c
              LCD_VC_puts   0x00033a    program     extern L:\solarpic_rewrite\swm8722\solar18f8722\swm8722.c
      MMC_get_volume_info   0x015cf0    program     extern L:\solarpic_rewrite\swm8722\solar18f8722\sdspi.c
                  OneByte   0x01a470    program     static E:\c18v3.46\pic18-lt\cxx-framework\src\extended\stdclib\itobcd.asm
               Open1USART   0x01a9ea    program     extern E:\c18v3.46\pic18-lt\cxx-framework\src\pmc_common\USART\u1open.c
               Open2USART   0x01a966    program     extern E:\c18v3.46\pic18-lt\cxx-framework\src\pmc_common\USART\u2open.c
                  OpenADC   0x01aba0    program     extern E:\c18v3.46\pic18-lt\cxx-framework\src\pmc_common\ADC\adcopen.c
                 OpenPWM4   0x01afd0    program     extern E:\c18v3.46\pic18-lt\cxx-framework\src\pmc_common\PWM\pw4open.c
                 OpenSPI1   0x01ac04    program     extern E:\c18v3.46\pic18-lt\cxx-framework\src\pmc_common\SPI\spi1open.c
               OpenTimer0   0x01b180    program     extern E:\c18v3.46\pic18-lt\cxx-framework\src\pmc_common\Timers\t0open.c
               OpenTimer3   0x01b012    program     extern E:\c18v3.46\pic18-lt\cxx-framework\src\pmc_common\Timers\t3open.c
               OpenTimer4   0x01b1b6    program     extern E:\c18v3.46\pic18-lt\cxx-framework\src\pmc_common\Timers\t4open.c
                 OpenXLCD   0x01a8cc    program     extern L:\solarpic_rewrite\swm8722\solar18f8722\xlcd\openxlcd.c
                   P1wait   0x011008    program     extern L:\solarpic_rewrite\swm8722\solar18f8722\mbmc_vector.c
                   P2wait   0x01100e    program     extern L:\solarpic_rewrite\swm8722\solar18f8722\mbmc_vector.c
                ProcLower   0x01a424    program     static E:\c18v3.46\pic18-lt\cxx-framework\src\extended\stdclib\itoa.asm
                ProcUpper   0x01a41a    program     static E:\c18v3.46\pic18-lt\cxx-framework\src\extended\stdclib\itoa.asm
                  RESTORE   0x016d18    program     static E:\c18v3.46\pic18-lt\cxx-framework\src\extended\math\div16s.asm
                  RESTORE   0x016e4c    program     static E:\c18v3.46\pic18-lt\cxx-framework\src\extended\math\div32s.asm
                  RESTORE   0x016d9a    program     static E:\c18v3.46\pic18-lt\cxx-framework\src\extended\math\div16u.asm
                  RESTORE   0x016efa    program     static E:\c18v3.46\pic18-lt\cxx-framework\src\extended\math\div32u.asm
              RETQUOTIENT   0x016e3c    program     static E:\c18v3.46\pic18-lt\cxx-framework\src\extended\math\div32s.asm
              RETQUOTIENT   0x016d10    program     static E:\c18v3.46\pic18-lt\cxx-framework\src\extended\math\div16s.asm
              RETQUOTIENT   0x016d92    program     static E:\c18v3.46\pic18-lt\cxx-framework\src\extended\math\div16u.asm
              RETQUOTIENT   0x016eea    program     static E:\c18v3.46\pic18-lt\cxx-framework\src\extended\math\div32u.asm
               Read1USART   0x01b0d0    program     extern E:\c18v3.46\pic18-lt\cxx-framework\src\pmc_common\USART\u1read.c
               Read2USART   0x01b092    program     extern E:\c18v3.46\pic18-lt\cxx-framework\src\pmc_common\USART\u2read.c
                  ReadADC   0x01b352    program     extern E:\c18v3.46\pic18-lt\cxx-framework\src\pmc_common\ADC\adcread.c
             ReadAddrXLCD   0x01af4a    program     extern L:\solarpic_rewrite\swm8722\solar18f8722\xlcd\readaddr.c
             ReadDataXLCD   0x01af06    program     extern L:\solarpic_rewrite\swm8722\solar18f8722\xlcd\readdata.c
               Read_b_eep   0x01af8e    program     extern E:\c18v3.46\pic18-lt\cxx-framework\src\pmc_common\EEP\read_B.c
                 ResetC40   0x003278    program     extern L:\solarpic_rewrite\swm8722\solar18f8722\swm8722.c
                  SETSIGN   0x016dc8    program     static E:\c18v3.46\pic18-lt\cxx-framework\src\extended\math\div32s.asm
                  SETSIGN   0x016cc0    program     static E:\c18v3.46\pic18-lt\cxx-framework\src\extended\math\div16s.asm
                 SETUPSTK   0x016da8    program     static E:\c18v3.46\pic18-lt\cxx-framework\src\extended\math\div32s.asm
                 SETUPSTK   0x016d30    program     static E:\c18v3.46\pic18-lt\cxx-framework\src\extended\math\div16u.asm
                 SETUPSTK   0x016ca0    program     static E:\c18v3.46\pic18-lt\cxx-framework\src\extended\math\div16s.asm
                 SETUPSTK   0x016e64    program     static E:\c18v3.46\pic18-lt\cxx-framework\src\extended\math\div32u.asm
             SetCGRamAddr   0x01adf0    program     extern L:\solarpic_rewrite\swm8722\solar18f8722\xlcd\setcgram.c
               SetChanADC   0x01b24a    program     extern E:\c18v3.46\pic18-lt\cxx-framework\src\pmc_common\ADC\adcsetch.c
                SetDCPWM4   0x01ad5c    program     extern E:\c18v3.46\pic18-lt\cxx-framework\src\pmc_common\PWM\pw4setdc.c
             SetDDRamAddr   0x01ada8    program     extern L:\solarpic_rewrite\swm8722\solar18f8722\xlcd\setddram.c
                 TstLower   0x01a40e    program     static E:\c18v3.46\pic18-lt\cxx-framework\src\extended\stdclib\itoa.asm
                 TstUpper   0x01a408    program     static E:\c18v3.46\pic18-lt\cxx-framework\src\extended\stdclib\itoa.asm
             Volts_to_SOC   0x003808    program     extern L:\solarpic_rewrite\swm8722\solar18f8722\swm8722.c
               W_SDC0_EEP   0x003fb2    program     extern L:\solarpic_rewrite\swm8722\solar18f8722\swm8722.c
              Write2USART   0x01b27a    program     extern E:\c18v3.46\pic18-lt\cxx-framework\src\pmc_common\USART\u2write.c
             WriteCmdXLCD   0x01aec2    program     extern L:\solarpic_rewrite\swm8722\solar18f8722\xlcd\wcmdxlcd.c
            WriteDataXLCD   0x01ae7e    program     extern L:\solarpic_rewrite\swm8722\solar18f8722\xlcd\writdata.c
              WriteTimer0   0x01b21a    program     extern E:\c18v3.46\pic18-lt\cxx-framework\src\pmc_common\Timers\t0write.c
              WriteTimer3   0x01b1ea    program     extern E:\c18v3.46\pic18-lt\cxx-framework\src\pmc_common\Timers\t3write.c
              Write_b_eep   0x01ab3c    program     extern E:\c18v3.46\pic18-lt\cxx-framework\src\pmc_common\EEP\write_B.c
              _2jContinue   0x019a3c    program     static E:\c18v3.46\pic18-lt\cxx-framework\src\extended\stdclib\memset.asm
                   _2jEnd   0x019bb2    program     static E:\c18v3.46\pic18-lt\cxx-framework\src\extended\stdclib\slenpgm.asm
              _3jContinue   0x019b64    program     static E:\c18v3.46\pic18-lt\cxx-framework\src\extended\stdclib\sncpyp2r.asm
              _3jContinue   0x019a08    program     static E:\c18v3.46\pic18-lt\cxx-framework\src\extended\stdclib\mcpyp2r.asm
                   _3jEnd   0x019a46    program     static E:\c18v3.46\pic18-lt\cxx-framework\src\extended\stdclib\memset.asm
              _4jContinue   0x019b0a    program     static E:\c18v3.46\pic18-lt\cxx-framework\src\extended\stdclib\strncpy.asm
              _4jContinue   0x0199b4    program     static E:\c18v3.46\pic18-lt\cxx-framework\src\extended\stdclib\memcpy.asm
                   _4jEnd   0x019a12    program     static E:\c18v3.46\pic18-lt\cxx-framework\src\extended\stdclib\mcpyp2r.asm
                   _4jEnd   0x019b6e    program     static E:\c18v3.46\pic18-lt\cxx-framework\src\extended\stdclib\sncpyp2r.asm
                   _5jEnd   0x019b14    program     static E:\c18v3.46\pic18-lt\cxx-framework\src\extended\stdclib\strncpy.asm
                   _5jEnd   0x0199be    program     static E:\c18v3.46\pic18-lt\cxx-framework\src\extended\stdclib\memcpy.asm
       _D10KTCYXCODE_0014   0x01b15e    program     static E:\c18v3.46\pic18-lt\cxx-framework\src\extended\delays\d10ktcyx.asm
       _D10KTCYXCODE_0022   0x01b16c    program     static E:\c18v3.46\pic18-lt\cxx-framework\src\extended\delays\d10ktcyx.asm
        _D10TCYXCODE_000A   0x01b374    program     static E:\c18v3.46\pic18-lt\cxx-framework\src\extended\delays\d10tcyx.asm
        _D10TCYXCODE_000C   0x01b376    program     static E:\c18v3.46\pic18-lt\cxx-framework\src\extended\delays\d10tcyx.asm
        _D10TCYXCODE_000E   0x01b378    program     static E:\c18v3.46\pic18-lt\cxx-framework\src\extended\delays\d10tcyx.asm
                _PackMath   0x01a4c2    program     extern E:\c18v3.46\pic18-lt\cxx-framework\src\extended\stdclib\PackMath.c
                _UnpkMath   0x01a5d8    program     extern E:\c18v3.46\pic18-lt\cxx-framework\src\extended\stdclib\UnpkMath.c
              __FpCompare   0x016fd4    program     extern E:\c18v3.46\pic18-lt\cxx-framework\src\extended\math\compFP.asm
                 __FpPack   0x01692a    program     extern E:\c18v3.46\pic18-lt\cxx-framework\src\extended\math\packFP.asm
            __FpReturnNaN   0x0169ac    program     extern E:\c18v3.46\pic18-lt\cxx-framework\src\extended\math\packFP.asm
         __FpReturnNegInf   0x0169be    program     extern E:\c18v3.46\pic18-lt\cxx-framework\src\extended\math\packFP.asm
        __FpReturnNegZero   0x0169d6    program     extern E:\c18v3.46\pic18-lt\cxx-framework\src\extended\math\packFP.asm
         __FpReturnPosInf   0x0169c4    program     extern E:\c18v3.46\pic18-lt\cxx-framework\src\extended\math\packFP.asm
        __FpReturnPosZero   0x0169de    program     extern E:\c18v3.46\pic18-lt\cxx-framework\src\extended\math\packFP.asm
        __FpReturnSignInf   0x0169ba    program     extern E:\c18v3.46\pic18-lt\cxx-framework\src\extended\math\packFP.asm
       __FpReturnSignZero   0x0169d2    program     extern E:\c18v3.46\pic18-lt\cxx-framework\src\extended\math\packFP.asm
              __FpReturnW   0x016982    program     extern E:\c18v3.46\pic18-lt\cxx-framework\src\extended\math\packFP.asm
              __FpUnPackA   0x0169e4    program     extern E:\c18v3.46\pic18-lt\cxx-framework\src\extended\math\unpackFP.asm
              __FpUnPackB   0x016a14    program     extern E:\c18v3.46\pic18-lt\cxx-framework\src\extended\math\unpackFP.asm
           ___?:_lbl00082   0x000eda    program     static                          
           ___?:_lbl00083   0x000ed8    program     static                          
       ___case_0_lbl00048   0x00d3e8    program     static                          
     ___case_100_lbl00127   0x00dc66    program     static                          
     ___case_100_lbl00168   0x00df32    program     static                          
     ___case_100_lbl00323   0x010ef6    program     static                          
     ___case_103_lbl00152   0x00de08    program     static                          
     ___case_104_lbl00162   0x00de54    program     static                          
     ___case_110_lbl00157   0x00de28    program     static                          
     ___case_111_lbl00177   0x00df88    program     static                          
     ___case_112_lbl00175   0x00df78    program     static                          
     ___case_118_lbl00125   0x00dbf4    program     static                          
     ___case_118_lbl00166   0x00ded0    program     static                          
     ___case_118_lbl00321   0x010eae    program     static                          
     ___case_121_lbl00155   0x00de20    program     static                          
       ___case_1_lbl00049   0x00d3ee    program     static                          
       ___case_2_lbl00050   0x00d3f6    program     static                          
      ___case_33_lbl00150   0x00ddfa    program     static                          
      ___case_35_lbl00148   0x00ddea    program     static                          
      ___case_42_lbl00128   0x00dc74    program     static                          
      ___case_42_lbl00147   0x00dde2    program     static                          
      ___case_42_lbl00324   0x010f1a    program     static                          
      ___case_48_lbl00115   0x00db26    program     static                          
      ___case_48_lbl00313   0x010da2    program     static                          
      ___case_49_lbl00129   0x00dc84    program     static                          
      ___case_50_lbl00117   0x00db56    program     static                          
      ___case_50_lbl00315   0x010dc8    program     static                          
      ___case_51_lbl00118   0x00db60    program     static                          
      ___case_51_lbl00316   0x010e1c    program     static                          
      ___case_52_lbl00119   0x00db6a    program     static                          
      ___case_52_lbl00317   0x010e34    program     static                          
      ___case_53_lbl00120   0x00db74    program     static                          
      ___case_53_lbl00318   0x010e4e    program     static                          
      ___case_54_lbl00116   0x00db42    program     static                          
      ___case_54_lbl00314   0x010da4    program     static                          
      ___case_63_lbl00146   0x00ddda    program     static                          
      ___case_64_lbl00149   0x00ddf2    program     static                          
      ___case_65_lbl00141   0x00dda4    program     static                          
      ___case_66_lbl00172   0x00df3c    program     static                          
      ___case_68_lbl00126   0x00dc56    program     static                          
      ___case_68_lbl00167   0x00df2a    program     static                          
      ___case_68_lbl00322   0x010ed2    program     static                          
      ___case_69_lbl00144   0x00ddb2    program     static                          
      ___case_70_lbl00121   0x00db7e    program     static                          
      ___case_70_lbl00145   0x00ddd4    program     static                          
      ___case_70_lbl00319   0x010e66    program     static                          
      ___case_71_lbl00154   0x00de18    program     static                          
      ___case_72_lbl00159   0x00de30    program     static                          
      ___case_75_lbl00171   0x00df38    program     static                          
      ___case_78_lbl00158   0x00de28    program     static                          
      ___case_79_lbl00176   0x00df80    program     static                          
      ___case_80_lbl00174   0x00df70    program     static                          
      ___case_84_lbl00153   0x00de10    program     static                          
      ___case_86_lbl00122   0x00db8c    program     static                          
      ___case_86_lbl00165   0x00de78    program     static                          
      ___case_86_lbl00320   0x010e8a    program     static                          
      ___case_89_lbl00156   0x00de20    program     static                          
      ___case_90_lbl00178   0x00df90    program     static                          
      ___case_94_lbl00151   0x00de00    program     static                          
      ___default_lbl00051   0x00d3fe    program     static                          
      ___default_lbl00130   0x00dc8e    program     static                          
      ___default_lbl00181   0x00df98    program     static                          
      ___default_lbl00325   0x010f3e    program     static                          
           ___do_lbl00006   0x015b6e    program     static                          
           ___do_lbl00007   0x015b72    program     static                          
           ___do_lbl00009   0x015b5c    program     static                          
           ___do_lbl00012   0x015ba6    program     static                          
           ___do_lbl00013   0x015bae    program     static                          
           ___do_lbl00015   0x015b88    program     static                          
           ___do_lbl00052   0x0007a2    program     static                          
           ___do_lbl00053   0x0007be    program     static                          
           ___do_lbl00054   0x000748    program     static                          
           ___do_lbl00080   0x01622c    program     static                          
           ___do_lbl00081   0x016232    program     static                          
           ___do_lbl00085   0x0161ca    program     static                          
           ___do_lbl00107   0x0164c6    program     static                          
           ___do_lbl00108   0x0164cc    program     static                          
           ___do_lbl00112   0x01645e    program     static                          
           ___do_lbl00113   0x0164fa    program     static                          
           ___do_lbl00114   0x016502    program     static                          
           ___do_lbl00116   0x0164d2    program     static                          
           ___do_lbl00238   0x00c166    program     static                          
           ___do_lbl00239   0x00c1ca    program     static                          
           ___do_lbl00333   0x00a190    program     static                          
           ___do_lbl00400   0x004bc6    program     static                          
           ___do_lbl00401   0x004bca    program     static                          
           ___do_lbl00402   0x004bc4    program     static                          
           ___do_lbl00489   0x00624c    program     static                          
           ___do_lbl00490   0x006260    program     static                          
           ___do_lbl00510   0x005f40    program     static                          
         ___else_lbl00006   0x00cc56    program     static                          
         ___else_lbl00011   0x019d22    program     static                          
         ___else_lbl00057   0x00d49c    program     static                          
         ___else_lbl00059   0x00d4cc    program     static                          
         ___else_lbl00070   0x00d5d0    program     static                          
         ___else_lbl00072   0x00d600    program     static                          
         ___else_lbl00072   0x013e00    program     static                          
         ___else_lbl00075   0x00d584    program     static                          
         ___else_lbl00081   0x00d686    program     static                          
         ___else_lbl00083   0x0161f0    program     static                          
         ___else_lbl00092   0x0011be    program     static                          
         ___else_lbl00094   0x001432    program     static                          
         ___else_lbl00096   0x00d89c    program     static                          
         ___else_lbl00099   0x0016bc    program     static                          
         ___else_lbl00101   0x00d966    program     static                          
         ___else_lbl00104   0x0162d2    program     static                          
         ___else_lbl00105   0x001f80    program     static                          
         ___else_lbl00107   0x001b82    program     static                          
         ___else_lbl00108   0x00da82    program     static                          
         ___else_lbl00110   0x016486    program     static                          
         ___else_lbl00124   0x00dbe2    program     static                          
         ___else_lbl00129   0x016582    program     static                          
         ___else_lbl00137   0x00dcc6    program     static                          
         ___else_lbl00161   0x00de4e    program     static                          
         ___else_lbl00164   0x00de72    program     static                          
         ___else_lbl00194   0x00890e    program     static                          
         ___else_lbl00196   0x00e084    program     static                          
         ___else_lbl00204   0x008f46    program     static                          
         ___else_lbl00205   0x00e234    program     static                          
         ___else_lbl00208   0x00e2c2    program     static                          
         ___else_lbl00211   0x00e274    program     static                          
         ___else_lbl00212   0x0095d6    program     static                          
         ___else_lbl00217   0x009440    program     static                          
         ___else_lbl00220   0x00e3e6    program     static                          
         ___else_lbl00220   0x0097d0    program     static                          
         ___else_lbl00223   0x00e444    program     static                          
         ___else_lbl00225   0x00e4c0    program     static                          
         ___else_lbl00231   0x00e542    program     static                          
         ___else_lbl00241   0x00e914    program     static                          
         ___else_lbl00243   0x00eab0    program     static                          
         ___else_lbl00247   0x00ec5a    program     static                          
         ___else_lbl00251   0x00ec60    program     static                          
         ___else_lbl00261   0x00f612    program     static                          
         ___else_lbl00263   0x00f69c    program     static                          
         ___else_lbl00268   0x00f8e2    program     static                          
         ___else_lbl00274   0x00fbe0    program     static                          
         ___else_lbl00279   0x00aa9a    program     static                          
         ___else_lbl00280   0x01044e    program     static                          
         ___else_lbl00292   0x010b88    program     static                          
         ___else_lbl00295   0x010b68    program     static                          
         ___else_lbl00307   0x010c34    program     static                          
         ___else_lbl00319   0x00bba8    program     static                          
         ___else_lbl00332   0x00bec0    program     static                          
         ___else_lbl00334   0x003dac    program     static                          
         ___else_lbl00336   0x003dba    program     static                          
         ___else_lbl00407   0x004bfe    program     static                          
         ___else_lbl00409   0x004c54    program     static                          
         ___else_lbl00413   0x004d68    program     static                          
         ___else_lbl00425   0x00530e    program     static                          
         ___else_lbl00427   0x0052b6    program     static                          
         ___else_lbl00432   0x0053b6    program     static                          
         ___else_lbl00435   0x00534e    program     static                          
         ___else_lbl00443   0x0054c2    program     static                          
         ___else_lbl00462   0x005ab4    program     static                          
         ___else_lbl00498   0x00601a    program     static                          
         ___else_lbl00502   0x006154    program     static                          
          ___for_lbl00004   0x012c60    program     static                          
          ___for_lbl00005   0x012c6a    program     static                          
          ___for_lbl00008   0x012c24    program     static                          
          ___for_lbl00009   0x012d9e    program     static                          
          ___for_lbl00010   0x012da8    program     static                          
          ___for_lbl00011   0x018fee    program     static                          
          ___for_lbl00012   0x018ff4    program     static                          
          ___for_lbl00013   0x012d62    program     static                          
          ___for_lbl00013   0x018fd6    program     static                          
          ___for_lbl00014   0x012f38    program     static                          
          ___for_lbl00014   0x018fdc    program     static                          
          ___for_lbl00015   0x012f42    program     static                          
          ___for_lbl00015   0x018d68    program     static                          
          ___for_lbl00016   0x018d5a    program     static                          
          ___for_lbl00018   0x012efc    program     static                          
          ___for_lbl00021   0x0131b0    program     static                          
          ___for_lbl00022   0x0131ba    program     static                          
          ___for_lbl00025   0x013174    program     static                          
          ___for_lbl00026   0x0132d0    program     static                          
          ___for_lbl00027   0x0132da    program     static                          
          ___for_lbl00030   0x013294    program     static                          
          ___for_lbl00031   0x0133f0    program     static                          
          ___for_lbl00032   0x0133fa    program     static                          
          ___for_lbl00035   0x0133b4    program     static                          
          ___for_lbl00036   0x0135d0    program     static                          
          ___for_lbl00037   0x0135da    program     static                          
          ___for_lbl00040   0x013594    program     static                          
          ___for_lbl00043   0x01384c    program     static                          
          ___for_lbl00044   0x013856    program     static                          
          ___for_lbl00047   0x013810    program     static                          
          ___for_lbl00048   0x0006aa    program     static                          
          ___for_lbl00049   0x0006b8    program     static                          
          ___for_lbl00050   0x000692    program     static                          
          ___for_lbl00050   0x0139be    program     static                          
          ___for_lbl00051   0x0139c8    program     static                          
          ___for_lbl00054   0x013982    program     static                          
          ___for_lbl00056   0x0007d4    program     static                          
          ___for_lbl00057   0x0007da    program     static                          
          ___for_lbl00058   0x0007ca    program     static                          
          ___for_lbl00086   0x016294    program     static                          
          ___for_lbl00087   0x01629e    program     static                          
          ___for_lbl00088   0x01624a    program     static                          
          ___for_lbl00092   0x0163d4    program     static                          
          ___for_lbl00093   0x0163de    program     static                          
          ___for_lbl00094   0x01639c    program     static                          
          ___for_lbl00095   0x0163a6    program     static                          
          ___for_lbl00095   0x001b22    program     static                          
          ___for_lbl00096   0x016350    program     static                          
          ___for_lbl00096   0x001b28    program     static                          
          ___for_lbl00100   0x016322    program     static                          
          ___for_lbl00100   0x00167a    program     static                          
          ___for_lbl00101   0x002020    program     static                          
          ___for_lbl00102   0x002026    program     static                          
          ___for_lbl00108   0x001b40    program     static                          
          ___for_lbl00117   0x01655e    program     static                          
          ___for_lbl00118   0x016568    program     static                          
          ___for_lbl00119   0x016510    program     static                          
          ___for_lbl00120   0x016656    program     static                          
          ___for_lbl00121   0x016660    program     static                          
          ___for_lbl00122   0x016644    program     static                          
          ___for_lbl00123   0x01664e    program     static                          
          ___for_lbl00124   0x0165f6    program     static                          
          ___for_lbl00125   0x0165d2    program     static                          
          ___for_lbl00187   0x008906    program     static                          
          ___for_lbl00188   0x00890c    program     static                          
          ___for_lbl00189   0x0088be    program     static                          
          ___for_lbl00254   0x00f2a2    program     static                          
          ___for_lbl00255   0x00f2a8    program     static                          
          ___for_lbl00259   0x00ee76    program     static                          
          ___for_lbl00261   0x00a97c    program     static                          
          ___for_lbl00262   0x00a982    program     static                          
          ___for_lbl00263   0x00a8f4    program     static                          
          ___for_lbl00312   0x00baf0    program     static                          
          ___for_lbl00313   0x00baf6    program     static                          
          ___for_lbl00314   0x00ba68    program     static                          
          ___for_lbl00337   0x003f5e    program     static                          
          ___for_lbl00338   0x003f6c    program     static                          
          ___for_lbl00346   0x003dd6    program     static                          
          ___for_lbl00379   0x004794    program     static                          
          ___for_lbl00380   0x00479a    program     static                          
          ___for_lbl00381   0x00476e    program     static                          
          ___for_lbl00382   0x00484e    program     static                          
          ___for_lbl00383   0x004854    program     static                          
          ___for_lbl00384   0x004822    program     static                          
          ___for_lbl00410   0x00517a    program     static                          
          ___for_lbl00411   0x005180    program     static                          
          ___for_lbl00415   0x004cfe    program     static                          
          ___for_lbl00416   0x00521c    program     static                          
          ___for_lbl00417   0x005222    program     static                          
          ___for_lbl00418   0x0051ea    program     static                          
          ___for_lbl00420   0x005346    program     static                          
          ___for_lbl00421   0x00534c    program     static                          
          ___for_lbl00428   0x005254    program     static                          
          ___for_lbl00429   0x0053ee    program     static                          
          ___for_lbl00430   0x0053f4    program     static                          
          ___for_lbl00433   0x005368    program     static                          
          ___for_lbl00436   0x0054a8    program     static                          
          ___for_lbl00437   0x0054ae    program     static                          
          ___for_lbl00438   0x00543a    program     static                          
          ___for_lbl00439   0x00550e    program     static                          
          ___for_lbl00440   0x005514    program     static                          
          ___for_lbl00441   0x0054dc    program     static                          
          ___for_lbl00456   0x005aa8    program     static                          
          ___for_lbl00457   0x005aae    program     static                          
          ___for_lbl00459   0x005916    program     static                          
          ___for_lbl00469   0x005c40    program     static                          
          ___for_lbl00470   0x005c46    program     static                          
          ___for_lbl00473   0x005b96    program     static                          
          ___for_lbl00476   0x005cb2    program     static                          
          ___for_lbl00477   0x005cb8    program     static                          
          ___for_lbl00478   0x005c80    program     static                          
          ___for_lbl00480   0x005e86    program     static                          
          ___for_lbl00481   0x005e8c    program     static                          
          ___for_lbl00486   0x005d30    program     static                          
          ___for_lbl00504   0x006224    program     static                          
          ___for_lbl00505   0x00622a    program     static                          
          ___for_lbl00508   0x0061d0    program     static                          
          ___for_lbl00513   0x0065fa    program     static                          
          ___for_lbl00514   0x006600    program     static                          
          ___for_lbl00518   0x0062a6    program     static                          
           ___if_lbl00001   0x019bf6    program     static                          
           ___if_lbl00001   0x019e0c    program     static                          
           ___if_lbl00001   0x00cb6a    program     static                          
           ___if_lbl00002   0x019c18    program     static                          
           ___if_lbl00003   0x00cb84    program     static                          
           ___if_lbl00003   0x019e1e    program     static                          
           ___if_lbl00003   0x019c38    program     static                          
           ___if_lbl00004   0x019c60    program     static                          
           ___if_lbl00004   0x00cbf6    program     static                          
           ___if_lbl00005   0x019c6c    program     static                          
           ___if_lbl00005   0x00cc5c    program     static                          
           ___if_lbl00007   0x019caa    program     static                          
           ___if_lbl00007   0x00cc7e    program     static                          
           ___if_lbl00008   0x00cca0    program     static                          
           ___if_lbl00008   0x019ce4    program     static                          
           ___if_lbl00008   0x015b6e    program     static                          
           ___if_lbl00008   0x019f8c    program     static                          
           ___if_lbl00009   0x019cf0    program     static                          
           ___if_lbl00010   0x019d2a    program     static                          
           ___if_lbl00012   0x00cce2    program     static                          
           ___if_lbl00013   0x00cce2    program     static                          
           ___if_lbl00014   0x015ba6    program     static                          
           ___if_lbl00019   0x00cec6    program     static                          
           ___if_lbl00019   0x01306e    program     static                          
           ___if_lbl00020   0x01314e    program     static                          
           ___if_lbl00020   0x00cf5c    program     static                          
           ___if_lbl00021   0x00cf5c    program     static                          
           ___if_lbl00022   0x00cf5c    program     static                          
           ___if_lbl00023   0x00cf62    program     static                          
           ___if_lbl00024   0x00cf74    program     static                          
           ___if_lbl00025   0x00cfc0    program     static                          
           ___if_lbl00029   0x00d0d6    program     static                          
           ___if_lbl00030   0x00d0d6    program     static                          
           ___if_lbl00034   0x00d10a    program     static                          
           ___if_lbl00035   0x00d1e0    program     static                          
           ___if_lbl00036   0x00d1ee    program     static                          
           ___if_lbl00037   0x00d2e4    program     static                          
           ___if_lbl00038   0x00d2e4    program     static                          
           ___if_lbl00039   0x00d2e4    program     static                          
           ___if_lbl00041   0x013706    program     static                          
           ___if_lbl00042   0x0137e8    program     static                          
           ___if_lbl00045   0x00d3aa    program     static                          
           ___if_lbl00046   0x00d3d6    program     static                          
           ___if_lbl00049   0x013956    program     static                          
           ___if_lbl00052   0x00d404    program     static                          
           ___if_lbl00053   0x00d404    program     static                          
           ___if_lbl00054   0x00d432    program     static                          
           ___if_lbl00055   0x00d458    program     static                          
           ___if_lbl00055   0x013af4    program     static                          
           ___if_lbl00056   0x00d4ca    program     static                          
           ___if_lbl00056   0x013bc2    program     static                          
           ___if_lbl00057   0x013c08    program     static                          
           ___if_lbl00058   0x00d4d6    program     static                          
           ___if_lbl00059   0x013c6c    program     static                          
           ___if_lbl00060   0x00d4d6    program     static                          
           ___if_lbl00060   0x013c7e    program     static                          
           ___if_lbl00061   0x00d4d6    program     static                          
           ___if_lbl00061   0x013c86    program     static                          
           ___if_lbl00062   0x013c9a    program     static                          
           ___if_lbl00063   0x013d04    program     static                          
           ___if_lbl00064   0x013d98    program     static                          
           ___if_lbl00066   0x013dfe    program     static                          
           ___if_lbl00067   0x00d53a    program     static                          
           ___if_lbl00067   0x013e94    program     static                          
           ___if_lbl00068   0x00d582    program     static                          
           ___if_lbl00068   0x013ef2    program     static                          
           ___if_lbl00069   0x00d5fe    program     static                          
           ___if_lbl00070   0x013f58    program     static                          
           ___if_lbl00071   0x00d60a    program     static                          
           ___if_lbl00071   0x013f58    program     static                          
           ___if_lbl00073   0x00d60a    program     static                          
           ___if_lbl00074   0x00d60a    program     static                          
           ___if_lbl00074   0x014166    program     static                          
           ___if_lbl00075   0x0141d4    program     static                          
           ___if_lbl00076   0x0141da    program     static                          
           ___if_lbl00076   0x00d632    program     static                          
           ___if_lbl00077   0x00d63c    program     static                          
           ___if_lbl00077   0x0141e0    program     static                          
           ___if_lbl00079   0x00d6aa    program     static                          
           ___if_lbl00079   0x0161be    program     static                          
           ___if_lbl00080   0x00d6aa    program     static                          
           ___if_lbl00081   0x000a84    program     static                          
           ___if_lbl00082   0x01620c    program     static                          
           ___if_lbl00082   0x00d6e0    program     static                          
           ___if_lbl00084   0x01622a    program     static                          
           ___if_lbl00085   0x001112    program     static                          
           ___if_lbl00086   0x001128    program     static                          
           ___if_lbl00087   0x00113a    program     static                          
           ___if_lbl00088   0x001150    program     static                          
           ___if_lbl00089   0x0162bc    program     static                          
           ___if_lbl00089   0x001168    program     static                          
           ___if_lbl00089   0x00d828    program     static                          
           ___if_lbl00090   0x00117e    program     static                          
           ___if_lbl00090   0x00d89a    program     static                          
           ___if_lbl00091   0x00d89a    program     static                          
           ___if_lbl00091   0x0011f8    program     static                          
           ___if_lbl00093   0x00d914    program     static                          
           ___if_lbl00093   0x0014b2    program     static                          
           ___if_lbl00094   0x00d918    program     static                          
           ___if_lbl00095   0x00d918    program     static                          
           ___if_lbl00097   0x00d918    program     static                          
           ___if_lbl00097   0x0163ca    program     static                          
           ___if_lbl00098   0x001b12    program     static                          
           ___if_lbl00099   0x00d964    program     static                          
           ___if_lbl00100   0x00d986    program     static                          
           ___if_lbl00102   0x00d986    program     static                          
           ___if_lbl00103   0x00d9a6    program     static                          
           ___if_lbl00103   0x0163fe    program     static                          
           ___if_lbl00104   0x002010    program     static                          
           ___if_lbl00106   0x016452    program     static                          
           ___if_lbl00106   0x002010    program     static                          
           ___if_lbl00107   0x00dab2    program     static                          
           ___if_lbl00109   0x0164a4    program     static                          
           ___if_lbl00109   0x00dab8    program     static                          
           ___if_lbl00110   0x00dac0    program     static                          
           ___if_lbl00111   0x00dac0    program     static                          
           ___if_lbl00111   0x0164c4    program     static                          
           ___if_lbl00112   0x00dac0    program     static                          
           ___if_lbl00115   0x0164fa    program     static                          
           ___if_lbl00123   0x00dbe6    program     static                          
           ___if_lbl00128   0x01669c    program     static                          
           ___if_lbl00131   0x00dc98    program     static                          
           ___if_lbl00132   0x00dc98    program     static                          
           ___if_lbl00133   0x00dc98    program     static                          
           ___if_lbl00135   0x00dcc4    program     static                          
           ___if_lbl00136   0x00dcf2    program     static                          
           ___if_lbl00138   0x00dcf2    program     static                          
           ___if_lbl00139   0x00dd0a    program     static                          
           ___if_lbl00142   0x00ddc4    program     static                          
           ___if_lbl00143   0x00ddd2    program     static                          
           ___if_lbl00160   0x00de52    program     static                          
           ___if_lbl00163   0x00de76    program     static                          
           ___if_lbl00173   0x00df68    program     static                          
           ___if_lbl00180   0x00dfac    program     static                          
           ___if_lbl00182   0x00dfbe    program     static                          
           ___if_lbl00185   0x00dfe0    program     static                          
           ___if_lbl00186   0x00dfe0    program     static                          
           ___if_lbl00187   0x00e00c    program     static                          
           ___if_lbl00188   0x00e00c    program     static                          
           ___if_lbl00189   0x00e010    program     static                          
           ___if_lbl00190   0x00890c    program     static                          
           ___if_lbl00190   0x00e014    program     static                          
           ___if_lbl00191   0x008a3a    program     static                          
           ___if_lbl00191   0x00e04e    program     static                          
           ___if_lbl00192   0x008a3e    program     static                          
           ___if_lbl00193   0x00e068    program     static                          
           ___if_lbl00193   0x008a78    program     static                          
           ___if_lbl00194   0x00e078    program     static                          
           ___if_lbl00195   0x00e088    program     static                          
           ___if_lbl00196   0x008ad2    program     static                          
           ___if_lbl00197   0x008b1e    program     static                          
           ___if_lbl00197   0x00e088    program     static                          
           ___if_lbl00199   0x00e0a2    program     static                          
           ___if_lbl00200   0x008d04    program     static                          
           ___if_lbl00201   0x00e19e    program     static                          
           ___if_lbl00201   0x008d2c    program     static                          
           ___if_lbl00202   0x00e1d6    program     static                          
           ___if_lbl00202   0x008d8e    program     static                          
           ___if_lbl00203   0x008f50    program     static                          
           ___if_lbl00204   0x00e250    program     static                          
           ___if_lbl00206   0x008f72    program     static                          
           ___if_lbl00206   0x00e272    program     static                          
           ___if_lbl00207   0x00909c    program     static                          
           ___if_lbl00207   0x00e2de    program     static                          
           ___if_lbl00209   0x00e300    program     static                          
           ___if_lbl00209   0x00920c    program     static                          
           ___if_lbl00210   0x00e300    program     static                          
           ___if_lbl00210   0x0092be    program     static                          
           ___if_lbl00211   0x0095fa    program     static                          
           ___if_lbl00212   0x00e350    program     static                          
           ___if_lbl00213   0x00e356    program     static                          
           ___if_lbl00214   0x00e356    program     static                          
           ___if_lbl00214   0x00966e    program     static                          
           ___if_lbl00215   0x009720    program     static                          
           ___if_lbl00216   0x00e3cc    program     static                          
           ___if_lbl00216   0x0097ce    program     static                          
           ___if_lbl00217   0x00e3e4    program     static                          
           ___if_lbl00218   0x00e3f0    program     static                          
           ___if_lbl00218   0x009a0a    program     static                          
           ___if_lbl00219   0x00e3f0    program     static                          
           ___if_lbl00219   0x009a20    program     static                          
[...]
                 PIE3bits   0x000fa3       data     extern E:\c18v3.46\pic18-lt\cxx-framework\src\extended\proc\p18f8722.asm
                     PIE3   0x000fa3       data     extern E:\c18v3.46\pic18-lt\cxx-framework\src\extended\proc\p18f8722.asm
                     PIR3   0x000fa4       data     extern E:\c18v3.46\pic18-lt\cxx-framework\src\extended\proc\p18f8722.asm
                 PIR3bits   0x000fa4       data     extern E:\c18v3.46\pic18-lt\cxx-framework\src\extended\proc\p18f8722.asm
                     IPR3   0x000fa5       data     extern E:\c18v3.46\pic18-lt\cxx-framework\src\extended\proc\p18f8722.asm
                 IPR3bits   0x000fa5       data     extern E:\c18v3.46\pic18-lt\cxx-framework\src\extended\proc\p18f8722.asm
               EECON1bits   0x000fa6       data     extern E:\c18v3.46\pic18-lt\cxx-framework\src\extended\proc\p18f8722.asm
                   EECON1   0x000fa6       data     extern E:\c18v3.46\pic18-lt\cxx-framework\src\extended\proc\p18f8722.asm
                   EECON2   0x000fa7       data     extern E:\c18v3.46\pic18-lt\cxx-framework\src\extended\proc\p18f8722.asm
                   EEDATA   0x000fa8       data     extern E:\c18v3.46\pic18-lt\cxx-framework\src\extended\proc\p18f8722.asm
                    EEADR   0x000fa9       data     extern E:\c18v3.46\pic18-lt\cxx-framework\src\extended\proc\p18f8722.asm
                   EEADRH   0x000faa       data     extern E:\c18v3.46\pic18-lt\cxx-framework\src\extended\proc\p18f8722.asm
               RCSTA1bits   0x000fab       data     extern E:\c18v3.46\pic18-lt\cxx-framework\src\extended\proc\p18f8722.asm
                RCSTAbits   0x000fab       data     extern E:\c18v3.46\pic18-lt\cxx-framework\src\extended\proc\p18f8722.asm
                   RCSTA1   0x000fab       data     extern E:\c18v3.46\pic18-lt\cxx-framework\src\extended\proc\p18f8722.asm
                    RCSTA   0x000fab       data     extern E:\c18v3.46\pic18-lt\cxx-framework\src\extended\proc\p18f8722.asm
                    TXSTA   0x000fac       data     extern E:\c18v3.46\pic18-lt\cxx-framework\src\extended\proc\p18f8722.asm
                   TXSTA1   0x000fac       data     extern E:\c18v3.46\pic18-lt\cxx-framework\src\extended\proc\p18f8722.asm
               TXSTA1bits   0x000fac       data     extern E:\c18v3.46\pic18-lt\cxx-framework\src\extended\proc\p18f8722.asm
                TXSTAbits   0x000fac       data     extern E:\c18v3.46\pic18-lt\cxx-framework\src\extended\proc\p18f8722.asm
                    TXREG   0x000fad       data     extern E:\c18v3.46\pic18-lt\cxx-framework\src\extended\proc\p18f8722.asm
                   TXREG1   0x000fad       data     extern E:\c18v3.46\pic18-lt\cxx-framework\src\extended\proc\p18f8722.asm
                    RCREG   0x000fae       data     extern E:\c18v3.46\pic18-lt\cxx-framework\src\extended\proc\p18f8722.asm
                   RCREG1   0x000fae       data     extern E:\c18v3.46\pic18-lt\cxx-framework\src\extended\proc\p18f8722.asm
                   SPBRG1   0x000faf       data     extern E:\c18v3.46\pic18-lt\cxx-framework\src\extended\proc\p18f8722.asm
                    SPBRG   0x000faf       data     extern E:\c18v3.46\pic18-lt\cxx-framework\src\extended\proc\p18f8722.asm
                   PSPCON   0x000fb0       data     extern E:\c18v3.46\pic18-lt\cxx-framework\src\extended\proc\p18f8722.asm
               PSPCONbits   0x000fb0       data     extern E:\c18v3.46\pic18-lt\cxx-framework\src\extended\proc\p18f8722.asm
                    T3CON   0x000fb1       data     extern E:\c18v3.46\pic18-lt\cxx-framework\src\extended\proc\p18f8722.asm
                T3CONbits   0x000fb1       data     extern E:\c18v3.46\pic18-lt\cxx-framework\src\extended\proc\p18f8722.asm
                    TMR3L   0x000fb2       data     extern E:\c18v3.46\pic18-lt\cxx-framework\src\extended\proc\p18f8722.asm
                    TMR3H   0x000fb3       data     extern E:\c18v3.46\pic18-lt\cxx-framework\src\extended\proc\p18f8722.asm
                    CMCON   0x000fb4       data     extern E:\c18v3.46\pic18-lt\cxx-framework\src\extended\proc\p18f8722.asm
                CMCONbits   0x000fb4       data     extern E:\c18v3.46\pic18-lt\cxx-framework\src\extended\proc\p18f8722.asm
               CVRCONbits   0x000fb5       data     extern E:\c18v3.46\pic18-lt\cxx-framework\src\extended\proc\p18f8722.asm
                   CVRCON   0x000fb5       data     extern E:\c18v3.46\pic18-lt\cxx-framework\src\extended\proc\p18f8722.asm
                  ECCP1AS   0x000fb6       data     extern E:\c18v3.46\pic18-lt\cxx-framework\src\extended\proc\p18f8722.asm
              ECCP1ASbits   0x000fb6       data     extern E:\c18v3.46\pic18-lt\cxx-framework\src\extended\proc\p18f8722.asm
                  CCP3CON   0x000fb7       data     extern E:\c18v3.46\pic18-lt\cxx-framework\src\extended\proc\p18f8722.asm
              CCP3CONbits   0x000fb7       data     extern E:\c18v3.46\pic18-lt\cxx-framework\src\extended\proc\p18f8722.asm
                 ECCP3CON   0x000fb7       data     extern E:\c18v3.46\pic18-lt\cxx-framework\src\extended\proc\p18f8722.asm
             ECCP3CONbits   0x000fb7       data     extern E:\c18v3.46\pic18-lt\cxx-framework\src\extended\proc\p18f8722.asm
                   CCPR3L   0x000fb8       data     extern E:\c18v3.46\pic18-lt\cxx-framework\src\extended\proc\p18f8722.asm
                    CCPR3   0x000fb8       data     extern E:\c18v3.46\pic18-lt\cxx-framework\src\extended\proc\p18f8722.asm
                   CCPR3H   0x000fb9       data     extern E:\c18v3.46\pic18-lt\cxx-framework\src\extended\proc\p18f8722.asm
                  CCP2CON   0x000fba       data     extern E:\c18v3.46\pic18-lt\cxx-framework\src\extended\proc\p18f8722.asm
              CCP2CONbits   0x000fba       data     extern E:\c18v3.46\pic18-lt\cxx-framework\src\extended\proc\p18f8722.asm
                 ECCP2CON   0x000fba       data     extern E:\c18v3.46\pic18-lt\cxx-framework\src\extended\proc\p18f8722.asm
             ECCP2CONbits   0x000fba       data     extern E:\c18v3.46\pic18-lt\cxx-framework\src\extended\proc\p18f8722.asm
                    CCPR2   0x000fbb       data     extern E:\c18v3.46\pic18-lt\cxx-framework\src\extended\proc\p18f8722.asm
                   CCPR2L   0x000fbb       data     extern E:\c18v3.46\pic18-lt\cxx-framework\src\extended\proc\p18f8722.asm
                   CCPR2H   0x000fbc       data     extern E:\c18v3.46\pic18-lt\cxx-framework\src\extended\proc\p18f8722.asm
              CCP1CONbits   0x000fbd       data     extern E:\c18v3.46\pic18-lt\cxx-framework\src\extended\proc\p18f8722.asm
                  CCP1CON   0x000fbd       data     extern E:\c18v3.46\pic18-lt\cxx-framework\src\extended\proc\p18f8722.asm
                 ECCP1CON   0x000fbd       data     extern E:\c18v3.46\pic18-lt\cxx-framework\src\extended\proc\p18f8722.asm
             ECCP1CONbits   0x000fbd       data     extern E:\c18v3.46\pic18-lt\cxx-framework\src\extended\proc\p18f8722.asm
                    CCPR1   0x000fbe       data     extern E:\c18v3.46\pic18-lt\cxx-framework\src\extended\proc\p18f8722.asm
                   CCPR1L   0x000fbe       data     extern E:\c18v3.46\pic18-lt\cxx-framework\src\extended\proc\p18f8722.asm
                   CCPR1H   0x000fbf       data     extern E:\c18v3.46\pic18-lt\cxx-framework\src\extended\proc\p18f8722.asm
               ADCON2bits   0x000fc0       data     extern E:\c18v3.46\pic18-lt\cxx-framework\src\extended\proc\p18f8722.asm
                   ADCON2   0x000fc0       data     extern E:\c18v3.46\pic18-lt\cxx-framework\src\extended\proc\p18f8722.asm
               ADCON1bits   0x000fc1       data     extern E:\c18v3.46\pic18-lt\cxx-framework\src\extended\proc\p18f8722.asm
                   ADCON1   0x000fc1       data     extern E:\c18v3.46\pic18-lt\cxx-framework\src\extended\proc\p18f8722.asm
               ADCON0bits   0x000fc2       data     extern E:\c18v3.46\pic18-lt\cxx-framework\src\extended\proc\p18f8722.asm
                   ADCON0   0x000fc2       data     extern E:\c18v3.46\pic18-lt\cxx-framework\src\extended\proc\p18f8722.asm
                    ADRES   0x000fc3       data     extern E:\c18v3.46\pic18-lt\cxx-framework\src\extended\proc\p18f8722.asm
                   ADRESL   0x000fc3       data     extern E:\c18v3.46\pic18-lt\cxx-framework\src\extended\proc\p18f8722.asm
                   ADRESH   0x000fc4       data     extern E:\c18v3.46\pic18-lt\cxx-framework\src\extended\proc\p18f8722.asm
                  SSPCON2   0x000fc5       data     extern E:\c18v3.46\pic18-lt\cxx-framework\src\extended\proc\p18f8722.asm
                 SSP1CON2   0x000fc5       data     extern E:\c18v3.46\pic18-lt\cxx-framework\src\extended\proc\p18f8722.asm
             SSP1CON2bits   0x000fc5       data     extern E:\c18v3.46\pic18-lt\cxx-framework\src\extended\proc\p18f8722.asm
              SSPCON2bits   0x000fc5       data     extern E:\c18v3.46\pic18-lt\cxx-framework\src\extended\proc\p18f8722.asm
                  SSPCON1   0x000fc6       data     extern E:\c18v3.46\pic18-lt\cxx-framework\src\extended\proc\p18f8722.asm
                 SSP1CON1   0x000fc6       data     extern E:\c18v3.46\pic18-lt\cxx-framework\src\extended\proc\p18f8722.asm
             SSP1CON1bits   0x000fc6       data     extern E:\c18v3.46\pic18-lt\cxx-framework\src\extended\proc\p18f8722.asm
              SSPCON1bits   0x000fc6       data     extern E:\c18v3.46\pic18-lt\cxx-framework\src\extended\proc\p18f8722.asm
                 SSP1STAT   0x000fc7       data     extern E:\c18v3.46\pic18-lt\cxx-framework\src\extended\proc\p18f8722.asm
             SSP1STATbits   0x000fc7       data     extern E:\c18v3.46\pic18-lt\cxx-framework\src\extended\proc\p18f8722.asm
                  SSPSTAT   0x000fc7       data     extern E:\c18v3.46\pic18-lt\cxx-framework\src\extended\proc\p18f8722.asm
              SSPSTATbits   0x000fc7       data     extern E:\c18v3.46\pic18-lt\cxx-framework\src\extended\proc\p18f8722.asm
                   SSPADD   0x000fc8       data     extern E:\c18v3.46\pic18-lt\cxx-framework\src\extended\proc\p18f8722.asm
                  SSP1ADD   0x000fc8       data     extern E:\c18v3.46\pic18-lt\cxx-framework\src\extended\proc\p18f8722.asm
                  SSP1BUF   0x000fc9       data     extern E:\c18v3.46\pic18-lt\cxx-framework\src\extended\proc\p18f8722.asm
                   SSPBUF   0x000fc9       data     extern E:\c18v3.46\pic18-lt\cxx-framework\src\extended\proc\p18f8722.asm
                    T2CON   0x000fca       data     extern E:\c18v3.46\pic18-lt\cxx-framework\src\extended\proc\p18f8722.asm
                T2CONbits   0x000fca       data     extern E:\c18v3.46\pic18-lt\cxx-framework\src\extended\proc\p18f8722.asm
                      PR2   0x000fcb       data     extern E:\c18v3.46\pic18-lt\cxx-framework\src\extended\proc\p18f8722.asm
                     TMR2   0x000fcc       data     extern E:\c18v3.46\pic18-lt\cxx-framework\src\extended\proc\p18f8722.asm
                    T1CON   0x000fcd       data     extern E:\c18v3.46\pic18-lt\cxx-framework\src\extended\proc\p18f8722.asm
                T1CONbits   0x000fcd       data     extern E:\c18v3.46\pic18-lt\cxx-framework\src\extended\proc\p18f8722.asm
                    TMR1L   0x000fce       data     extern E:\c18v3.46\pic18-lt\cxx-framework\src\extended\proc\p18f8722.asm
                    TMR1H   0x000fcf       data     extern E:\c18v3.46\pic18-lt\cxx-framework\src\extended\proc\p18f8722.asm
                 RCONbits   0x000fd0       data     extern E:\c18v3.46\pic18-lt\cxx-framework\src\extended\proc\p18f8722.asm
                     RCON   0x000fd0       data     extern E:\c18v3.46\pic18-lt\cxx-framework\src\extended\proc\p18f8722.asm
                   WDTCON   0x000fd1       data     extern E:\c18v3.46\pic18-lt\cxx-framework\src\extended\proc\p18f8722.asm
               WDTCONbits   0x000fd1       data     extern E:\c18v3.46\pic18-lt\cxx-framework\src\extended\proc\p18f8722.asm
              HLVDCONbits   0x000fd2       data     extern E:\c18v3.46\pic18-lt\cxx-framework\src\extended\proc\p18f8722.asm
                  HLVDCON   0x000fd2       data     extern E:\c18v3.46\pic18-lt\cxx-framework\src\extended\proc\p18f8722.asm
                   LVDCON   0x000fd2       data     extern E:\c18v3.46\pic18-lt\cxx-framework\src\extended\proc\p18f8722.asm
               LVDCONbits   0x000fd2       data     extern E:\c18v3.46\pic18-lt\cxx-framework\src\extended\proc\p18f8722.asm
               OSCCONbits   0x000fd3       data     extern E:\c18v3.46\pic18-lt\cxx-framework\src\extended\proc\p18f8722.asm
                   OSCCON   0x000fd3       data     extern E:\c18v3.46\pic18-lt\cxx-framework\src\extended\proc\p18f8722.asm
                T0CONbits   0x000fd5       data     extern E:\c18v3.46\pic18-lt\cxx-framework\src\extended\proc\p18f8722.asm
                    T0CON   0x000fd5       data     extern E:\c18v3.46\pic18-lt\cxx-framework\src\extended\proc\p18f8722.asm
                    TMR0L   0x000fd6       data     extern E:\c18v3.46\pic18-lt\cxx-framework\src\extended\proc\p18f8722.asm
                    TMR0H   0x000fd7       data     extern E:\c18v3.46\pic18-lt\cxx-framework\src\extended\proc\p18f8722.asm
                   STATUS   0x000fd8       data     extern E:\c18v3.46\pic18-lt\cxx-framework\src\extended\proc\p18f8722.asm
               STATUSbits   0x000fd8       data     extern E:\c18v3.46\pic18-lt\cxx-framework\src\extended\proc\p18f8722.asm
                    FSR2L   0x000fd9       data     extern E:\c18v3.46\pic18-lt\cxx-framework\src\extended\proc\p18f8722.asm
                     FSR2   0x000fd9       data     extern E:\c18v3.46\pic18-lt\cxx-framework\src\extended\proc\p18f8722.asm
                    FSR2H   0x000fda       data     extern E:\c18v3.46\pic18-lt\cxx-framework\src\extended\proc\p18f8722.asm
                   PLUSW2   0x000fdb       data     extern E:\c18v3.46\pic18-lt\cxx-framework\src\extended\proc\p18f8722.asm
                  PREINC2   0x000fdc       data     extern E:\c18v3.46\pic18-lt\cxx-framework\src\extended\proc\p18f8722.asm
                 POSTDEC2   0x000fdd       data     extern E:\c18v3.46\pic18-lt\cxx-framework\src\extended\proc\p18f8722.asm
                 POSTINC2   0x000fde       data     extern E:\c18v3.46\pic18-lt\cxx-framework\src\extended\proc\p18f8722.asm
                    INDF2   0x000fdf       data     extern E:\c18v3.46\pic18-lt\cxx-framework\src\extended\proc\p18f8722.asm
                      BSR   0x000fe0       data     extern E:\c18v3.46\pic18-lt\cxx-framework\src\extended\proc\p18f8722.asm
                     FSR1   0x000fe1       data     extern E:\c18v3.46\pic18-lt\cxx-framework\src\extended\proc\p18f8722.asm
                    FSR1L   0x000fe1       data     extern E:\c18v3.46\pic18-lt\cxx-framework\src\extended\proc\p18f8722.asm
                    FSR1H   0x000fe2       data     extern E:\c18v3.46\pic18-lt\cxx-framework\src\extended\proc\p18f8722.asm
                   PLUSW1   0x000fe3       data     extern E:\c18v3.46\pic18-lt\cxx-framework\src\extended\proc\p18f8722.asm
                  PREINC1   0x000fe4       data     extern E:\c18v3.46\pic18-lt\cxx-framework\src\extended\proc\p18f8722.asm
                 POSTDEC1   0x000fe5       data     extern E:\c18v3.46\pic18-lt\cxx-framework\src\extended\proc\p18f8722.asm
                 POSTINC1   0x000fe6       data     extern E:\c18v3.46\pic18-lt\cxx-framework\src\extended\proc\p18f8722.asm
                    INDF1   0x000fe7       data     extern E:\c18v3.46\pic18-lt\cxx-framework\src\extended\proc\p18f8722.asm
                     WREG   0x000fe8       data     extern E:\c18v3.46\pic18-lt\cxx-framework\src\extended\proc\p18f8722.asm
                    FSR0L   0x000fe9       data     extern E:\c18v3.46\pic18-lt\cxx-framework\src\extended\proc\p18f8722.asm
                     FSR0   0x000fe9       data     extern E:\c18v3.46\pic18-lt\cxx-framework\src\extended\proc\p18f8722.asm
                    FSR0H   0x000fea       data     extern E:\c18v3.46\pic18-lt\cxx-framework\src\extended\proc\p18f8722.asm
                   PLUSW0   0x000feb       data     extern E:\c18v3.46\pic18-lt\cxx-framework\src\extended\proc\p18f8722.asm
                  PREINC0   0x000fec       data     extern E:\c18v3.46\pic18-lt\cxx-framework\src\extended\proc\p18f8722.asm
                 POSTDEC0   0x000fed       data     extern E:\c18v3.46\pic18-lt\cxx-framework\src\extended\proc\p18f8722.asm
                 POSTINC0   0x000fee       data     extern E:\c18v3.46\pic18-lt\cxx-framework\src\extended\proc\p18f8722.asm
                    INDF0   0x000fef       data     extern E:\c18v3.46\pic18-lt\cxx-framework\src\extended\proc\p18f8722.asm
              INTCON3bits   0x000ff0       data     extern E:\c18v3.46\pic18-lt\cxx-framework\src\extended\proc\p18f8722.asm
                  INTCON3   0x000ff0       data     extern E:\c18v3.46\pic18-lt\cxx-framework\src\extended\proc\p18f8722.asm
              INTCON2bits   0x000ff1       data     extern E:\c18v3.46\pic18-lt\cxx-framework\src\extended\proc\p18f8722.asm
                  INTCON2   0x000ff1       data     extern E:\c18v3.46\pic18-lt\cxx-framework\src\extended\proc\p18f8722.asm
                   INTCON   0x000ff2       data     extern E:\c18v3.46\pic18-lt\cxx-framework\src\extended\proc\p18f8722.asm
               INTCONbits   0x000ff2       data     extern E:\c18v3.46\pic18-lt\cxx-framework\src\extended\proc\p18f8722.asm
                     PROD   0x000ff3       data     extern E:\c18v3.46\pic18-lt\cxx-framework\src\extended\proc\p18f8722.asm
                    PRODL   0x000ff3       data     extern E:\c18v3.46\pic18-lt\cxx-framework\src\extended\proc\p18f8722.asm
                    PRODH   0x000ff4       data     extern E:\c18v3.46\pic18-lt\cxx-framework\src\extended\proc\p18f8722.asm
                   TABLAT   0x000ff5       data     extern E:\c18v3.46\pic18-lt\cxx-framework\src\extended\proc\p18f8722.asm
                   TBLPTR   0x000ff6       data     extern E:\c18v3.46\pic18-lt\cxx-framework\src\extended\proc\p18f8722.asm
                  TBLPTRL   0x000ff6       data     extern E:\c18v3.46\pic18-lt\cxx-framework\src\extended\proc\p18f8722.asm
                  TBLPTRH   0x000ff7       data     extern E:\c18v3.46\pic18-lt\cxx-framework\src\extended\proc\p18f8722.asm
                  TBLPTRU   0x000ff8       data     extern E:\c18v3.46\pic18-lt\cxx-framework\src\extended\proc\p18f8722.asm
                      PCL   0x000ff9       data     extern E:\c18v3.46\pic18-lt\cxx-framework\src\extended\proc\p18f8722.asm
                       PC   0x000ff9       data     extern E:\c18v3.46\pic18-lt\cxx-framework\src\extended\proc\p18f8722.asm
                   PCLATH   0x000ffa       data     extern E:\c18v3.46\pic18-lt\cxx-framework\src\extended\proc\p18f8722.asm
                   PCLATU   0x000ffb       data     extern E:\c18v3.46\pic18-lt\cxx-framework\src\extended\proc\p18f8722.asm
               STKPTRbits   0x000ffc       data     extern E:\c18v3.46\pic18-lt\cxx-framework\src\extended\proc\p18f8722.asm
                   STKPTR   0x000ffc       data     extern E:\c18v3.46\pic18-lt\cxx-framework\src\extended\proc\p18f8722.asm
                      TOS   0x000ffd       data     extern E:\c18v3.46\pic18-lt\cxx-framework\src\extended\proc\p18f8722.asm
                     TOSL   0x000ffd       data     extern E:\c18v3.46\pic18-lt\cxx-framework\src\extended\proc\p18f8722.asm
                     TOSH   0x000ffe       data     extern E:\c18v3.46\pic18-lt\cxx-framework\src\extended\proc\p18f8722.asm
                     TOSU   0x000fff       data     extern E:\c18v3.46\pic18-lt\cxx-framework\src\extended\proc\p18f8722.asm


